Archive member included to satisfy reference by file (symbol)

C:\Users\Emilie1\Documents\MCUXpressoIDE_10.0.2_411\workspace\lpc_board_ea_devkit_4088\Debug\liblpc_board_ea_devkit_4088.a(board_sysinit.o)
                              ./example/src/sysinit.o (Board_SystemInit)
C:\Users\Emilie1\Documents\MCUXpressoIDE_10.0.2_411\workspace\lpc_chip_40xx\Debug\liblpc_chip_40xx.a(chip_17xx_40xx.o)
                              ./freertos/src/port.o (SystemCoreClock)
C:\Users\Emilie1\Documents\MCUXpressoIDE_10.0.2_411\workspace\lpc_chip_40xx\Debug\liblpc_chip_40xx.a(clock_17xx_40xx.o)
                              C:\Users\Emilie1\Documents\MCUXpressoIDE_10.0.2_411\workspace\lpc_chip_40xx\Debug\liblpc_chip_40xx.a(chip_17xx_40xx.o) (Chip_Clock_SetupPLL)
C:\Users\Emilie1\Documents\MCUXpressoIDE_10.0.2_411\workspace\lpc_chip_40xx\Debug\liblpc_chip_40xx.a(emc_17xx_40xx.o)
                              C:\Users\Emilie1\Documents\MCUXpressoIDE_10.0.2_411\workspace\lpc_board_ea_devkit_4088\Debug\liblpc_board_ea_devkit_4088.a(board_sysinit.o) (Chip_EMC_Dynamic_Init)
C:\Users\Emilie1\Documents\MCUXpressoIDE_10.0.2_411\workspace\lpc_chip_40xx\Debug\liblpc_chip_40xx.a(fpu_init.o)
                              ./example/src/sysinit.o (fpuInit)
C:\Users\Emilie1\Documents\MCUXpressoIDE_10.0.2_411\workspace\lpc_chip_40xx\Debug\liblpc_chip_40xx.a(iocon_17xx_40xx.o)
                              C:\Users\Emilie1\Documents\MCUXpressoIDE_10.0.2_411\workspace\lpc_board_ea_devkit_4088\Debug\liblpc_board_ea_devkit_4088.a(board_sysinit.o) (Chip_IOCON_SetPinMuxing)
C:\Users\Emilie1\Documents\MCUXpressoIDE_10.0.2_411\workspace\lpc_chip_40xx\Debug\liblpc_chip_40xx.a(sysctl_17xx_40xx.o)
                              C:\Users\Emilie1\Documents\MCUXpressoIDE_10.0.2_411\workspace\lpc_board_ea_devkit_4088\Debug\liblpc_board_ea_devkit_4088.a(board_sysinit.o) (Chip_SYSCTL_PeriphReset)
C:\Users\Emilie1\Documents\MCUXpressoIDE_10.0.2_411\workspace\lpc_chip_40xx\Debug\liblpc_chip_40xx.a(sysinit_17xx_40xx.o)
                              C:\Users\Emilie1\Documents\MCUXpressoIDE_10.0.2_411\workspace\lpc_board_ea_devkit_4088\Debug\liblpc_board_ea_devkit_4088.a(board_sysinit.o) (Chip_SetupXtalClocking)
c:/nxp/mcuxpressoide_10.0.2_411/ide/tools/bin/../lib/gcc/arm-none-eabi/5.4.1/../../../../arm-none-eabi/lib/armv7e-m/softfp\libcr_semihost.a(__ciob.o)
                              ./example/src/freertos_queue.o (__Ciob)
c:/nxp/mcuxpressoide_10.0.2_411/ide/tools/bin/../lib/gcc/arm-none-eabi/5.4.1/../../../../arm-none-eabi/lib/armv7e-m/softfp\libcr_semihost.a(_cr__main.o)
                              ./example/src/cr_startup_lpc40xx.o (__main)
c:/nxp/mcuxpressoide_10.0.2_411/ide/tools/bin/../lib/gcc/arm-none-eabi/5.4.1/../../../../arm-none-eabi/lib/armv7e-m/softfp\libcr_c.a(memcpy.o)
                              ./freertos/src/queue.o (memcpy)
c:/nxp/mcuxpressoide_10.0.2_411/ide/tools/bin/../lib/gcc/arm-none-eabi/5.4.1/../../../../arm-none-eabi/lib/armv7e-m/softfp\libcr_c.a(memset.o)
                              ./freertos/src/tasks.o (memset)
c:/nxp/mcuxpressoide_10.0.2_411/ide/tools/bin/../lib/gcc/arm-none-eabi/5.4.1/../../../../arm-none-eabi/lib/armv7e-m/softfp\libcr_c.a(alloc.o)
                              ./freertos/src/heap_3.o (malloc)
c:/nxp/mcuxpressoide_10.0.2_411/ide/tools/bin/../lib/gcc/arm-none-eabi/5.4.1/../../../../arm-none-eabi/lib/armv7e-m/softfp\libcr_c.a(fpprintf.o)
                              ./freertos/src/FreeRTOSCommonHooks.o (printf)
c:/nxp/mcuxpressoide_10.0.2_411/ide/tools/bin/../lib/gcc/arm-none-eabi/5.4.1/../../../../arm-none-eabi/lib/armv7e-m/softfp\libcr_c.a(initio.o)
                              c:/nxp/mcuxpressoide_10.0.2_411/ide/tools/bin/../lib/gcc/arm-none-eabi/5.4.1/../../../../arm-none-eabi/lib/armv7e-m/softfp\libcr_semihost.a(_cr__main.o) (_initio)
c:/nxp/mcuxpressoide_10.0.2_411/ide/tools/bin/../lib/gcc/arm-none-eabi/5.4.1/../../../../arm-none-eabi/lib/armv7e-m/softfp\libcr_c.a(printf.o)
                              c:/nxp/mcuxpressoide_10.0.2_411/ide/tools/bin/../lib/gcc/arm-none-eabi/5.4.1/../../../../arm-none-eabi/lib/armv7e-m/softfp\libcr_c.a(fpprintf.o) (__vfprintf)
c:/nxp/mcuxpressoide_10.0.2_411/ide/tools/bin/../lib/gcc/arm-none-eabi/5.4.1/../../../../arm-none-eabi/lib/armv7e-m/softfp\libcr_c.a(puts.o)
                              ./example/src/freertos_queue.o (puts)
c:/nxp/mcuxpressoide_10.0.2_411/ide/tools/bin/../lib/gcc/arm-none-eabi/5.4.1/../../../../arm-none-eabi/lib/armv7e-m/softfp\libcr_c.a(setvbuf.o)
                              ./example/src/freertos_queue.o (setvbuf)
c:/nxp/mcuxpressoide_10.0.2_411/ide/tools/bin/../lib/gcc/arm-none-eabi/5.4.1/../../../../arm-none-eabi/lib/armv7e-m/softfp\libcr_c.a(strlen.o)
                              c:/nxp/mcuxpressoide_10.0.2_411/ide/tools/bin/../lib/gcc/arm-none-eabi/5.4.1/../../../../arm-none-eabi/lib/armv7e-m/softfp\libcr_c.a(printf.o) (strlen)
[...]
Memory Configuration

Name             Origin             Length             Attributes
MFlash512        0x00000000         0x00080000         xr
RamLoc64         0x10000000         0x00010000         xrw
RamPeriph32      0x20000000         0x00008000         xrw
*default*        0x00000000         0xffffffff

Linker script and memory map

LOAD ./freertos/src/FreeRTOSCommonHooks.o
LOAD ./freertos/src/heap_3.o
LOAD ./freertos/src/list.o
LOAD ./freertos/src/port.o
LOAD ./freertos/src/queue.o
LOAD ./freertos/src/tasks.o
LOAD ./example/src/cr_startup_lpc40xx.o
LOAD ./example/src/freertos_queue.o
LOAD ./example/src/sysinit.o
LOAD C:\Users\Emilie1\Documents\MCUXpressoIDE_10.0.2_411\workspace\lpc_board_ea_devkit_4088\Debug\liblpc_board_ea_devkit_4088.a
LOAD C:\Users\Emilie1\Documents\MCUXpressoIDE_10.0.2_411\workspace\lpc_chip_40xx\Debug\liblpc_chip_40xx.a
START GROUP
LOAD c:/nxp/mcuxpressoide_10.0.2_411/ide/tools/bin/../lib/gcc/arm-none-eabi/5.4.1/../../../../arm-none-eabi/lib/armv7e-m/softfp\libcr_semihost.a
LOAD c:/nxp/mcuxpressoide_10.0.2_411/ide/tools/bin/../lib/gcc/arm-none-eabi/5.4.1/../../../../arm-none-eabi/lib/armv7e-m/softfp\libcr_c.a
LOAD c:/nxp/mcuxpressoide_10.0.2_411/ide/tools/bin/../lib/gcc/arm-none-eabi/5.4.1/armv7e-m/softfp\libcr_eabihelpers.a
END GROUP
                0x00000000                __base_MFlash512 = 0x0
                0x00000000                __base_Flash = 0x0
                0x00080000                __top_MFlash512 = 0x80000
                0x00080000                __top_Flash = 0x80000
                0x10000000                __base_RamLoc64 = 0x10000000
                0x10000000                __base_RAM = 0x10000000
                0x10010000                __top_RamLoc64 = 0x10010000
                0x10010000                __top_RAM = 0x10010000
                0x20000000                __base_RamPeriph32 = 0x20000000
                0x20000000                __base_RAM2 = 0x20000000
                0x20008000                __top_RamPeriph32 = 0x20008000
                0x20008000                __top_RAM2 = 0x20008000

.text           0x00000000     0x51f0
 FILL mask 0xff
                0x00000000                __vectors_start__ = ABSOLUTE (.)
 *(.isr_vector)
 .isr_vector    0x00000000       0xe4 ./example/src/cr_startup_lpc40xx.o
                0x00000000                g_pfnVectors
                0x000000e4                . = ALIGN (0x4)
                0x000000e4                __section_table_start = .
                0x000000e4                __data_section_table = .
                0x000000e4        0x4 LONG 0x51f0 LOADADDR (.data)
                0x000000e8        0x4 LONG 0x10000000 ADDR (.data)
                0x000000ec        0x4 LONG 0x8 SIZEOF (.data)
                0x000000f0        0x4 LONG 0x51f0 LOADADDR (.data_RAM2)
                0x000000f4        0x4 LONG 0x20000000 ADDR (.data_RAM2)
                0x000000f8        0x4 LONG 0x0 SIZEOF (.data_RAM2)
                0x000000fc                __data_section_table_end = .
                0x000000fc                __bss_section_table = .
                0x000000fc        0x4 LONG 0x10000008 ADDR (.bss)
                0x00000100        0x4 LONG 0x338 SIZEOF (.bss)
                0x00000104        0x4 LONG 0x20000000 ADDR (.bss_RAM2)
                0x00000108        0x4 LONG 0x0 SIZEOF (.bss_RAM2)
                0x0000010c                __bss_section_table_end = .
                0x0000010c                __section_table_end = .
 *(.after_vectors*)
 .after_vectors
                0x0000010c      0x168 ./example/src/cr_startup_lpc40xx.o
                0x0000010c                data_init
                0x00000150                bss_init
                0x00000188                ResetISR
                0x00000220                NMI_Handler
                0x00000228                HardFault_Handler
                0x00000230                MemManage_Handler
                0x00000238                BusFault_Handler
                0x00000240                UsageFault_Handler
                0x00000250                DebugMon_Handler
                0x00000268                USBActivity_IRQHandler
                0x00000268                I2C1_IRQHandler
                0x00000268                EINT2_IRQHandler
                0x00000268                UART1_IRQHandler
                0x00000268                SDIO_IRQHandler
                0x00000268                CANActivity_IRQHandler
                0x00000268                TIMER3_IRQHandler
                0x00000268                UART0_IRQHandler
                0x00000268                I2C0_IRQHandler
                0x00000268                EINT3_IRQHandler
                0x00000268                IntDefaultHandler
                0x00000268                PLL0_IRQHandler
                0x00000268                CAN_IRQHandler
                0x00000268                PLL1_IRQHandler
                0x00000268                SSP0_IRQHandler
                0x00000268                RIT_IRQHandler
                0x00000268                I2C2_IRQHandler
                0x00000268                RTC_IRQHandler
                0x00000268                TIMER0_IRQHandler
                0x00000268                SPI_IRQHandler
                0x00000268                LCD_IRQHandler
                0x00000268                PWM1_IRQHandler
                0x00000268                EINT1_IRQHandler
                0x00000268                TIMER1_IRQHandler
                0x00000268                UART2_IRQHandler
                0x00000268                UART4_IRQHandler
                0x00000268                ADC_IRQHandler
                0x00000268                SSP1_IRQHandler
                0x00000268                USB_IRQHandler
                0x00000268                BOD_IRQHandler
                0x00000268                TIMER2_IRQHandler
                0x00000268                WDT_IRQHandler
                0x00000268                QEI_IRQHandler
                0x00000268                EINT0_IRQHandler
                0x00000268                ETH_IRQHandler
                0x00000268                PWM0_IRQHandler
                0x00000268                SSP2_IRQHandler
                0x00000268                EEPROM_IRQHandler
                0x00000268                I2S_IRQHandler
                0x00000268                DMA_IRQHandler
                0x00000268                GPIO_IRQHandler
                0x00000268                UART3_IRQHandler
                0x00000268                MCPWM_IRQHandler
 *(.text*)
 .text.vApplicationIdleHook
                0x00000274       0x24 ./freertos/src/FreeRTOSCommonHooks.o
                0x00000274                vApplicationIdleHook
 .text.pvPortMalloc
                0x00000298       0x24 ./freertos/src/heap_3.o
                0x00000298                pvPortMalloc
 .text.vPortFree
                0x000002bc       0x24 ./freertos/src/heap_3.o
                0x000002bc                vPortFree
 .text.vListInitialise
                0x000002e0       0x40 ./freertos/src/list.o
                0x000002e0                vListInitialise
 .text.vListInitialiseItem
                0x00000320       0x1c ./freertos/src/list.o
                0x00000320                vListInitialiseItem
 .text.vListInsertEnd
                0x0000033c       0x48 ./freertos/src/list.o
                0x0000033c                vListInsertEnd
 .text.vListInsert
                0x00000384       0x74 ./freertos/src/list.o
                0x00000384                vListInsert
 .text.uxListRemove
                0x000003f8       0x54 ./freertos/src/list.o
                0x000003f8                uxListRemove
 .text.pxPortInitialiseStack
                0x0000044c       0x64 ./freertos/src/port.o
                0x0000044c                pxPortInitialiseStack
 .text.prvTaskExitError
                0x000004b0        0xc ./freertos/src/port.o
 .text.SVC_Handler
                0x000004bc       0x20 ./freertos/src/port.o
                0x000004bc                SVC_Handler
 .text.prvPortStartFirstTask
                0x000004dc       0x18 ./freertos/src/port.o
 .text.xPortStartScheduler
                0x000004f4       0x4c ./freertos/src/port.o
                0x000004f4                xPortStartScheduler
 .text.vPortYield
                0x00000540       0x24 ./freertos/src/port.o
                0x00000540                vPortYield
 .text.vPortEnterCritical
                0x00000564       0x24 ./freertos/src/port.o
                0x00000564                vPortEnterCritical
 .text.vPortExitCritical
                0x00000588       0x24 ./freertos/src/port.o
                0x00000588                vPortExitCritical
 .text.ulPortSetInterruptMask
                0x000005ac       0x14 ./freertos/src/port.o
                0x000005ac                ulPortSetInterruptMask
 .text.vPortClearInterruptMask
                0x000005c0        0x8 ./freertos/src/port.o
                0x000005c0                vPortClearInterruptMask
 .text.PendSV_Handler
                0x000005c8       0x54 ./freertos/src/port.o
                0x000005c8                PendSV_Handler
 .text.SysTick_Handler
                0x0000061c       0x28 ./freertos/src/port.o
                0x0000061c                SysTick_Handler
 .text.vPortSuppressTicksAndSleep
                0x00000644      0x15c ./freertos/src/port.o
                0x00000644                vPortSuppressTicksAndSleep
 .text.vPortSetupTimerInterrupt
                0x000007a0       0x78 ./freertos/src/port.o
                0x000007a0                vPortSetupTimerInterrupt
 .text.vPortEnableVFP
                0x00000818       0x14 ./freertos/src/port.o
 .text.xQueueGenericReset
                0x0000082c       0xa4 ./freertos/src/queue.o
                0x0000082c                xQueueGenericReset
 .text.xQueueGenericCreate
                0x000008d0       0x78 ./freertos/src/queue.o
                0x000008d0                xQueueGenericCreate
 .text.xQueueGenericSend
                0x00000948      0x110 ./freertos/src/queue.o
                0x00000948                xQueueGenericSend
 .text.xQueueGenericReceive
                0x00000a58      0x16c ./freertos/src/queue.o
                0x00000a58                xQueueGenericReceive
 .text.prvCopyDataToQueue
                0x00000bc4       0xd0 ./freertos/src/queue.o
 .text.prvCopyDataFromQueue
                0x00000c94       0x4c ./freertos/src/queue.o
 .text.prvUnlockQueue
                0x00000ce0       0x98 ./freertos/src/queue.o
 .text.prvIsQueueEmpty
                0x00000d78       0x2c ./freertos/src/queue.o
 .text.prvIsQueueFull
                0x00000da4       0x30 ./freertos/src/queue.o
 .text.xTaskGenericCreate
                0x00000dd4      0x140 ./freertos/src/tasks.o
                0x00000dd4                xTaskGenericCreate
 .text.vTaskDelay
                0x00000f14       0x54 ./freertos/src/tasks.o
                0x00000f14                vTaskDelay
 .text.vTaskStartScheduler
                0x00000f68       0x58 ./freertos/src/tasks.o
                0x00000f68                vTaskStartScheduler
 .text.vTaskSuspendAll
                0x00000fc0       0x1c ./freertos/src/tasks.o
                0x00000fc0                vTaskSuspendAll
 .text.prvGetExpectedIdleTime
                0x00000fdc       0x50 ./freertos/src/tasks.o
 .text.xTaskResumeAll
                0x0000102c       0xfc ./freertos/src/tasks.o
                0x0000102c                xTaskResumeAll
 .text.vTaskStepTick
                0x00001128       0x24 ./freertos/src/tasks.o
                0x00001128                vTaskStepTick
 .text.xTaskIncrementTick
                0x0000114c      0x18c ./freertos/src/tasks.o
                0x0000114c                xTaskIncrementTick
 .text.vTaskSwitchContext
                0x000012d8       0x9c ./freertos/src/tasks.o
                0x000012d8                vTaskSwitchContext
 .text.vTaskPlaceOnEventList
                0x00001374       0x60 ./freertos/src/tasks.o
                0x00001374                vTaskPlaceOnEventList
 .text.xTaskRemoveFromEventList
                0x000013d4       0xac ./freertos/src/tasks.o
                0x000013d4                xTaskRemoveFromEventList
 .text.vTaskSetTimeOutState
                0x00001480       0x2c ./freertos/src/tasks.o
                0x00001480                vTaskSetTimeOutState
 .text.xTaskCheckForTimeOut
                0x000014ac       0x88 ./freertos/src/tasks.o
                0x000014ac                xTaskCheckForTimeOut
 .text.vTaskMissedYield
                0x00001534       0x18 ./freertos/src/tasks.o
                0x00001534                vTaskMissedYield
 .text.prvIdleTask
                0x0000154c       0x48 ./freertos/src/tasks.o
 .text.eTaskConfirmSleepModeStatus
                0x00001594       0x5c ./freertos/src/tasks.o
                0x00001594                eTaskConfirmSleepModeStatus
 .text.prvInitialiseTCBVariables
                0x000015f0       0x98 ./freertos/src/tasks.o
 .text.prvInitialiseTaskLists
                0x00001688       0x80 ./freertos/src/tasks.o
 .text.prvCheckTasksWaitingTermination
                0x00001708       0x78 ./freertos/src/tasks.o
 .text.prvAddCurrentTaskToDelayedList
                0x00001780       0x6c ./freertos/src/tasks.o
 .text.prvAllocateTCBAndStack
                0x000017ec       0x64 ./freertos/src/tasks.o
 .text.prvDeleteTCB
                0x00001850       0x20 ./freertos/src/tasks.o
 .text.xTaskGetCurrentTaskHandle
                0x00001870       0x20 ./freertos/src/tasks.o
                0x00001870                xTaskGetCurrentTaskHandle
 .text.vTaskPriorityInherit
                0x00001890       0xb4 ./freertos/src/tasks.o
                0x00001890                vTaskPriorityInherit
 .text.vTaskPriorityDisinherit
                0x00001944       0x7c ./freertos/src/tasks.o
                0x00001944                vTaskPriorityDisinherit
 .text.tx       0x000019c0       0x50 ./example/src/freertos_queue.o
                0x000019c0                tx
 .text.rx       0x00001a10       0x40 ./example/src/freertos_queue.o
                0x00001a10                rx
 .text.main     0x00001a50       0x98 ./example/src/freertos_queue.o
                0x00001a50                main
 .text.SystemInit
                0x00001ae8       0x28 ./example/src/sysinit.o
                0x00001ae8                SystemInit
 .text.Chip_SYSCTL_EnableBoost
                0x00001b10       0x1c C:\Users\Emilie1\Documents\MCUXpressoIDE_10.0.2_411\workspace\lpc_board_ea_devkit_4088\Debug\liblpc_board_ea_devkit_4088.a(board_sysinit.o)
 .text.Chip_Clock_SetEMCClockDiv
                0x00001b2c       0x24 C:\Users\Emilie1\Documents\MCUXpressoIDE_10.0.2_411\workspace\lpc_board_ea_devkit_4088\Debug\liblpc_board_ea_devkit_4088.a(board_sysinit.o)
 .text.Chip_IOCON_PinMuxSet
                0x00001b50       0x30 C:\Users\Emilie1\Documents\MCUXpressoIDE_10.0.2_411\workspace\lpc_board_ea_devkit_4088\Debug\liblpc_board_ea_devkit_4088.a(board_sysinit.o)
 .text.Board_SetupMuxing
                0x00001b80       0x84 C:\Users\Emilie1\Documents\MCUXpressoIDE_10.0.2_411\workspace\lpc_board_ea_devkit_4088\Debug\liblpc_board_ea_devkit_4088.a(board_sysinit.o)
                0x00001b80                Board_SetupMuxing
 .text.Board_SetupClocking
                0x00001c04       0x1c C:\Users\Emilie1\Documents\MCUXpressoIDE_10.0.2_411\workspace\lpc_board_ea_devkit_4088\Debug\liblpc_board_ea_devkit_4088.a(board_sysinit.o)
                0x00001c04                Board_SetupClocking
 .text.Board_SetupExtMemory
                0x00001c20       0x5c C:\Users\Emilie1\Documents\MCUXpressoIDE_10.0.2_411\workspace\lpc_board_ea_devkit_4088\Debug\liblpc_board_ea_devkit_4088.a(board_sysinit.o)
                0x00001c20                Board_SetupExtMemory
 .text.Board_SystemInit
                0x00001c7c       0x14 C:\Users\Emilie1\Documents\MCUXpressoIDE_10.0.2_411\workspace\lpc_board_ea_devkit_4088\Debug\liblpc_board_ea_devkit_4088.a(board_sysinit.o)
                0x00001c7c                Board_SystemInit
 .text.Chip_Clock_IsMainPLLEnabled
                0x00001c90       0x28 C:\Users\Emilie1\Documents\MCUXpressoIDE_10.0.2_411\workspace\lpc_chip_40xx\Debug\liblpc_chip_40xx.a(clock_17xx_40xx.o)
 .text.Chip_Clock_FeedPLL
                0x00001cb8       0x38 C:\Users\Emilie1\Documents\MCUXpressoIDE_10.0.2_411\workspace\lpc_chip_40xx\Debug\liblpc_chip_40xx.a(clock_17xx_40xx.o)
 .text.Chip_Clock_GetMainPLLSource
                0x00001cf0       0x20 C:\Users\Emilie1\Documents\MCUXpressoIDE_10.0.2_411\workspace\lpc_chip_40xx\Debug\liblpc_chip_40xx.a(clock_17xx_40xx.o)
 .text.Chip_Clock_GetMainOscRate
                0x00001d10       0x14 C:\Users\Emilie1\Documents\MCUXpressoIDE_10.0.2_411\workspace\lpc_chip_40xx\Debug\liblpc_chip_40xx.a(clock_17xx_40xx.o)
 .text.Chip_Clock_GetIntOscRate
                0x00001d24       0x14 C:\Users\Emilie1\Documents\MCUXpressoIDE_10.0.2_411\workspace\lpc_chip_40xx\Debug\liblpc_chip_40xx.a(clock_17xx_40xx.o)
 .text.Chip_Clock_GetMainPLLInClockRate
                0x00001d38       0x10 C:\Users\Emilie1\Documents\MCUXpressoIDE_10.0.2_411\workspace\lpc_chip_40xx\Debug\liblpc_chip_40xx.a(clock_17xx_40xx.o)
 .text.Chip_Clock_EnablePLL
                0x00001d48       0x44 C:\Users\Emilie1\Documents\MCUXpressoIDE_10.0.2_411\workspace\lpc_chip_40xx\Debug\liblpc_chip_40xx.a(clock_17xx_40xx.o)
                0x00001d48                Chip_Clock_EnablePLL
 .text.Chip_Clock_DisablePLL
                0x00001d8c       0x48 C:\Users\Emilie1\Documents\MCUXpressoIDE_10.0.2_411\workspace\lpc_chip_40xx\Debug\liblpc_chip_40xx.a(clock_17xx_40xx.o)
                0x00001d8c                Chip_Clock_DisablePLL
 .text.Chip_Clock_SetupPLL
                0x00001dd4       0x4c C:\Users\Emilie1\Documents\MCUXpressoIDE_10.0.2_411\workspace\lpc_chip_40xx\Debug\liblpc_chip_40xx.a(clock_17xx_40xx.o)
                0x00001dd4                Chip_Clock_SetupPLL
 .text.Chip_Clock_EnablePeriphClock
                0x00001e20       0x54 C:\Users\Emilie1\Documents\MCUXpressoIDE_10.0.2_411\workspace\lpc_chip_40xx\Debug\liblpc_chip_40xx.a(clock_17xx_40xx.o)
                0x00001e20                Chip_Clock_EnablePeriphClock
 .text.Chip_Clock_SetCPUClockSource
                0x00001e74       0x44 C:\Users\Emilie1\Documents\MCUXpressoIDE_10.0.2_411\workspace\lpc_chip_40xx\Debug\liblpc_chip_40xx.a(clock_17xx_40xx.o)
                0x00001e74                Chip_Clock_SetCPUClockSource
 .text.Chip_Clock_GetCPUClockSource
                0x00001eb8       0x30 C:\Users\Emilie1\Documents\MCUXpressoIDE_10.0.2_411\workspace\lpc_chip_40xx\Debug\liblpc_chip_40xx.a(clock_17xx_40xx.o)
                0x00001eb8                Chip_Clock_GetCPUClockSource
 .text.Chip_Clock_SetCPUClockDiv
                0x00001ee8       0x30 C:\Users\Emilie1\Documents\MCUXpressoIDE_10.0.2_411\workspace\lpc_chip_40xx\Debug\liblpc_chip_40xx.a(clock_17xx_40xx.o)
                0x00001ee8                Chip_Clock_SetCPUClockDiv
 .text.Chip_Clock_GetCPUClockDiv
                0x00001f18       0x1c C:\Users\Emilie1\Documents\MCUXpressoIDE_10.0.2_411\workspace\lpc_chip_40xx\Debug\liblpc_chip_40xx.a(clock_17xx_40xx.o)
                0x00001f18                Chip_Clock_GetCPUClockDiv
 .text.Chip_Clock_GetSYSCLKRate
                0x00001f34       0x2c C:\Users\Emilie1\Documents\MCUXpressoIDE_10.0.2_411\workspace\lpc_chip_40xx\Debug\liblpc_chip_40xx.a(clock_17xx_40xx.o)
                0x00001f34                Chip_Clock_GetSYSCLKRate
 .text.Chip_Clock_GetMainPLLOutClockRate
                0x00001f60       0x40 C:\Users\Emilie1\Documents\MCUXpressoIDE_10.0.2_411\workspace\lpc_chip_40xx\Debug\liblpc_chip_40xx.a(clock_17xx_40xx.o)
                0x00001f60                Chip_Clock_GetMainPLLOutClockRate
 .text.Chip_Clock_GetMainClockRate
                0x00001fa0       0x28 C:\Users\Emilie1\Documents\MCUXpressoIDE_10.0.2_411\workspace\lpc_chip_40xx\Debug\liblpc_chip_40xx.a(clock_17xx_40xx.o)
                0x00001fa0                Chip_Clock_GetMainClockRate
 .text.Chip_Clock_GetSystemClockRate
                0x00001fc8       0x18 C:\Users\Emilie1\Documents\MCUXpressoIDE_10.0.2_411\workspace\lpc_chip_40xx\Debug\liblpc_chip_40xx.a(clock_17xx_40xx.o)
                0x00001fc8                Chip_Clock_GetSystemClockRate
 .text.Chip_Clock_SetSPIFIClockSource
                0x00001fe0       0x34 C:\Users\Emilie1\Documents\MCUXpressoIDE_10.0.2_411\workspace\lpc_chip_40xx\Debug\liblpc_chip_40xx.a(clock_17xx_40xx.o)
                0x00001fe0                Chip_Clock_SetSPIFIClockSource
 .text.Chip_Clock_SetSPIFIClockDiv
                0x00002014       0x30 C:\Users\Emilie1\Documents\MCUXpressoIDE_10.0.2_411\workspace\lpc_chip_40xx\Debug\liblpc_chip_40xx.a(clock_17xx_40xx.o)
                0x00002014                Chip_Clock_SetSPIFIClockDiv
 .text.Chip_Clock_GetEMCClockDiv
                0x00002044       0x1c C:\Users\Emilie1\Documents\MCUXpressoIDE_10.0.2_411\workspace\lpc_chip_40xx\Debug\liblpc_chip_40xx.a(emc_17xx_40xx.o)
 .text.Chip_Clock_GetEMCClockRate
                0x00002060       0x18 C:\Users\Emilie1\Documents\MCUXpressoIDE_10.0.2_411\workspace\lpc_chip_40xx\Debug\liblpc_chip_40xx.a(emc_17xx_40xx.o)
 .text.convertTimmingParam
                0x00002078       0x6c C:\Users\Emilie1\Documents\MCUXpressoIDE_10.0.2_411\workspace\lpc_chip_40xx\Debug\liblpc_chip_40xx.a(emc_17xx_40xx.o)
 .text.getColsLen
                0x000020e4       0x50 C:\Users\Emilie1\Documents\MCUXpressoIDE_10.0.2_411\workspace\lpc_chip_40xx\Debug\liblpc_chip_40xx.a(emc_17xx_40xx.o)
 .text.initDynMem
                0x00002134      0x294 C:\Users\Emilie1\Documents\MCUXpressoIDE_10.0.2_411\workspace\lpc_chip_40xx\Debug\liblpc_chip_40xx.a(emc_17xx_40xx.o)
                0x00002134                initDynMem
 .text.initStaticMem
                0x000023c8       0xb0 C:\Users\Emilie1\Documents\MCUXpressoIDE_10.0.2_411\workspace\lpc_chip_40xx\Debug\liblpc_chip_40xx.a(emc_17xx_40xx.o)
                0x000023c8                initStaticMem
 .text.Chip_EMC_Dynamic_Init
                0x00002478       0x24 C:\Users\Emilie1\Documents\MCUXpressoIDE_10.0.2_411\workspace\lpc_chip_40xx\Debug\liblpc_chip_40xx.a(emc_17xx_40xx.o)
                0x00002478                Chip_EMC_Dynamic_Init
 .text.Chip_EMC_Static_Init
                0x0000249c       0x24 C:\Users\Emilie1\Documents\MCUXpressoIDE_10.0.2_411\workspace\lpc_chip_40xx\Debug\liblpc_chip_40xx.a(emc_17xx_40xx.o)
                0x0000249c                Chip_EMC_Static_Init
 .text.Chip_EMC_Init
                0x000024c0       0x50 C:\Users\Emilie1\Documents\MCUXpressoIDE_10.0.2_411\workspace\lpc_chip_40xx\Debug\liblpc_chip_40xx.a(emc_17xx_40xx.o)
                0x000024c0                Chip_EMC_Init
 .text.fpuInit  0x00002510       0x74 C:\Users\Emilie1\Documents\MCUXpressoIDE_10.0.2_411\workspace\lpc_chip_40xx\Debug\liblpc_chip_40xx.a(fpu_init.o)
                0x00002510                fpuInit
 .text.Chip_IOCON_PinMuxSet
                0x00002584       0x30 C:\Users\Emilie1\Documents\MCUXpressoIDE_10.0.2_411\workspace\lpc_chip_40xx\Debug\liblpc_chip_40xx.a(iocon_17xx_40xx.o)
 .text.Chip_IOCON_SetPinMuxing
                0x000025b4       0x64 C:\Users\Emilie1\Documents\MCUXpressoIDE_10.0.2_411\workspace\lpc_chip_40xx\Debug\liblpc_chip_40xx.a(iocon_17xx_40xx.o)
                0x000025b4                Chip_IOCON_SetPinMuxing
 .text.Chip_SYSCTL_PeriphReset
                0x00002618       0x68 C:\Users\Emilie1\Documents\MCUXpressoIDE_10.0.2_411\workspace\lpc_chip_40xx\Debug\liblpc_chip_40xx.a(sysctl_17xx_40xx.o)
                0x00002618                Chip_SYSCTL_PeriphReset
 .text.Chip_Clock_IsMainPLLEnabled
                0x00002680       0x28 C:\Users\Emilie1\Documents\MCUXpressoIDE_10.0.2_411\workspace\lpc_chip_40xx\Debug\liblpc_chip_40xx.a(sysinit_17xx_40xx.o)
 .text.Chip_Clock_IsMainPLLLocked
                0x000026a8       0x28 C:\Users\Emilie1\Documents\MCUXpressoIDE_10.0.2_411\workspace\lpc_chip_40xx\Debug\liblpc_chip_40xx.a(sysinit_17xx_40xx.o)
 .text.Chip_Clock_EnableCrystal
                0x000026d0       0x24 C:\Users\Emilie1\Documents\MCUXpressoIDE_10.0.2_411\workspace\lpc_chip_40xx\Debug\liblpc_chip_40xx.a(sysinit_17xx_40xx.o)
 .text.Chip_Clock_IsCrystalEnabled
                0x000026f4       0x28 C:\Users\Emilie1\Documents\MCUXpressoIDE_10.0.2_411\workspace\lpc_chip_40xx\Debug\liblpc_chip_40xx.a(sysinit_17xx_40xx.o)
 .text.Chip_Clock_SetMainPLLSource
                0x0000271c       0x24 C:\Users\Emilie1\Documents\MCUXpressoIDE_10.0.2_411\workspace\lpc_chip_40xx\Debug\liblpc_chip_40xx.a(sysinit_17xx_40xx.o)
 .text.Chip_Clock_SetPCLKDiv
                0x00002740       0x20 C:\Users\Emilie1\Documents\MCUXpressoIDE_10.0.2_411\workspace\lpc_chip_40xx\Debug\liblpc_chip_40xx.a(sysinit_17xx_40xx.o)
 .text.Chip_SetupXtalClocking
                0x00002760       0x84 C:\Users\Emilie1\Documents\MCUXpressoIDE_10.0.2_411\workspace\lpc_chip_40xx\Debug\liblpc_chip_40xx.a(sysinit_17xx_40xx.o)
                0x00002760                Chip_SetupXtalClocking
 .text.__main   0x000027e4        0xe c:/nxp/mcuxpressoide_10.0.2_411/ide/tools/bin/../lib/gcc/arm-none-eabi/5.4.1/../../../../arm-none-eabi/lib/armv7e-m/softfp\libcr_semihost.a(_cr__main.o)
                0x000027e4                __CR_SEMIHOST
                0x000027e4                __main
 .text.memcpy   0x000027f2        0x4 c:/nxp/mcuxpressoide_10.0.2_411/ide/tools/bin/../lib/gcc/arm-none-eabi/5.4.1/../../../../arm-none-eabi/lib/armv7e-m/softfp\libcr_c.a(memcpy.o)
                0x000027f2                memcpy
 .text.memset   0x000027f6        0x4 c:/nxp/mcuxpressoide_10.0.2_411/ide/tools/bin/../lib/gcc/arm-none-eabi/5.4.1/../../../../arm-none-eabi/lib/armv7e-m/softfp\libcr_c.a(memset.o)
                0x000027f6                memset
 *fill*         0x000027fa        0x2 ff
 .text.malloc   0x000027fc       0xc8 c:/nxp/mcuxpressoide_10.0.2_411/ide/tools/bin/../lib/gcc/arm-none-eabi/5.4.1/../../../../arm-none-eabi/lib/armv7e-m/softfp\libcr_c.a(alloc.o)
                0x000027fc                malloc
 .text.free     0x000028c4       0x30 c:/nxp/mcuxpressoide_10.0.2_411/ide/tools/bin/../lib/gcc/arm-none-eabi/5.4.1/../../../../arm-none-eabi/lib/armv7e-m/softfp\libcr_c.a(alloc.o)
                0x000028c4                free
 .text._Csys_alloc
                0x000028f4       0x20 c:/nxp/mcuxpressoide_10.0.2_411/ide/tools/bin/../lib/gcc/arm-none-eabi/5.4.1/../../../../arm-none-eabi/lib/armv7e-m/softfp\libcr_c.a(alloc.o)
                0x000028f4                _Csys_alloc
 .text.fp_round
                0x00002914       0x4e c:/nxp/mcuxpressoide_10.0.2_411/ide/tools/bin/../lib/gcc/arm-none-eabi/5.4.1/../../../../arm-none-eabi/lib/armv7e-m/softfp\libcr_c.a(fpprintf.o)
 .text.pr_dec.constprop.1
                0x00002962       0x26 c:/nxp/mcuxpressoide_10.0.2_411/ide/tools/bin/../lib/gcc/arm-none-eabi/5.4.1/../../../../arm-none-eabi/lib/armv7e-m/softfp\libcr_c.a(fpprintf.o)
 .text.sprintf  0x00002988       0x6c c:/nxp/mcuxpressoide_10.0.2_411/ide/tools/bin/../lib/gcc/arm-none-eabi/5.4.1/../../../../arm-none-eabi/lib/armv7e-m/softfp\libcr_c.a(fpprintf.o)
                0x00002988                sprintf
 *fill*         0x000029f4        0x4 ff
 .text.fp_display
                0x000029f8      0x8f8 c:/nxp/mcuxpressoide_10.0.2_411/ide/tools/bin/../lib/gcc/arm-none-eabi/5.4.1/../../../../arm-none-eabi/lib/armv7e-m/softfp\libcr_c.a(fpprintf.o)
 .text.vsnprintf
                0x000032f0       0x5c c:/nxp/mcuxpressoide_10.0.2_411/ide/tools/bin/../lib/gcc/arm-none-eabi/5.4.1/../../../../arm-none-eabi/lib/armv7e-m/softfp\libcr_c.a(fpprintf.o)
                0x000032f0                vsnprintf
 .text.printf   0x0000334c       0x54 c:/nxp/mcuxpressoide_10.0.2_411/ide/tools/bin/../lib/gcc/arm-none-eabi/5.4.1/../../../../arm-none-eabi/lib/armv7e-m/softfp\libcr_c.a(fpprintf.o)
                0x0000334c                printf
 .text._initio  0x000033a0       0x78 c:/nxp/mcuxpressoide_10.0.2_411/ide/tools/bin/../lib/gcc/arm-none-eabi/5.4.1/../../../../arm-none-eabi/lib/armv7e-m/softfp\libcr_c.a(initio.o)
                0x000033a0                _initio
 .text.__vfprintf
                0x00003418      0xd48 c:/nxp/mcuxpressoide_10.0.2_411/ide/tools/bin/../lib/gcc/arm-none-eabi/5.4.1/../../../../arm-none-eabi/lib/armv7e-m/softfp\libcr_c.a(printf.o)
                0x00003418                __vfprintf
 .text.puts     0x00004160       0x34 c:/nxp/mcuxpressoide_10.0.2_411/ide/tools/bin/../lib/gcc/arm-none-eabi/5.4.1/../../../../arm-none-eabi/lib/armv7e-m/softfp\libcr_c.a(puts.o)
                0x00004160                puts
 .text.setvbuf  0x00004194       0x44 c:/nxp/mcuxpressoide_10.0.2_411/ide/tools/bin/../lib/gcc/arm-none-eabi/5.4.1/../../../../arm-none-eabi/lib/armv7e-m/softfp\libcr_c.a(setvbuf.o)
                0x00004194                setvbuf
 .text.strlen   0x000041d8       0x4a c:/nxp/mcuxpressoide_10.0.2_411/ide/tools/bin/../lib/gcc/arm-none-eabi/5.4.1/../../../../arm-none-eabi/lib/armv7e-m/softfp\libcr_c.a(strlen.o)
                0x000041d8                strlen
 *fill*         0x00004222        0x2 ff
 .text._sbrk    0x00004224       0x40 c:/nxp/mcuxpressoide_10.0.2_411/ide/tools/bin/../lib/gcc/arm-none-eabi/5.4.1/../../../../arm-none-eabi/lib/armv7e-m/softfp\libcr_c.a(_cr_sbrk.o)
                0x00004224                _sbrk
 .text._deferredlazyseek
                0x00004264       0x40 c:/nxp/mcuxpressoide_10.0.2_411/ide/tools/bin/../lib/gcc/arm-none-eabi/5.4.1/../../../../arm-none-eabi/lib/armv7e-m/softfp\libcr_c.a(_deferredlazyseek.o)
                0x00004264                _deferredlazyseek
 .text.__flsbuf
                0x000042a4      0x13e c:/nxp/mcuxpressoide_10.0.2_411/ide/tools/bin/../lib/gcc/arm-none-eabi/5.4.1/../../../../arm-none-eabi/lib/armv7e-m/softfp\libcr_c.a(_deferredlazyseek.o)
                0x000042a4                __flsbuf
 .text._fdopen  0x000043e2       0x6a c:/nxp/mcuxpressoide_10.0.2_411/ide/tools/bin/../lib/gcc/arm-none-eabi/5.4.1/../../../../arm-none-eabi/lib/armv7e-m/softfp\libcr_c.a(_fdopen.o)
                0x000043e2                _fdopen
 .text._fflush  0x0000444c       0x54 c:/nxp/mcuxpressoide_10.0.2_411/ide/tools/bin/../lib/gcc/arm-none-eabi/5.4.1/../../../../arm-none-eabi/lib/armv7e-m/softfp\libcr_c.a(_fflush.o)
                0x0000444c                _fflush
 .text._frexpl  0x000044a0       0x5a c:/nxp/mcuxpressoide_10.0.2_411/ide/tools/bin/../lib/gcc/arm-none-eabi/5.4.1/../../../../arm-none-eabi/lib/armv7e-m/softfp\libcr_c.a(_frexpl.o)
                0x000044a0                _frexpl
 *fill*         0x000044fa        0x2 ff
 .text._ldexpl  0x000044fc       0x4c c:/nxp/mcuxpressoide_10.0.2_411/ide/tools/bin/../lib/gcc/arm-none-eabi/5.4.1/../../../../arm-none-eabi/lib/armv7e-m/softfp\libcr_c.a(_ldexpl.o)
                0x000044fc                _ldexpl
 .text._Cwritebuf
                0x00004548       0x68 c:/nxp/mcuxpressoide_10.0.2_411/ide/tools/bin/../lib/gcc/arm-none-eabi/5.4.1/../../../../arm-none-eabi/lib/armv7e-m/softfp\libcr_c.a(_writebuf.o)
                0x00004548                _Cwritebuf
 .text.fclose   0x000045b0       0x58 c:/nxp/mcuxpressoide_10.0.2_411/ide/tools/bin/../lib/gcc/arm-none-eabi/5.4.1/../../../../arm-none-eabi/lib/armv7e-m/softfp\libcr_c.a(fclose.o)
                0x000045b0                fclose
 .text.fflush   0x00004608       0x48 c:/nxp/mcuxpressoide_10.0.2_411/ide/tools/bin/../lib/gcc/arm-none-eabi/5.4.1/../../../../arm-none-eabi/lib/armv7e-m/softfp\libcr_c.a(fflush.o)
                0x00004608                fflush
 .text.fseek    0x00004650      0x100 c:/nxp/mcuxpressoide_10.0.2_411/ide/tools/bin/../lib/gcc/arm-none-eabi/5.4.1/../../../../arm-none-eabi/lib/armv7e-m/softfp\libcr_c.a(fseek.o)
                0x00004650                fseek
 .text.ftell    0x00004750       0x48 c:/nxp/mcuxpressoide_10.0.2_411/ide/tools/bin/../lib/gcc/arm-none-eabi/5.4.1/../../../../arm-none-eabi/lib/armv7e-m/softfp\libcr_c.a(ftell.o)
                0x00004750                ftell
 .text.remove   0x00004798       0x14 c:/nxp/mcuxpressoide_10.0.2_411/ide/tools/bin/../lib/gcc/arm-none-eabi/5.4.1/../../../../arm-none-eabi/lib/armv7e-m/softfp\libcr_c.a(remove.o)
                0x00004798                remove
 .text.__check_heap_overflow
                0x000047ac       0x18 c:/nxp/mcuxpressoide_10.0.2_411/ide/tools/bin/../lib/gcc/arm-none-eabi/5.4.1/../../../../arm-none-eabi/lib/armv7e-m/softfp\libcr_c.a(_cr_check_heap.o)
                0x000047ac                __check_heap_overflow
 .text._do_fflush
                0x000047c4       0x42 c:/nxp/mcuxpressoide_10.0.2_411/ide/tools/bin/../lib/gcc/arm-none-eabi/5.4.1/../../../../arm-none-eabi/lib/armv7e-m/softfp\libcr_c.a(_do_fflush.o)
                0x000047c4                _do_fflush
 *fill*         0x00004806        0x2 ff
 .text.__aeabi_dmul
                0x00004808      0x110 c:/nxp/mcuxpressoide_10.0.2_411/ide/tools/bin/../lib/gcc/arm-none-eabi/5.4.1/armv7e-m/softfp\libcr_eabihelpers.a(double.o)
                0x00004808                __aeabi_dmul
 .text.__aeabi_ddiv
                0x00004918      0x13c c:/nxp/mcuxpressoide_10.0.2_411/ide/tools/bin/../lib/gcc/arm-none-eabi/5.4.1/armv7e-m/softfp\libcr_eabihelpers.a(double.o)
                0x00004918                __aeabi_ddiv
 .text.__aeabi_dsub
                0x00004a54      0x1b4 c:/nxp/mcuxpressoide_10.0.2_411/ide/tools/bin/../lib/gcc/arm-none-eabi/5.4.1/armv7e-m/softfp\libcr_eabihelpers.a(double.o)
                0x00004a54                __aeabi_dsub
 .text.__aeabi_dadd
                0x00004c08      0x114 c:/nxp/mcuxpressoide_10.0.2_411/ide/tools/bin/../lib/gcc/arm-none-eabi/5.4.1/armv7e-m/softfp\libcr_eabihelpers.a(double.o)
                0x00004c08                __aeabi_dadd
 .text.__aeabi_d2iz
                0x00004d1c       0x40 c:/nxp/mcuxpressoide_10.0.2_411/ide/tools/bin/../lib/gcc/arm-none-eabi/5.4.1/armv7e-m/softfp\libcr_eabihelpers.a(double.o)
                0x00004d1c                __aeabi_d2iz
 .text.__bhs_ui2d
                0x00004d5c       0x46 c:/nxp/mcuxpressoide_10.0.2_411/ide/tools/bin/../lib/gcc/arm-none-eabi/5.4.1/armv7e-m/softfp\libcr_eabihelpers.a(double.o)
                0x00004d5c                __bhs_ui2d
 .text.__aeabi_i2d
                0x00004da2       0x10 c:/nxp/mcuxpressoide_10.0.2_411/ide/tools/bin/../lib/gcc/arm-none-eabi/5.4.1/armv7e-m/softfp\libcr_eabihelpers.a(double.o)
                0x00004da2                __aeabi_i2d
 .text.__aeabi_dcmpeq
                0x00004db2       0x30 c:/nxp/mcuxpressoide_10.0.2_411/ide/tools/bin/../lib/gcc/arm-none-eabi/5.4.1/armv7e-m/softfp\libcr_eabihelpers.a(double.o)
                0x00004db2                __aeabi_dcmpeq
 .text.__aeabi_dcmplt
                0x00004de2       0x58 c:/nxp/mcuxpressoide_10.0.2_411/ide/tools/bin/../lib/gcc/arm-none-eabi/5.4.1/armv7e-m/softfp\libcr_eabihelpers.a(double.o)
                0x00004de2                __aeabi_dcmplt
 .text.__aeabi_dcmple
                0x00004e3a       0x54 c:/nxp/mcuxpressoide_10.0.2_411/ide/tools/bin/../lib/gcc/arm-none-eabi/5.4.1/armv7e-m/softfp\libcr_eabihelpers.a(double.o)
                0x00004e3a                __aeabi_dcmple
 .text.__aeabi_dcmpge
                0x00004e8e       0x54 c:/nxp/mcuxpressoide_10.0.2_411/ide/tools/bin/../lib/gcc/arm-none-eabi/5.4.1/armv7e-m/softfp\libcr_eabihelpers.a(double.o)
                0x00004e8e                __aeabi_dcmpge
 .text.__aeabi_memcpy
                0x00004ee2       0x34 c:/nxp/mcuxpressoide_10.0.2_411/ide/tools/bin/../lib/gcc/arm-none-eabi/5.4.1/armv7e-m/softfp\libcr_eabihelpers.a(memcpy.o)
                0x00004ee2                __aeabi_memcpy
                0x00004eec                __aeabi_memcpy8
                0x00004eec                __aeabi_memcpy4
 .text.__aeabi_memset_lowlevel
                0x00004f16       0x32 c:/nxp/mcuxpressoide_10.0.2_411/ide/tools/bin/../lib/gcc/arm-none-eabi/5.4.1/armv7e-m/softfp\libcr_eabihelpers.a(memcpy.o)
                0x00004f16                __aeabi_lowlevel_memset
 .text.__sys_appexit
                0x00004f48        0xc c:/nxp/mcuxpressoide_10.0.2_411/ide/tools/bin/../lib/gcc/arm-none-eabi/5.4.1/../../../../arm-none-eabi/lib/armv7e-m/softfp\libcr_semihost.a(__sys_appexit.o)
                0x00004f48                __sys_appexit
                0x00004f48                __exit
 .text.__sys_close
                0x00004f54        0xc c:/nxp/mcuxpressoide_10.0.2_411/ide/tools/bin/../lib/gcc/arm-none-eabi/5.4.1/../../../../arm-none-eabi/lib/armv7e-m/softfp\libcr_semihost.a(__sys_close.o)
                0x00004f54                __sys_close
 .text.__sys_flen
                0x00004f60        0xc c:/nxp/mcuxpressoide_10.0.2_411/ide/tools/bin/../lib/gcc/arm-none-eabi/5.4.1/../../../../arm-none-eabi/lib/armv7e-m/softfp\libcr_semihost.a(__sys_flen.o)
                0x00004f60                __sys_flen
 .text.__sys_istty
                0x00004f6c        0xc c:/nxp/mcuxpressoide_10.0.2_411/ide/tools/bin/../lib/gcc/arm-none-eabi/5.4.1/../../../../arm-none-eabi/lib/armv7e-m/softfp\libcr_semihost.a(__sys_istty.o)
                0x00004f6c                __sys_istty
 .text.__sys_remove
                0x00004f78        0xc c:/nxp/mcuxpressoide_10.0.2_411/ide/tools/bin/../lib/gcc/arm-none-eabi/5.4.1/../../../../arm-none-eabi/lib/armv7e-m/softfp\libcr_semihost.a(__sys_remove.o)
                0x00004f78                __sys_remove
 .text.__sys_seek
                0x00004f84        0xc c:/nxp/mcuxpressoide_10.0.2_411/ide/tools/bin/../lib/gcc/arm-none-eabi/5.4.1/../../../../arm-none-eabi/lib/armv7e-m/softfp\libcr_semihost.a(__sys_seek.o)
                0x00004f84                __sys_seek
 .text.__sys_tmpnam
                0x00004f90        0xc c:/nxp/mcuxpressoide_10.0.2_411/ide/tools/bin/../lib/gcc/arm-none-eabi/5.4.1/../../../../arm-none-eabi/lib/armv7e-m/softfp\libcr_semihost.a(__sys_tmpnam.o)
                0x00004f90                __sys_tmpnam
 .text.__sys_write
                0x00004f9c        0xc c:/nxp/mcuxpressoide_10.0.2_411/ide/tools/bin/../lib/gcc/arm-none-eabi/5.4.1/../../../../arm-none-eabi/lib/armv7e-m/softfp\libcr_semihost.a(__sys_write.o)
                0x00004f9c                __sys_write
 *(.rodata .rodata.* .constdata .constdata.*)
 .rodata        0x00004fa8        0x5 ./freertos/src/tasks.o
 *fill*         0x00004fad        0x3 ff
 .rodata        0x00004fb0       0x73 ./example/src/freertos_queue.o
 *fill*         0x00005023        0x1 ff
 .rodata.pinmuxing
                0x00005024       0x88 C:\Users\Emilie1\Documents\MCUXpressoIDE_10.0.2_411\workspace\lpc_board_ea_devkit_4088\Debug\liblpc_board_ea_devkit_4088.a(board_sysinit.o)
 .rodata.IS42S32800D_config
                0x000050ac       0x74 C:\Users\Emilie1\Documents\MCUXpressoIDE_10.0.2_411\workspace\lpc_board_ea_devkit_4088\Debug\liblpc_board_ea_devkit_4088.a(board_sysinit.o)
 .rodata.SST39VF320_config
                0x00005120       0x20 C:\Users\Emilie1\Documents\MCUXpressoIDE_10.0.2_411\workspace\lpc_board_ea_devkit_4088\Debug\liblpc_board_ea_devkit_4088.a(board_sysinit.o)
 .rodata.K9F1G_config
                0x00005140       0x20 C:\Users\Emilie1\Documents\MCUXpressoIDE_10.0.2_411\workspace\lpc_board_ea_devkit_4088\Debug\liblpc_board_ea_devkit_4088.a(board_sysinit.o)
 .rodata.__num_Ciob_streams
                0x00005160        0x4 c:/nxp/mcuxpressoide_10.0.2_411/ide/tools/bin/../lib/gcc/arm-none-eabi/5.4.1/../../../../arm-none-eabi/lib/armv7e-m/softfp\libcr_semihost.a(__ciob.o)
                0x00005160                __num_Ciob_streams
 .rodata.str1.1
                0x00005164       0x18 c:/nxp/mcuxpressoide_10.0.2_411/ide/tools/bin/../lib/gcc/arm-none-eabi/5.4.1/../../../../arm-none-eabi/lib/armv7e-m/softfp\libcr_c.a(alloc.o)
 .rodata.str1.1
                0x0000517c       0x34 c:/nxp/mcuxpressoide_10.0.2_411/ide/tools/bin/../lib/gcc/arm-none-eabi/5.4.1/../../../../arm-none-eabi/lib/armv7e-m/softfp\libcr_c.a(fpprintf.o)
                                 0x35 (size before relaxing)
 .rodata.str1.1
                0x000051b0        0x4 c:/nxp/mcuxpressoide_10.0.2_411/ide/tools/bin/../lib/gcc/arm-none-eabi/5.4.1/../../../../arm-none-eabi/lib/armv7e-m/softfp\libcr_c.a(initio.o)
 .rodata.str1.1
                0x000051b4       0x31 c:/nxp/mcuxpressoide_10.0.2_411/ide/tools/bin/../lib/gcc/arm-none-eabi/5.4.1/../../../../arm-none-eabi/lib/armv7e-m/softfp\libcr_c.a(printf.o)
                                 0x38 (size before relaxing)
 .rodata.str1.1
                0x000051e5       0x31 c:/nxp/mcuxpressoide_10.0.2_411/ide/tools/bin/../lib/gcc/arm-none-eabi/5.4.1/../../../../arm-none-eabi/lib/armv7e-m/softfp\libcr_c.a(puts.o)
                                  0x2 (size before relaxing)
 *fill*         0x000051e5        0x3 ff
 .rodata.__huge_vall
                0x000051e8        0x8 c:/nxp/mcuxpressoide_10.0.2_411/ide/tools/bin/../lib/gcc/arm-none-eabi/5.4.1/../../../../arm-none-eabi/lib/armv7e-m/softfp\libcr_c.a(_hugeval.o)
                0x000051e8                __huge_vall
                0x000051f0                . = ALIGN (0x4)

.glue_7         0x000051f0        0x0
 .glue_7        0x000051f0        0x0 linker stubs

.glue_7t        0x000051f0        0x0
 .glue_7t       0x000051f0        0x0 linker stubs

.vfp11_veneer   0x000051f0        0x0
 .vfp11_veneer  0x000051f0        0x0 linker stubs

.v4_bx          0x000051f0        0x0
 .v4_bx         0x000051f0        0x0 linker stubs

.iplt           0x000051f0        0x0
 .iplt          0x000051f0        0x0 ./freertos/src/FreeRTOSCommonHooks.o

.rel.dyn        0x000051f0        0x0
 .rel.iplt      0x000051f0        0x0 ./freertos/src/FreeRTOSCommonHooks.o

.ARM.extab
 *(.ARM.extab* .gnu.linkonce.armextab.*)
                0x000051f0                __exidx_start = .

.ARM.exidx
 *(.ARM.exidx* .gnu.linkonce.armexidx.*)
                0x000051f0                __exidx_end = .
                0x000051f0                _etext = .

.data_RAM2      0x20000000        0x0 load address 0x000051f0
 FILL mask 0xff
                [!provide]                PROVIDE (__start_data_RAM2, .)
 *(.ramfunc.$RAM2)
 *(.ramfunc.$RamPeriph32)
 *(.data.$RAM2*)
 *(.data.$RamPeriph32*)
                0x20000000                . = ALIGN (0x4)
                [!provide]                PROVIDE (__end_data_RAM2, .)

.uninit_RESERVED
                0x10000000        0x0
 *(.bss.$RESERVED*)
                0x10000000                . = ALIGN (0x4)
                0x10000000                _end_uninit_RESERVED = .

.data           0x10000000        0x8 load address 0x000051f0
 FILL mask 0xff
                0x10000000                _data = .
 *(vtable)
 *(.ramfunc*)
 *(.data*)
 .data.uxCriticalNesting
                0x10000000        0x4 ./freertos/src/port.o
 .data.xNextTaskUnblockTime
                0x10000004        0x4 ./freertos/src/tasks.o
                0x10000008                . = ALIGN (0x4)
                0x10000008                _edata = .

.igot.plt       0x10000008        0x0 load address 0x000051f8
 .igot.plt      0x10000008        0x0 ./freertos/src/FreeRTOSCommonHooks.o

.bss_RAM2       0x20000000        0x0
                [!provide]                PROVIDE (__start_bss_RAM2, .)
 *(.bss.$RAM2*)
 *(.bss.$RamPeriph32*)
                0x20000000                . = ALIGN ((. != 0x0)?0x4:0x1)
                [!provide]                PROVIDE (__end_bss_RAM2, .)

.bss            0x10000008      0x338
                0x10000008                _bss = .
 *(.bss*)
 .bss.ulTimerCountsForOneTick
                0x10000008        0x4 ./freertos/src/port.o
 .bss.xMaximumPossibleSuppressedTicks
                0x1000000c        0x4 ./freertos/src/port.o
 .bss.ulStoppedTimerCompensation
                0x10000010        0x4 ./freertos/src/port.o
 .bss.pxCurrentTCB
                0x10000014        0x4 ./freertos/src/tasks.o
                0x10000014                pxCurrentTCB
 .bss.pxReadyTasksLists
                0x10000018       0xa0 ./freertos/src/tasks.o
 .bss.xDelayedTaskList1
                0x100000b8       0x14 ./freertos/src/tasks.o
 .bss.xDelayedTaskList2
                0x100000cc       0x14 ./freertos/src/tasks.o
 .bss.pxDelayedTaskList
                0x100000e0        0x4 ./freertos/src/tasks.o
 .bss.pxOverflowDelayedTaskList
                0x100000e4        0x4 ./freertos/src/tasks.o
 .bss.xPendingReadyList
                0x100000e8       0x14 ./freertos/src/tasks.o
 .bss.xTasksWaitingTermination
                0x100000fc       0x14 ./freertos/src/tasks.o
 .bss.uxTasksDeleted
                0x10000110        0x4 ./freertos/src/tasks.o
 .bss.xSuspendedTaskList
                0x10000114       0x14 ./freertos/src/tasks.o
 .bss.uxCurrentNumberOfTasks
                0x10000128        0x4 ./freertos/src/tasks.o
 .bss.xTickCount
                0x1000012c        0x4 ./freertos/src/tasks.o
 .bss.uxTopReadyPriority
                0x10000130        0x4 ./freertos/src/tasks.o
 .bss.xSchedulerRunning
                0x10000134        0x4 ./freertos/src/tasks.o
 .bss.uxSchedulerSuspended
                0x10000138        0x4 ./freertos/src/tasks.o
 .bss.uxPendedTicks
                0x1000013c        0x4 ./freertos/src/tasks.o
 .bss.xYieldPending
                0x10000140        0x4 ./freertos/src/tasks.o
 .bss.xNumOfOverflows
                0x10000144        0x4 ./freertos/src/tasks.o
 .bss.uxTaskNumber
                0x10000148        0x4 ./freertos/src/tasks.o
 .bss.queue_handle
                0x1000014c        0x4 ./example/src/freertos_queue.o
                0x1000014c                queue_handle
 .bss.__Ciob    0x10000150      0x1e0 c:/nxp/mcuxpressoide_10.0.2_411/ide/tools/bin/../lib/gcc/arm-none-eabi/5.4.1/../../../../arm-none-eabi/lib/armv7e-m/softfp\libcr_semihost.a(__ciob.o)
                0x10000150                __Ciob
 .bss.__heaps   0x10000330        0x4 c:/nxp/mcuxpressoide_10.0.2_411/ide/tools/bin/../lib/gcc/arm-none-eabi/5.4.1/../../../../arm-none-eabi/lib/armv7e-m/softfp\libcr_c.a(__init_alloc.o)
                0x10000330                __heaps
 .bss.__end_of_heap
                0x10000334        0x4 c:/nxp/mcuxpressoide_10.0.2_411/ide/tools/bin/../lib/gcc/arm-none-eabi/5.4.1/../../../../arm-none-eabi/lib/armv7e-m/softfp\libcr_c.a(__init_alloc.o)
                0x10000334                __end_of_heap
 .bss.errno     0x10000338        0x4 c:/nxp/mcuxpressoide_10.0.2_411/ide/tools/bin/../lib/gcc/arm-none-eabi/5.4.1/../../../../arm-none-eabi/lib/armv7e-m/softfp\libcr_c.a(errno.o)
                0x10000338                errno
 *(COMMON)
 COMMON         0x1000033c        0x4 C:\Users\Emilie1\Documents\MCUXpressoIDE_10.0.2_411\workspace\lpc_chip_40xx\Debug\liblpc_chip_40xx.a(chip_17xx_40xx.o)
                0x1000033c                SystemCoreClock
                0x10000340                . = ALIGN (0x4)
                0x10000340                _ebss = .
                [!provide]                PROVIDE (end, .)

.noinit_RAM2    0x20000000        0x0
 *(.noinit.$RAM2*)
 *(.noinit.$RamPeriph32*)
                0x20000000                . = ALIGN (0x4)

.noinit         0x10000340        0x0
                0x10000340                _noinit = .
 *(.noinit*)
                0x10000340                . = ALIGN (0x4)
                0x10000340                _end_noinit = .
                0x10000340                PROVIDE (_pvHeapStart, DEFINED (__user_heap_base)?__user_heap_base:.)
                0x10010000                PROVIDE (_vStackTop, DEFINED (__user_stack_top)?__user_stack_top:(__top_RamLoc64 - 0x0))
                [!provide]                PROVIDE (__valid_user_code_checksum, (0x0 - ((((((_vStackTop + (ResetISR + 0x1)) + (NMI_Handler + 0x1)) + (HardFault_Handler + 0x1)) + (DEFINED (MemManage_Handler)?MemManage_Handler:0x0 + 0x1)) + (DEFINED (BusFault_Handler)?BusFault_Handler:0x0 + 0x1)) + (DEFINED (UsageFault_Handler)?UsageFault_Handler:0x0 + 0x1))))
OUTPUT(freertos_queue.axf elf32-littlearm)

.debug_info     0x00000000     0x6341
 .debug_info    0x00000000      0x1e8 ./freertos/src/FreeRTOSCommonHooks.o
 .debug_info    0x000001e8      0x129 ./freertos/src/heap_3.o
 .debug_info    0x00000311      0x2c4 ./freertos/src/list.o
 .debug_info    0x000005d5      0x405 ./freertos/src/port.o
 .debug_info    0x000009da      0xbee ./freertos/src/queue.o
 .debug_info    0x000015c8     0x1215 ./freertos/src/tasks.o
 .debug_info    0x000027dd      0x262 ./example/src/cr_startup_lpc40xx.o
 .debug_info    0x00002a3f      0x334 ./example/src/freertos_queue.o
 .debug_info    0x00002d73      0x105 ./example/src/sysinit.o
 .debug_info    0x00002e78      0xa11 C:\Users\Emilie1\Documents\MCUXpressoIDE_10.0.2_411\workspace\lpc_board_ea_devkit_4088\Debug\liblpc_board_ea_devkit_4088.a(board_sysinit.o)
 .debug_info    0x00003889      0x5ef C:\Users\Emilie1\Documents\MCUXpressoIDE_10.0.2_411\workspace\lpc_chip_40xx\Debug\liblpc_chip_40xx.a(chip_17xx_40xx.o)
 .debug_info    0x00003e78      0xb7a C:\Users\Emilie1\Documents\MCUXpressoIDE_10.0.2_411\workspace\lpc_chip_40xx\Debug\liblpc_chip_40xx.a(clock_17xx_40xx.o)
 .debug_info    0x000049f2      0xc4c C:\Users\Emilie1\Documents\MCUXpressoIDE_10.0.2_411\workspace\lpc_chip_40xx\Debug\liblpc_chip_40xx.a(emc_17xx_40xx.o)
 .debug_info    0x0000563e      0x128 C:\Users\Emilie1\Documents\MCUXpressoIDE_10.0.2_411\workspace\lpc_chip_40xx\Debug\liblpc_chip_40xx.a(fpu_init.o)
 .debug_info    0x00005766      0x1f3 C:\Users\Emilie1\Documents\MCUXpressoIDE_10.0.2_411\workspace\lpc_chip_40xx\Debug\liblpc_chip_40xx.a(iocon_17xx_40xx.o)
 .debug_info    0x00005959      0x507 C:\Users\Emilie1\Documents\MCUXpressoIDE_10.0.2_411\workspace\lpc_chip_40xx\Debug\liblpc_chip_40xx.a(sysctl_17xx_40xx.o)
 .debug_info    0x00005e60      0x4e1 C:\Users\Emilie1\Documents\MCUXpressoIDE_10.0.2_411\workspace\lpc_chip_40xx\Debug\liblpc_chip_40xx.a(sysinit_17xx_40xx.o)

.debug_abbrev   0x00000000     0x189a
 .debug_abbrev  0x00000000      0x12e ./freertos/src/FreeRTOSCommonHooks.o
 .debug_abbrev  0x0000012e       0xd4 ./freertos/src/heap_3.o
 .debug_abbrev  0x00000202       0xec ./freertos/src/list.o
 .debug_abbrev  0x000002ee      0x1df ./freertos/src/port.o
 .debug_abbrev  0x000004cd      0x206 ./freertos/src/queue.o
 .debug_abbrev  0x000006d3      0x246 ./freertos/src/tasks.o
 .debug_abbrev  0x00000919       0xf5 ./example/src/cr_startup_lpc40xx.o
 .debug_abbrev  0x00000a0e      0x142 ./example/src/freertos_queue.o
 .debug_abbrev  0x00000b50       0xa3 ./example/src/sysinit.o
 .debug_abbrev  0x00000bf3      0x234 C:\Users\Emilie1\Documents\MCUXpressoIDE_10.0.2_411\workspace\lpc_board_ea_devkit_4088\Debug\liblpc_board_ea_devkit_4088.a(board_sysinit.o)
 .debug_abbrev  0x00000e27      0x15e C:\Users\Emilie1\Documents\MCUXpressoIDE_10.0.2_411\workspace\lpc_chip_40xx\Debug\liblpc_chip_40xx.a(chip_17xx_40xx.o)
 .debug_abbrev  0x00000f85      0x2b4 C:\Users\Emilie1\Documents\MCUXpressoIDE_10.0.2_411\workspace\lpc_chip_40xx\Debug\liblpc_chip_40xx.a(clock_17xx_40xx.o)
 .debug_abbrev  0x00001239      0x1fb C:\Users\Emilie1\Documents\MCUXpressoIDE_10.0.2_411\workspace\lpc_chip_40xx\Debug\liblpc_chip_40xx.a(emc_17xx_40xx.o)
 .debug_abbrev  0x00001434       0x84 C:\Users\Emilie1\Documents\MCUXpressoIDE_10.0.2_411\workspace\lpc_chip_40xx\Debug\liblpc_chip_40xx.a(fpu_init.o)
 .debug_abbrev  0x000014b8      0x122 C:\Users\Emilie1\Documents\MCUXpressoIDE_10.0.2_411\workspace\lpc_chip_40xx\Debug\liblpc_chip_40xx.a(iocon_17xx_40xx.o)
 .debug_abbrev  0x000015da      0x14b C:\Users\Emilie1\Documents\MCUXpressoIDE_10.0.2_411\workspace\lpc_chip_40xx\Debug\liblpc_chip_40xx.a(sysctl_17xx_40xx.o)
 .debug_abbrev  0x00001725      0x175 C:\Users\Emilie1\Documents\MCUXpressoIDE_10.0.2_411\workspace\lpc_chip_40xx\Debug\liblpc_chip_40xx.a(sysinit_17xx_40xx.o)

.debug_aranges  0x00000000      0x778
 .debug_aranges
                0x00000000       0x40 ./freertos/src/FreeRTOSCommonHooks.o
 .debug_aranges
                0x00000040       0x28 ./freertos/src/heap_3.o
 .debug_aranges
                0x00000068       0x40 ./freertos/src/list.o
 .debug_aranges
                0x000000a8       0x98 ./freertos/src/port.o
 .debug_aranges
                0x00000140       0xf0 ./freertos/src/queue.o
 .debug_aranges
                0x00000230      0x170 ./freertos/src/tasks.o
 .debug_aranges
                0x000003a0       0x80 ./example/src/cr_startup_lpc40xx.o
 .debug_aranges
                0x00000420       0x30 ./example/src/freertos_queue.o
 .debug_aranges
                0x00000450       0x20 ./example/src/sysinit.o
 .debug_aranges
                0x00000470       0x50 C:\Users\Emilie1\Documents\MCUXpressoIDE_10.0.2_411\workspace\lpc_board_ea_devkit_4088\Debug\liblpc_board_ea_devkit_4088.a(board_sysinit.o)
 .debug_aranges
                0x000004c0       0x30 C:\Users\Emilie1\Documents\MCUXpressoIDE_10.0.2_411\workspace\lpc_chip_40xx\Debug\liblpc_chip_40xx.a(chip_17xx_40xx.o)
 .debug_aranges
                0x000004f0      0x138 C:\Users\Emilie1\Documents\MCUXpressoIDE_10.0.2_411\workspace\lpc_chip_40xx\Debug\liblpc_chip_40xx.a(clock_17xx_40xx.o)
 .debug_aranges
                0x00000628       0x80 C:\Users\Emilie1\Documents\MCUXpressoIDE_10.0.2_411\workspace\lpc_chip_40xx\Debug\liblpc_chip_40xx.a(emc_17xx_40xx.o)
 .debug_aranges
                0x000006a8       0x20 C:\Users\Emilie1\Documents\MCUXpressoIDE_10.0.2_411\workspace\lpc_chip_40xx\Debug\liblpc_chip_40xx.a(fpu_init.o)
 .debug_aranges
                0x000006c8       0x28 C:\Users\Emilie1\Documents\MCUXpressoIDE_10.0.2_411\workspace\lpc_chip_40xx\Debug\liblpc_chip_40xx.a(iocon_17xx_40xx.o)
 .debug_aranges
                0x000006f0       0x28 C:\Users\Emilie1\Documents\MCUXpressoIDE_10.0.2_411\workspace\lpc_chip_40xx\Debug\liblpc_chip_40xx.a(sysctl_17xx_40xx.o)
 .debug_aranges
                0x00000718       0x60 C:\Users\Emilie1\Documents\MCUXpressoIDE_10.0.2_411\workspace\lpc_chip_40xx\Debug\liblpc_chip_40xx.a(sysinit_17xx_40xx.o)

.debug_ranges   0x00000000      0x668
 .debug_ranges  0x00000000       0x30 ./freertos/src/FreeRTOSCommonHooks.o
 .debug_ranges  0x00000030       0x18 ./freertos/src/heap_3.o
 .debug_ranges  0x00000048       0x30 ./freertos/src/list.o
 .debug_ranges  0x00000078       0x88 ./freertos/src/port.o
 .debug_ranges  0x00000100       0xe0 ./freertos/src/queue.o
 .debug_ranges  0x000001e0      0x160 ./freertos/src/tasks.o
 .debug_ranges  0x00000340       0x70 ./example/src/cr_startup_lpc40xx.o
 .debug_ranges  0x000003b0       0x20 ./example/src/freertos_queue.o
 .debug_ranges  0x000003d0       0x10 ./example/src/sysinit.o
 .debug_ranges  0x000003e0       0x40 C:\Users\Emilie1\Documents\MCUXpressoIDE_10.0.2_411\workspace\lpc_board_ea_devkit_4088\Debug\liblpc_board_ea_devkit_4088.a(board_sysinit.o)
 .debug_ranges  0x00000420       0x20 C:\Users\Emilie1\Documents\MCUXpressoIDE_10.0.2_411\workspace\lpc_chip_40xx\Debug\liblpc_chip_40xx.a(chip_17xx_40xx.o)
 .debug_ranges  0x00000440      0x128 C:\Users\Emilie1\Documents\MCUXpressoIDE_10.0.2_411\workspace\lpc_chip_40xx\Debug\liblpc_chip_40xx.a(clock_17xx_40xx.o)
 .debug_ranges  0x00000568       0x70 C:\Users\Emilie1\Documents\MCUXpressoIDE_10.0.2_411\workspace\lpc_chip_40xx\Debug\liblpc_chip_40xx.a(emc_17xx_40xx.o)
 .debug_ranges  0x000005d8       0x10 C:\Users\Emilie1\Documents\MCUXpressoIDE_10.0.2_411\workspace\lpc_chip_40xx\Debug\liblpc_chip_40xx.a(fpu_init.o)
 .debug_ranges  0x000005e8       0x18 C:\Users\Emilie1\Documents\MCUXpressoIDE_10.0.2_411\workspace\lpc_chip_40xx\Debug\liblpc_chip_40xx.a(iocon_17xx_40xx.o)
 .debug_ranges  0x00000600       0x18 C:\Users\Emilie1\Documents\MCUXpressoIDE_10.0.2_411\workspace\lpc_chip_40xx\Debug\liblpc_chip_40xx.a(sysctl_17xx_40xx.o)
 .debug_ranges  0x00000618       0x50 C:\Users\Emilie1\Documents\MCUXpressoIDE_10.0.2_411\workspace\lpc_chip_40xx\Debug\liblpc_chip_40xx.a(sysinit_17xx_40xx.o)

.debug_macro    0x00000000     0x8c7d
 .debug_macro   0x00000000      0x32d ./freertos/src/FreeRTOSCommonHooks.o
 .debug_macro   0x0000032d      0x8a4 ./freertos/src/FreeRTOSCommonHooks.o
 .debug_macro   0x00000bd1       0x10 ./freertos/src/FreeRTOSCommonHooks.o
 .debug_macro   0x00000be1      0x12d ./freertos/src/FreeRTOSCommonHooks.o
 .debug_macro   0x00000d0e       0x16 ./freertos/src/FreeRTOSCommonHooks.o
 .debug_macro   0x00000d24       0x46 ./freertos/src/FreeRTOSCommonHooks.o
 .debug_macro   0x00000d6a      0x5b2 ./freertos/src/FreeRTOSCommonHooks.o
 .debug_macro   0x0000131c       0x22 ./freertos/src/FreeRTOSCommonHooks.o
 .debug_macro   0x0000133e       0x74 ./freertos/src/FreeRTOSCommonHooks.o
 .debug_macro   0x000013b2       0x16 ./freertos/src/FreeRTOSCommonHooks.o
 .debug_macro   0x000013c8       0x2d ./freertos/src/FreeRTOSCommonHooks.o
 .debug_macro   0x000013f5       0x3b ./freertos/src/FreeRTOSCommonHooks.o
 .debug_macro   0x00001430       0x2d ./freertos/src/FreeRTOSCommonHooks.o
 .debug_macro   0x0000145d       0x42 ./freertos/src/FreeRTOSCommonHooks.o
 .debug_macro   0x0000149f      0xd39 ./freertos/src/FreeRTOSCommonHooks.o
 .debug_macro   0x000021d8      0x295 ./freertos/src/FreeRTOSCommonHooks.o
 .debug_macro   0x0000246d       0x50 ./freertos/src/FreeRTOSCommonHooks.o
 .debug_macro   0x000024bd       0x34 ./freertos/src/FreeRTOSCommonHooks.o
 .debug_macro   0x000024f1      0x152 ./freertos/src/FreeRTOSCommonHooks.o
 .debug_macro   0x00002643       0x82 ./freertos/src/FreeRTOSCommonHooks.o
 .debug_macro   0x000026c5      0x48c ./freertos/src/FreeRTOSCommonHooks.o
 .debug_macro   0x00002b51      0x12d ./freertos/src/FreeRTOSCommonHooks.o
 .debug_macro   0x00002c7e       0x6a ./freertos/src/FreeRTOSCommonHooks.o
 .debug_macro   0x00002ce8       0x34 ./freertos/src/FreeRTOSCommonHooks.o
 .debug_macro   0x00002d1c       0x58 ./freertos/src/FreeRTOSCommonHooks.o
 .debug_macro   0x00002d74      0x236 ./freertos/src/FreeRTOSCommonHooks.o
 .debug_macro   0x00002faa      0x4c5 ./freertos/src/FreeRTOSCommonHooks.o
 .debug_macro   0x0000346f      0x1da ./freertos/src/FreeRTOSCommonHooks.o
 .debug_macro   0x00003649       0x10 ./freertos/src/FreeRTOSCommonHooks.o
 .debug_macro   0x00003659      0x21b ./freertos/src/FreeRTOSCommonHooks.o
 .debug_macro   0x00003874      0x1b9 ./freertos/src/FreeRTOSCommonHooks.o
 .debug_macro   0x00003a2d       0x2e ./freertos/src/FreeRTOSCommonHooks.o
 .debug_macro   0x00003a5b       0x40 ./freertos/src/FreeRTOSCommonHooks.o
 .debug_macro   0x00003a9b      0x209 ./freertos/src/FreeRTOSCommonHooks.o
 .debug_macro   0x00003ca4      0x2b3 ./freertos/src/FreeRTOSCommonHooks.o
 .debug_macro   0x00003f57      0x34c ./freertos/src/FreeRTOSCommonHooks.o
 .debug_macro   0x000042a3       0xb2 ./freertos/src/FreeRTOSCommonHooks.o
 .debug_macro   0x00004355       0x16 ./freertos/src/FreeRTOSCommonHooks.o
 .debug_macro   0x0000436b       0xb8 ./freertos/src/FreeRTOSCommonHooks.o
 .debug_macro   0x00004423       0x4c ./freertos/src/FreeRTOSCommonHooks.o
 .debug_macro   0x0000446f       0x16 ./freertos/src/FreeRTOSCommonHooks.o
 .debug_macro   0x00004485      0x328 ./freertos/src/FreeRTOSCommonHooks.o
 .debug_macro   0x000047ad       0x3a ./freertos/src/FreeRTOSCommonHooks.o
 .debug_macro   0x000047e7       0x16 ./freertos/src/FreeRTOSCommonHooks.o
 .debug_macro   0x000047fd       0xca ./freertos/src/FreeRTOSCommonHooks.o
 .debug_macro   0x000048c7       0x11 ./freertos/src/FreeRTOSCommonHooks.o
 .debug_macro   0x000048d8       0x16 ./freertos/src/FreeRTOSCommonHooks.o
 .debug_macro   0x000048ee       0x8e ./freertos/src/FreeRTOSCommonHooks.o
 .debug_macro   0x0000497c      0x124 ./freertos/src/FreeRTOSCommonHooks.o
 .debug_macro   0x00004aa0       0x6c ./freertos/src/FreeRTOSCommonHooks.o
 .debug_macro   0x00004b0c       0x9a ./freertos/src/FreeRTOSCommonHooks.o
 .debug_macro   0x00004ba6       0x20 ./freertos/src/FreeRTOSCommonHooks.o
 .debug_macro   0x00004bc6       0x2e ./freertos/src/FreeRTOSCommonHooks.o
 .debug_macro   0x00004bf4       0xef ./freertos/src/FreeRTOSCommonHooks.o
 .debug_macro   0x00004ce3       0xab ./freertos/src/FreeRTOSCommonHooks.o
 .debug_macro   0x00004d8e       0x12 ./freertos/src/FreeRTOSCommonHooks.o
 .debug_macro   0x00004da0       0x1f ./freertos/src/FreeRTOSCommonHooks.o
 .debug_macro   0x00004dbf      0x257 ./freertos/src/FreeRTOSCommonHooks.o
 .debug_macro   0x00005016       0x64 ./freertos/src/FreeRTOSCommonHooks.o
 .debug_macro   0x0000507a       0x57 ./freertos/src/FreeRTOSCommonHooks.o
 .debug_macro   0x000050d1      0x331 ./freertos/src/heap_3.o
 .debug_macro   0x00005402       0x28 ./freertos/src/heap_3.o
 .debug_macro   0x0000542a      0x316 ./freertos/src/list.o
 .debug_macro   0x00005740      0x3ba ./freertos/src/port.o
 .debug_macro   0x00005afa      0x379 ./freertos/src/queue.o
 .debug_macro   0x00005e73       0xb0 ./freertos/src/queue.o
 .debug_macro   0x00005f23      0x3b5 ./freertos/src/tasks.o
 .debug_macro   0x000062d8       0x5b ./freertos/src/tasks.o
 .debug_macro   0x00006333       0x16 ./freertos/src/tasks.o
 .debug_macro   0x00006349       0x1d ./example/src/cr_startup_lpc40xx.o
 .debug_macro   0x00006366      0x32c ./example/src/freertos_queue.o
 .debug_macro   0x00006692       0x7b ./example/src/freertos_queue.o
 .debug_macro   0x0000670d       0x18 ./example/src/freertos_queue.o
 .debug_macro   0x00006725       0x10 ./example/src/freertos_queue.o
 .debug_macro   0x00006735       0xf5 ./example/src/freertos_queue.o
 .debug_macro   0x0000682a      0x296 ./example/src/sysinit.o
 .debug_macro   0x00006ac0      0x29c C:\Users\Emilie1\Documents\MCUXpressoIDE_10.0.2_411\workspace\lpc_board_ea_devkit_4088\Debug\liblpc_board_ea_devkit_4088.a(board_sysinit.o)
 .debug_macro   0x00006d5c      0x8aa C:\Users\Emilie1\Documents\MCUXpressoIDE_10.0.2_411\workspace\lpc_board_ea_devkit_4088\Debug\liblpc_board_ea_devkit_4088.a(board_sysinit.o)
 .debug_macro   0x00007606      0x22c C:\Users\Emilie1\Documents\MCUXpressoIDE_10.0.2_411\workspace\lpc_chip_40xx\Debug\liblpc_chip_40xx.a(chip_17xx_40xx.o)
 .debug_macro   0x00007832      0x8aa C:\Users\Emilie1\Documents\MCUXpressoIDE_10.0.2_411\workspace\lpc_chip_40xx\Debug\liblpc_chip_40xx.a(chip_17xx_40xx.o)
 .debug_macro   0x000080dc      0x22c C:\Users\Emilie1\Documents\MCUXpressoIDE_10.0.2_411\workspace\lpc_chip_40xx\Debug\liblpc_chip_40xx.a(clock_17xx_40xx.o)
 .debug_macro   0x00008308      0x232 C:\Users\Emilie1\Documents\MCUXpressoIDE_10.0.2_411\workspace\lpc_chip_40xx\Debug\liblpc_chip_40xx.a(emc_17xx_40xx.o)
 .debug_macro   0x0000853a       0xbf C:\Users\Emilie1\Documents\MCUXpressoIDE_10.0.2_411\workspace\lpc_chip_40xx\Debug\liblpc_chip_40xx.a(fpu_init.o)
 .debug_macro   0x000085f9      0x22c C:\Users\Emilie1\Documents\MCUXpressoIDE_10.0.2_411\workspace\lpc_chip_40xx\Debug\liblpc_chip_40xx.a(iocon_17xx_40xx.o)
 .debug_macro   0x00008825      0x22c C:\Users\Emilie1\Documents\MCUXpressoIDE_10.0.2_411\workspace\lpc_chip_40xx\Debug\liblpc_chip_40xx.a(sysctl_17xx_40xx.o)
 .debug_macro   0x00008a51      0x22c C:\Users\Emilie1\Documents\MCUXpressoIDE_10.0.2_411\workspace\lpc_chip_40xx\Debug\liblpc_chip_40xx.a(sysinit_17xx_40xx.o)

.debug_line     0x00000000     0x6ca8
 .debug_line    0x00000000      0x735 ./freertos/src/FreeRTOSCommonHooks.o
 .debug_line    0x00000735      0x6d7 ./freertos/src/heap_3.o
 .debug_line    0x00000e0c      0x723 ./freertos/src/list.o
 .debug_line    0x0000152f      0x822 ./freertos/src/port.o
 .debug_line    0x00001d51      0xa2d ./freertos/src/queue.o
 .debug_line    0x0000277e      0xdd0 ./freertos/src/tasks.o
 .debug_line    0x0000354e       0xe1 ./example/src/cr_startup_lpc40xx.o
 .debug_line    0x0000362f      0x70a ./example/src/freertos_queue.o
 .debug_line    0x00003d39      0x583 ./example/src/sysinit.o
 .debug_line    0x000042bc      0x634 C:\Users\Emilie1\Documents\MCUXpressoIDE_10.0.2_411\workspace\lpc_board_ea_devkit_4088\Debug\liblpc_board_ea_devkit_4088.a(board_sysinit.o)
 .debug_line    0x000048f0      0x4da C:\Users\Emilie1\Documents\MCUXpressoIDE_10.0.2_411\workspace\lpc_chip_40xx\Debug\liblpc_chip_40xx.a(chip_17xx_40xx.o)
 .debug_line    0x00004dca      0x79a C:\Users\Emilie1\Documents\MCUXpressoIDE_10.0.2_411\workspace\lpc_chip_40xx\Debug\liblpc_chip_40xx.a(clock_17xx_40xx.o)
 .debug_line    0x00005564      0x653 C:\Users\Emilie1\Documents\MCUXpressoIDE_10.0.2_411\workspace\lpc_chip_40xx\Debug\liblpc_chip_40xx.a(emc_17xx_40xx.o)
 .debug_line    0x00005bb7      0x1fc C:\Users\Emilie1\Documents\MCUXpressoIDE_10.0.2_411\workspace\lpc_chip_40xx\Debug\liblpc_chip_40xx.a(fpu_init.o)
 .debug_line    0x00005db3      0x4cd C:\Users\Emilie1\Documents\MCUXpressoIDE_10.0.2_411\workspace\lpc_chip_40xx\Debug\liblpc_chip_40xx.a(iocon_17xx_40xx.o)
 .debug_line    0x00006280      0x4bf C:\Users\Emilie1\Documents\MCUXpressoIDE_10.0.2_411\workspace\lpc_chip_40xx\Debug\liblpc_chip_40xx.a(sysctl_17xx_40xx.o)
 .debug_line    0x0000673f      0x569 C:\Users\Emilie1\Documents\MCUXpressoIDE_10.0.2_411\workspace\lpc_chip_40xx\Debug\liblpc_chip_40xx.a(sysinit_17xx_40xx.o)

.debug_str      0x00000000    0x1dc6e
 .debug_str     0x00000000    0x18f6b ./freertos/src/FreeRTOSCommonHooks.o
                              0x19071 (size before relaxing)
 .debug_str     0x00018f6b      0x103 ./freertos/src/heap_3.o
                              0x19057 (size before relaxing)
 .debug_str     0x0001906e      0x12e ./freertos/src/list.o
                              0x18d9c (size before relaxing)
 .debug_str     0x0001919c      0x9e1 ./freertos/src/port.o
                              0x1997e (size before relaxing)
 .debug_str     0x00019b7d     0x1106 ./freertos/src/queue.o
                              0x1a3ea (size before relaxing)
 .debug_str     0x0001ac83     0x14cf ./freertos/src/tasks.o
                              0x1a8a4 (size before relaxing)
 .debug_str     0x0001c152      0x1a6 ./example/src/cr_startup_lpc40xx.o
                               0x2751 (size before relaxing)
 .debug_str     0x0001c2f8      0x129 ./example/src/freertos_queue.o
                              0x19caa (size before relaxing)
 .debug_str     0x0001c421       0x19 ./example/src/sysinit.o
                              0x16e8d (size before relaxing)
 .debug_str     0x0001c43a      0x9d1 C:\Users\Emilie1\Documents\MCUXpressoIDE_10.0.2_411\workspace\lpc_board_ea_devkit_4088\Debug\liblpc_board_ea_devkit_4088.a(board_sysinit.o)
                              0x179ef (size before relaxing)
 .debug_str     0x0001ce0b      0x138 C:\Users\Emilie1\Documents\MCUXpressoIDE_10.0.2_411\workspace\lpc_chip_40xx\Debug\liblpc_chip_40xx.a(chip_17xx_40xx.o)
                              0x16877 (size before relaxing)
 .debug_str     0x0001cf43      0x631 C:\Users\Emilie1\Documents\MCUXpressoIDE_10.0.2_411\workspace\lpc_chip_40xx\Debug\liblpc_chip_40xx.a(clock_17xx_40xx.o)
                              0x16cfe (size before relaxing)
 .debug_str     0x0001d574      0x49e C:\Users\Emilie1\Documents\MCUXpressoIDE_10.0.2_411\workspace\lpc_chip_40xx\Debug\liblpc_chip_40xx.a(emc_17xx_40xx.o)
                              0x168ae (size before relaxing)
 .debug_str     0x0001da12       0xb5 C:\Users\Emilie1\Documents\MCUXpressoIDE_10.0.2_411\workspace\lpc_chip_40xx\Debug\liblpc_chip_40xx.a(fpu_init.o)
                               0x98ed (size before relaxing)
 .debug_str     0x0001dac7       0x46 C:\Users\Emilie1\Documents\MCUXpressoIDE_10.0.2_411\workspace\lpc_chip_40xx\Debug\liblpc_chip_40xx.a(iocon_17xx_40xx.o)
                              0x1620e (size before relaxing)
 .debug_str     0x0001db0d       0x87 C:\Users\Emilie1\Documents\MCUXpressoIDE_10.0.2_411\workspace\lpc_chip_40xx\Debug\liblpc_chip_40xx.a(sysctl_17xx_40xx.o)
                              0x16601 (size before relaxing)
 .debug_str     0x0001db94       0xda C:\Users\Emilie1\Documents\MCUXpressoIDE_10.0.2_411\workspace\lpc_chip_40xx\Debug\liblpc_chip_40xx.a(sysinit_17xx_40xx.o)
                              0x164da (size before relaxing)

.comment        0x00000000       0x6e
 .comment       0x00000000       0x6e ./freertos/src/FreeRTOSCommonHooks.o
                                 0x6f (size before relaxing)
 .comment       0x0000006e       0x6f ./freertos/src/heap_3.o
 .comment       0x0000006e       0x6f ./freertos/src/list.o
 .comment       0x0000006e       0x6f ./freertos/src/port.o
 .comment       0x0000006e       0x6f ./freertos/src/queue.o
 .comment       0x0000006e       0x6f ./freertos/src/tasks.o
 .comment       0x0000006e       0x6f ./example/src/cr_startup_lpc40xx.o
 .comment       0x0000006e       0x6f ./example/src/freertos_queue.o
 .comment       0x0000006e       0x6f ./example/src/sysinit.o
 .comment       0x0000006e       0x6f C:\Users\Emilie1\Documents\MCUXpressoIDE_10.0.2_411\workspace\lpc_board_ea_devkit_4088\Debug\liblpc_board_ea_devkit_4088.a(board_sysinit.o)
 .comment       0x0000006e       0x6f C:\Users\Emilie1\Documents\MCUXpressoIDE_10.0.2_411\workspace\lpc_chip_40xx\Debug\liblpc_chip_40xx.a(chip_17xx_40xx.o)
 .comment       0x0000006e       0x6f C:\Users\Emilie1\Documents\MCUXpressoIDE_10.0.2_411\workspace\lpc_chip_40xx\Debug\liblpc_chip_40xx.a(clock_17xx_40xx.o)
 .comment       0x0000006e       0x6f C:\Users\Emilie1\Documents\MCUXpressoIDE_10.0.2_411\workspace\lpc_chip_40xx\Debug\liblpc_chip_40xx.a(emc_17xx_40xx.o)
 .comment       0x0000006e       0x6f C:\Users\Emilie1\Documents\MCUXpressoIDE_10.0.2_411\workspace\lpc_chip_40xx\Debug\liblpc_chip_40xx.a(fpu_init.o)
 .comment       0x0000006e       0x6f C:\Users\Emilie1\Documents\MCUXpressoIDE_10.0.2_411\workspace\lpc_chip_40xx\Debug\liblpc_chip_40xx.a(iocon_17xx_40xx.o)
 .comment       0x0000006e       0x6f C:\Users\Emilie1\Documents\MCUXpressoIDE_10.0.2_411\workspace\lpc_chip_40xx\Debug\liblpc_chip_40xx.a(sysctl_17xx_40xx.o)
 .comment       0x0000006e       0x6f C:\Users\Emilie1\Documents\MCUXpressoIDE_10.0.2_411\workspace\lpc_chip_40xx\Debug\liblpc_chip_40xx.a(sysinit_17xx_40xx.o)
 .comment       0x0000006e       0x6f c:/nxp/mcuxpressoide_10.0.2_411/ide/tools/bin/../lib/gcc/arm-none-eabi/5.4.1/../../../../arm-none-eabi/lib/armv7e-m/softfp\libcr_semihost.a(__ciob.o)
 .comment       0x0000006e       0x6f c:/nxp/mcuxpressoide_10.0.2_411/ide/tools/bin/../lib/gcc/arm-none-eabi/5.4.1/../../../../arm-none-eabi/lib/armv7e-m/softfp\libcr_semihost.a(_cr__main.o)
 .comment       0x0000006e       0x6f c:/nxp/mcuxpressoide_10.0.2_411/ide/tools/bin/../lib/gcc/arm-none-eabi/5.4.1/../../../../arm-none-eabi/lib/armv7e-m/softfp\libcr_c.a(memcpy.o)
 .comment       0x0000006e       0x6f c:/nxp/mcuxpressoide_10.0.2_411/ide/tools/bin/../lib/gcc/arm-none-eabi/5.4.1/../../../../arm-none-eabi/lib/armv7e-m/softfp\libcr_c.a(memset.o)
 .comment       0x0000006e       0x6f c:/nxp/mcuxpressoide_10.0.2_411/ide/tools/bin/../lib/gcc/arm-none-eabi/5.4.1/../../../../arm-none-eabi/lib/armv7e-m/softfp\libcr_c.a(alloc.o)
 .comment       0x0000006e       0x6f c:/nxp/mcuxpressoide_10.0.2_411/ide/tools/bin/../lib/gcc/arm-none-eabi/5.4.1/../../../../arm-none-eabi/lib/armv7e-m/softfp\libcr_c.a(fpprintf.o)
 .comment       0x0000006e       0x6f c:/nxp/mcuxpressoide_10.0.2_411/ide/tools/bin/../lib/gcc/arm-none-eabi/5.4.1/../../../../arm-none-eabi/lib/armv7e-m/softfp\libcr_c.a(initio.o)
 .comment       0x0000006e       0x6f c:/nxp/mcuxpressoide_10.0.2_411/ide/tools/bin/../lib/gcc/arm-none-eabi/5.4.1/../../../../arm-none-eabi/lib/armv7e-m/softfp\libcr_c.a(printf.o)
 .comment       0x0000006e       0x6f c:/nxp/mcuxpressoide_10.0.2_411/ide/tools/bin/../lib/gcc/arm-none-eabi/5.4.1/../../../../arm-none-eabi/lib/armv7e-m/softfp\libcr_c.a(puts.o)
 .comment       0x0000006e       0x6f c:/nxp/mcuxpressoide_10.0.2_411/ide/tools/bin/../lib/gcc/arm-none-eabi/5.4.1/../../../../arm-none-eabi/lib/armv7e-m/softfp\libcr_c.a(setvbuf.o)
 .comment       0x0000006e       0x6f c:/nxp/mcuxpressoide_10.0.2_411/ide/tools/bin/../lib/gcc/arm-none-eabi/5.4.1/../../../../arm-none-eabi/lib/armv7e-m/softfp\libcr_c.a(strlen.o)
 .comment       0x0000006e       0x6f c:/nxp/mcuxpressoide_10.0.2_411/ide/tools/bin/../lib/gcc/arm-none-eabi/5.4.1/../../../../arm-none-eabi/lib/armv7e-m/softfp\libcr_c.a(__init_alloc.o)
 .comment       0x0000006e       0x6f c:/nxp/mcuxpressoide_10.0.2_411/ide/tools/bin/../lib/gcc/arm-none-eabi/5.4.1/../../../../arm-none-eabi/lib/armv7e-m/softfp\libcr_c.a(_cr_sbrk.o)
 .comment       0x0000006e       0x6f c:/nxp/mcuxpressoide_10.0.2_411/ide/tools/bin/../lib/gcc/arm-none-eabi/5.4.1/../../../../arm-none-eabi/lib/armv7e-m/softfp\libcr_c.a(_deferredlazyseek.o)
 .comment       0x0000006e       0x6f c:/nxp/mcuxpressoide_10.0.2_411/ide/tools/bin/../lib/gcc/arm-none-eabi/5.4.1/../../../../arm-none-eabi/lib/armv7e-m/softfp\libcr_c.a(_fdopen.o)
 .comment       0x0000006e       0x6f c:/nxp/mcuxpressoide_10.0.2_411/ide/tools/bin/../lib/gcc/arm-none-eabi/5.4.1/../../../../arm-none-eabi/lib/armv7e-m/softfp\libcr_c.a(_fflush.o)
 .comment       0x0000006e       0x6f c:/nxp/mcuxpressoide_10.0.2_411/ide/tools/bin/../lib/gcc/arm-none-eabi/5.4.1/../../../../arm-none-eabi/lib/armv7e-m/softfp\libcr_c.a(_frexpl.o)
 .comment       0x0000006e       0x6f c:/nxp/mcuxpressoide_10.0.2_411/ide/tools/bin/../lib/gcc/arm-none-eabi/5.4.1/../../../../arm-none-eabi/lib/armv7e-m/softfp\libcr_c.a(_ldexpl.o)
 .comment       0x0000006e       0x6f c:/nxp/mcuxpressoide_10.0.2_411/ide/tools/bin/../lib/gcc/arm-none-eabi/5.4.1/../../../../arm-none-eabi/lib/armv7e-m/softfp\libcr_c.a(_writebuf.o)
 .comment       0x0000006e       0x6f c:/nxp/mcuxpressoide_10.0.2_411/ide/tools/bin/../lib/gcc/arm-none-eabi/5.4.1/../../../../arm-none-eabi/lib/armv7e-m/softfp\libcr_c.a(errno.o)
 .comment       0x0000006e       0x6f c:/nxp/mcuxpressoide_10.0.2_411/ide/tools/bin/../lib/gcc/arm-none-eabi/5.4.1/../../../../arm-none-eabi/lib/armv7e-m/softfp\libcr_c.a(fclose.o)
 .comment       0x0000006e       0x6f c:/nxp/mcuxpressoide_10.0.2_411/ide/tools/bin/../lib/gcc/arm-none-eabi/5.4.1/../../../../arm-none-eabi/lib/armv7e-m/softfp\libcr_c.a(fflush.o)
 .comment       0x0000006e       0x6f c:/nxp/mcuxpressoide_10.0.2_411/ide/tools/bin/../lib/gcc/arm-none-eabi/5.4.1/../../../../arm-none-eabi/lib/armv7e-m/softfp\libcr_c.a(fseek.o)
 .comment       0x0000006e       0x6f c:/nxp/mcuxpressoide_10.0.2_411/ide/tools/bin/../lib/gcc/arm-none-eabi/5.4.1/../../../../arm-none-eabi/lib/armv7e-m/softfp\libcr_c.a(ftell.o)
 .comment       0x0000006e       0x6f c:/nxp/mcuxpressoide_10.0.2_411/ide/tools/bin/../lib/gcc/arm-none-eabi/5.4.1/../../../../arm-none-eabi/lib/armv7e-m/softfp\libcr_c.a(remove.o)
 .comment       0x0000006e       0x6f c:/nxp/mcuxpressoide_10.0.2_411/ide/tools/bin/../lib/gcc/arm-none-eabi/5.4.1/../../../../arm-none-eabi/lib/armv7e-m/softfp\libcr_c.a(_cr_check_heap.o)
 .comment       0x0000006e       0x6f c:/nxp/mcuxpressoide_10.0.2_411/ide/tools/bin/../lib/gcc/arm-none-eabi/5.4.1/../../../../arm-none-eabi/lib/armv7e-m/softfp\libcr_c.a(_do_fflush.o)
 .comment       0x0000006e       0x6f c:/nxp/mcuxpressoide_10.0.2_411/ide/tools/bin/../lib/gcc/arm-none-eabi/5.4.1/../../../../arm-none-eabi/lib/armv7e-m/softfp\libcr_c.a(_hugeval.o)
 .comment       0x0000006e       0x6f c:/nxp/mcuxpressoide_10.0.2_411/ide/tools/bin/../lib/gcc/arm-none-eabi/5.4.1/armv7e-m/softfp\libcr_eabihelpers.a(double.o)

.ARM.attributes
                0x00000000       0x35
 .ARM.attributes
                0x00000000       0x37 ./freertos/src/FreeRTOSCommonHooks.o
 .ARM.attributes
                0x00000037       0x37 ./freertos/src/heap_3.o
 .ARM.attributes
                0x0000006e       0x37 ./freertos/src/list.o
 .ARM.attributes
                0x000000a5       0x37 ./freertos/src/port.o
 .ARM.attributes
                0x000000dc       0x37 ./freertos/src/queue.o
 .ARM.attributes
                0x00000113       0x37 ./freertos/src/tasks.o
 .ARM.attributes
                0x0000014a       0x37 ./example/src/cr_startup_lpc40xx.o
 .ARM.attributes
                0x00000181       0x37 ./example/src/freertos_queue.o
 .ARM.attributes
                0x000001b8       0x37 ./example/src/sysinit.o
 .ARM.attributes
                0x000001ef       0x37 C:\Users\Emilie1\Documents\MCUXpressoIDE_10.0.2_411\workspace\lpc_board_ea_devkit_4088\Debug\liblpc_board_ea_devkit_4088.a(board_sysinit.o)
 .ARM.attributes
                0x00000226       0x37 C:\Users\Emilie1\Documents\MCUXpressoIDE_10.0.2_411\workspace\lpc_chip_40xx\Debug\liblpc_chip_40xx.a(chip_17xx_40xx.o)
 .ARM.attributes
                0x0000025d       0x37 C:\Users\Emilie1\Documents\MCUXpressoIDE_10.0.2_411\workspace\lpc_chip_40xx\Debug\liblpc_chip_40xx.a(clock_17xx_40xx.o)
 .ARM.attributes
                0x00000294       0x37 C:\Users\Emilie1\Documents\MCUXpressoIDE_10.0.2_411\workspace\lpc_chip_40xx\Debug\liblpc_chip_40xx.a(emc_17xx_40xx.o)
 .ARM.attributes
                0x000002cb       0x37 C:\Users\Emilie1\Documents\MCUXpressoIDE_10.0.2_411\workspace\lpc_chip_40xx\Debug\liblpc_chip_40xx.a(fpu_init.o)
 .ARM.attributes
                0x00000302       0x37 C:\Users\Emilie1\Documents\MCUXpressoIDE_10.0.2_411\workspace\lpc_chip_40xx\Debug\liblpc_chip_40xx.a(iocon_17xx_40xx.o)
 .ARM.attributes
                0x00000339       0x37 C:\Users\Emilie1\Documents\MCUXpressoIDE_10.0.2_411\workspace\lpc_chip_40xx\Debug\liblpc_chip_40xx.a(sysctl_17xx_40xx.o)
 .ARM.attributes
                0x00000370       0x37 C:\Users\Emilie1\Documents\MCUXpressoIDE_10.0.2_411\workspace\lpc_chip_40xx\Debug\liblpc_chip_40xx.a(sysinit_17xx_40xx.o)
 .ARM.attributes
                0x000003a7       0x37 c:/nxp/mcuxpressoide_10.0.2_411/ide/tools/bin/../lib/gcc/arm-none-eabi/5.4.1/../../../../arm-none-eabi/lib/armv7e-m/softfp\libcr_semihost.a(__ciob.o)
 .ARM.attributes
                0x000003de       0x37 c:/nxp/mcuxpressoide_10.0.2_411/ide/tools/bin/../lib/gcc/arm-none-eabi/5.4.1/../../../../arm-none-eabi/lib/armv7e-m/softfp\libcr_semihost.a(_cr__main.o)
 .ARM.attributes
                0x00000415       0x37 c:/nxp/mcuxpressoide_10.0.2_411/ide/tools/bin/../lib/gcc/arm-none-eabi/5.4.1/../../../../arm-none-eabi/lib/armv7e-m/softfp\libcr_c.a(memcpy.o)
 .ARM.attributes
                0x0000044c       0x37 c:/nxp/mcuxpressoide_10.0.2_411/ide/tools/bin/../lib/gcc/arm-none-eabi/5.4.1/../../../../arm-none-eabi/lib/armv7e-m/softfp\libcr_c.a(memset.o)
 .ARM.attributes
                0x00000483       0x37 c:/nxp/mcuxpressoide_10.0.2_411/ide/tools/bin/../lib/gcc/arm-none-eabi/5.4.1/../../../../arm-none-eabi/lib/armv7e-m/softfp\libcr_c.a(alloc.o)
 .ARM.attributes
                0x000004ba       0x37 c:/nxp/mcuxpressoide_10.0.2_411/ide/tools/bin/../lib/gcc/arm-none-eabi/5.4.1/../../../../arm-none-eabi/lib/armv7e-m/softfp\libcr_c.a(fpprintf.o)
 .ARM.attributes
                0x000004f1       0x37 c:/nxp/mcuxpressoide_10.0.2_411/ide/tools/bin/../lib/gcc/arm-none-eabi/5.4.1/../../../../arm-none-eabi/lib/armv7e-m/softfp\libcr_c.a(initio.o)
 .ARM.attributes
                0x00000528       0x37 c:/nxp/mcuxpressoide_10.0.2_411/ide/tools/bin/../lib/gcc/arm-none-eabi/5.4.1/../../../../arm-none-eabi/lib/armv7e-m/softfp\libcr_c.a(printf.o)
 .ARM.attributes
                0x0000055f       0x37 c:/nxp/mcuxpressoide_10.0.2_411/ide/tools/bin/../lib/gcc/arm-none-eabi/5.4.1/../../../../arm-none-eabi/lib/armv7e-m/softfp\libcr_c.a(puts.o)
 .ARM.attributes
                0x00000596       0x37 c:/nxp/mcuxpressoide_10.0.2_411/ide/tools/bin/../lib/gcc/arm-none-eabi/5.4.1/../../../../arm-none-eabi/lib/armv7e-m/softfp\libcr_c.a(setvbuf.o)
 .ARM.attributes
                0x000005cd       0x37 c:/nxp/mcuxpressoide_10.0.2_411/ide/tools/bin/../lib/gcc/arm-none-eabi/5.4.1/../../../../arm-none-eabi/lib/armv7e-m/softfp\libcr_c.a(strlen.o)
 .ARM.attributes
                0x00000604       0x37 c:/nxp/mcuxpressoide_10.0.2_411/ide/tools/bin/../lib/gcc/arm-none-eabi/5.4.1/../../../../arm-none-eabi/lib/armv7e-m/softfp\libcr_c.a(__init_alloc.o)
 .ARM.attributes
                0x0000063b       0x37 c:/nxp/mcuxpressoide_10.0.2_411/ide/tools/bin/../lib/gcc/arm-none-eabi/5.4.1/../../../../arm-none-eabi/lib/armv7e-m/softfp\libcr_c.a(_cr_sbrk.o)
 .ARM.attributes
                0x00000672       0x37 c:/nxp/mcuxpressoide_10.0.2_411/ide/tools/bin/../lib/gcc/arm-none-eabi/5.4.1/../../../../arm-none-eabi/lib/armv7e-m/softfp\libcr_c.a(_deferredlazyseek.o)
 .ARM.attributes
                0x000006a9       0x37 c:/nxp/mcuxpressoide_10.0.2_411/ide/tools/bin/../lib/gcc/arm-none-eabi/5.4.1/../../../../arm-none-eabi/lib/armv7e-m/softfp\libcr_c.a(_fdopen.o)
 .ARM.attributes
                0x000006e0       0x37 c:/nxp/mcuxpressoide_10.0.2_411/ide/tools/bin/../lib/gcc/arm-none-eabi/5.4.1/../../../../arm-none-eabi/lib/armv7e-m/softfp\libcr_c.a(_fflush.o)
 .ARM.attributes
                0x00000717       0x37 c:/nxp/mcuxpressoide_10.0.2_411/ide/tools/bin/../lib/gcc/arm-none-eabi/5.4.1/../../../../arm-none-eabi/lib/armv7e-m/softfp\libcr_c.a(_frexpl.o)
 .ARM.attributes
                0x0000074e       0x37 c:/nxp/mcuxpressoide_10.0.2_411/ide/tools/bin/../lib/gcc/arm-none-eabi/5.4.1/../../../../arm-none-eabi/lib/armv7e-m/softfp\libcr_c.a(_ldexpl.o)
 .ARM.attributes
                0x00000785       0x37 c:/nxp/mcuxpressoide_10.0.2_411/ide/tools/bin/../lib/gcc/arm-none-eabi/5.4.1/../../../../arm-none-eabi/lib/armv7e-m/softfp\libcr_c.a(_writebuf.o)
 .ARM.attributes
                0x000007bc       0x37 c:/nxp/mcuxpressoide_10.0.2_411/ide/tools/bin/../lib/gcc/arm-none-eabi/5.4.1/../../../../arm-none-eabi/lib/armv7e-m/softfp\libcr_c.a(errno.o)
 .ARM.attributes
                0x000007f3       0x37 c:/nxp/mcuxpressoide_10.0.2_411/ide/tools/bin/../lib/gcc/arm-none-eabi/5.4.1/../../../../arm-none-eabi/lib/armv7e-m/softfp\libcr_c.a(fclose.o)
 .ARM.attributes
                0x0000082a       0x37 c:/nxp/mcuxpressoide_10.0.2_411/ide/tools/bin/../lib/gcc/arm-none-eabi/5.4.1/../../../../arm-none-eabi/lib/armv7e-m/softfp\libcr_c.a(fflush.o)
 .ARM.attributes
                0x00000861       0x37 c:/nxp/mcuxpressoide_10.0.2_411/ide/tools/bin/../lib/gcc/arm-none-eabi/5.4.1/../../../../arm-none-eabi/lib/armv7e-m/softfp\libcr_c.a(fseek.o)
 .ARM.attributes
                0x00000898       0x37 c:/nxp/mcuxpressoide_10.0.2_411/ide/tools/bin/../lib/gcc/arm-none-eabi/5.4.1/../../../../arm-none-eabi/lib/armv7e-m/softfp\libcr_c.a(ftell.o)
 .ARM.attributes
                0x000008cf       0x37 c:/nxp/mcuxpressoide_10.0.2_411/ide/tools/bin/../lib/gcc/arm-none-eabi/5.4.1/../../../../arm-none-eabi/lib/armv7e-m/softfp\libcr_c.a(remove.o)
 .ARM.attributes
                0x00000906       0x37 c:/nxp/mcuxpressoide_10.0.2_411/ide/tools/bin/../lib/gcc/arm-none-eabi/5.4.1/../../../../arm-none-eabi/lib/armv7e-m/softfp\libcr_c.a(_cr_check_heap.o)
 .ARM.attributes
                0x0000093d       0x37 c:/nxp/mcuxpressoide_10.0.2_411/ide/tools/bin/../lib/gcc/arm-none-eabi/5.4.1/../../../../arm-none-eabi/lib/armv7e-m/softfp\libcr_c.a(_do_fflush.o)
 .ARM.attributes
                0x00000974       0x37 c:/nxp/mcuxpressoide_10.0.2_411/ide/tools/bin/../lib/gcc/arm-none-eabi/5.4.1/../../../../arm-none-eabi/lib/armv7e-m/softfp\libcr_c.a(_hugeval.o)
 .ARM.attributes
                0x000009ab       0x37 c:/nxp/mcuxpressoide_10.0.2_411/ide/tools/bin/../lib/gcc/arm-none-eabi/5.4.1/armv7e-m/softfp\libcr_eabihelpers.a(double.o)
 .ARM.attributes
                0x000009e2       0x25 c:/nxp/mcuxpressoide_10.0.2_411/ide/tools/bin/../lib/gcc/arm-none-eabi/5.4.1/armv7e-m/softfp\libcr_eabihelpers.a(memcpy.o)
 .ARM.attributes
                0x00000a07       0x25 c:/nxp/mcuxpressoide_10.0.2_411/ide/tools/bin/../lib/gcc/arm-none-eabi/5.4.1/../../../../arm-none-eabi/lib/armv7e-m/softfp\libcr_semihost.a(__sys_appexit.o)
 .ARM.attributes
                0x00000a2c       0x25 c:/nxp/mcuxpressoide_10.0.2_411/ide/tools/bin/../lib/gcc/arm-none-eabi/5.4.1/../../../../arm-none-eabi/lib/armv7e-m/softfp\libcr_semihost.a(__sys_close.o)
 .ARM.attributes
                0x00000a51       0x25 c:/nxp/mcuxpressoide_10.0.2_411/ide/tools/bin/../lib/gcc/arm-none-eabi/5.4.1/../../../../arm-none-eabi/lib/armv7e-m/softfp\libcr_semihost.a(__sys_flen.o)
 .ARM.attributes
                0x00000a76       0x25 c:/nxp/mcuxpressoide_10.0.2_411/ide/tools/bin/../lib/gcc/arm-none-eabi/5.4.1/../../../../arm-none-eabi/lib/armv7e-m/softfp\libcr_semihost.a(__sys_istty.o)
 .ARM.attributes
                0x00000a9b       0x25 c:/nxp/mcuxpressoide_10.0.2_411/ide/tools/bin/../lib/gcc/arm-none-eabi/5.4.1/../../../../arm-none-eabi/lib/armv7e-m/softfp\libcr_semihost.a(__sys_remove.o)
 .ARM.attributes
                0x00000ac0       0x25 c:/nxp/mcuxpressoide_10.0.2_411/ide/tools/bin/../lib/gcc/arm-none-eabi/5.4.1/../../../../arm-none-eabi/lib/armv7e-m/softfp\libcr_semihost.a(__sys_seek.o)
 .ARM.attributes
                0x00000ae5       0x25 c:/nxp/mcuxpressoide_10.0.2_411/ide/tools/bin/../lib/gcc/arm-none-eabi/5.4.1/../../../../arm-none-eabi/lib/armv7e-m/softfp\libcr_semihost.a(__sys_tmpnam.o)
 .ARM.attributes
                0x00000b0a       0x25 c:/nxp/mcuxpressoide_10.0.2_411/ide/tools/bin/../lib/gcc/arm-none-eabi/5.4.1/../../../../arm-none-eabi/lib/armv7e-m/softfp\libcr_semihost.a(__sys_write.o)

.debug_frame    0x00000000     0x1a5c
 .debug_frame   0x00000000       0xa8 ./freertos/src/FreeRTOSCommonHooks.o
 .debug_frame   0x000000a8       0x58 ./freertos/src/heap_3.o
 .debug_frame   0x00000100       0xd8 ./freertos/src/list.o
 .debug_frame   0x000001d8      0x1a8 ./freertos/src/port.o
 .debug_frame   0x00000380      0x404 ./freertos/src/queue.o
 .debug_frame   0x00000784      0x634 ./freertos/src/tasks.o
 .debug_frame   0x00000db8      0x170 ./example/src/cr_startup_lpc40xx.o
 .debug_frame   0x00000f28       0x74 ./example/src/freertos_queue.o
 .debug_frame   0x00000f9c       0x34 ./example/src/sysinit.o
 .debug_frame   0x00000fd0       0xf8 C:\Users\Emilie1\Documents\MCUXpressoIDE_10.0.2_411\workspace\lpc_board_ea_devkit_4088\Debug\liblpc_board_ea_devkit_4088.a(board_sysinit.o)
 .debug_frame   0x000010c8       0x70 C:\Users\Emilie1\Documents\MCUXpressoIDE_10.0.2_411\workspace\lpc_chip_40xx\Debug\liblpc_chip_40xx.a(chip_17xx_40xx.o)
 .debug_frame   0x00001138      0x500 C:\Users\Emilie1\Documents\MCUXpressoIDE_10.0.2_411\workspace\lpc_chip_40xx\Debug\liblpc_chip_40xx.a(clock_17xx_40xx.o)
 .debug_frame   0x00001638      0x1fc C:\Users\Emilie1\Documents\MCUXpressoIDE_10.0.2_411\workspace\lpc_chip_40xx\Debug\liblpc_chip_40xx.a(emc_17xx_40xx.o)
 .debug_frame   0x00001834       0x38 C:\Users\Emilie1\Documents\MCUXpressoIDE_10.0.2_411\workspace\lpc_chip_40xx\Debug\liblpc_chip_40xx.a(fpu_init.o)
 .debug_frame   0x0000186c       0x5c C:\Users\Emilie1\Documents\MCUXpressoIDE_10.0.2_411\workspace\lpc_chip_40xx\Debug\liblpc_chip_40xx.a(iocon_17xx_40xx.o)
 .debug_frame   0x000018c8       0x60 C:\Users\Emilie1\Documents\MCUXpressoIDE_10.0.2_411\workspace\lpc_chip_40xx\Debug\liblpc_chip_40xx.a(sysctl_17xx_40xx.o)
 .debug_frame   0x00001928      0x134 C:\Users\Emilie1\Documents\MCUXpressoIDE_10.0.2_411\workspace\lpc_chip_40xx\Debug\liblpc_chip_40xx.a(sysinit_17xx_40xx.o)
