Archive member included to satisfy reference by file (symbol)

/home/tobias/Documents/MCUXpresso_10.1.0_589/workspace/lpc_board_ea_devkit_4088/Debug/liblpc_board_ea_devkit_4088.a(board.o)
                              ./example/src/freertos_queue.o (Board_Init)
/home/tobias/Documents/MCUXpresso_10.1.0_589/workspace/lpc_board_ea_devkit_4088/Debug/liblpc_board_ea_devkit_4088.a(board_sysinit.o)
                              ./example/src/sysinit.o (Board_SystemInit)
/home/tobias/Documents/MCUXpresso_10.1.0_589/workspace/lpc_board_ea_devkit_4088/Debug/liblpc_board_ea_devkit_4088.a(uda1380.o)
                              /home/tobias/Documents/MCUXpresso_10.1.0_589/workspace/lpc_board_ea_devkit_4088/Debug/liblpc_board_ea_devkit_4088.a(board.o) (UDA1380_Init)
/home/tobias/Documents/MCUXpresso_10.1.0_589/workspace/lpc_chip_40xx/Debug/liblpc_chip_40xx.a(chip_17xx_40xx.o)
                              ./freertos/src/port.o (SystemCoreClock)
/home/tobias/Documents/MCUXpresso_10.1.0_589/workspace/lpc_chip_40xx/Debug/liblpc_chip_40xx.a(clock_17xx_40xx.o)
                              /home/tobias/Documents/MCUXpresso_10.1.0_589/workspace/lpc_chip_40xx/Debug/liblpc_chip_40xx.a(chip_17xx_40xx.o) (Chip_Clock_SetupPLL)
/home/tobias/Documents/MCUXpresso_10.1.0_589/workspace/lpc_chip_40xx/Debug/liblpc_chip_40xx.a(emc_17xx_40xx.o)
                              /home/tobias/Documents/MCUXpresso_10.1.0_589/workspace/lpc_board_ea_devkit_4088/Debug/liblpc_board_ea_devkit_4088.a(board_sysinit.o) (Chip_EMC_Dynamic_Init)
/home/tobias/Documents/MCUXpresso_10.1.0_589/workspace/lpc_chip_40xx/Debug/liblpc_chip_40xx.a(fpu_init.o)
                              ./example/src/sysinit.o (fpuInit)
/home/tobias/Documents/MCUXpresso_10.1.0_589/workspace/lpc_chip_40xx/Debug/liblpc_chip_40xx.a(i2c_17xx_40xx.o)
                              /home/tobias/Documents/MCUXpresso_10.1.0_589/workspace/lpc_board_ea_devkit_4088/Debug/liblpc_board_ea_devkit_4088.a(uda1380.o) (Chip_I2C_EventHandlerPolling)
/home/tobias/Documents/MCUXpresso_10.1.0_589/workspace/lpc_chip_40xx/Debug/liblpc_chip_40xx.a(i2s_17xx_40xx.o)
                              /home/tobias/Documents/MCUXpresso_10.1.0_589/workspace/lpc_board_ea_devkit_4088/Debug/liblpc_board_ea_devkit_4088.a(board.o) (Chip_I2S_Init)
/home/tobias/Documents/MCUXpresso_10.1.0_589/workspace/lpc_chip_40xx/Debug/liblpc_chip_40xx.a(iocon_17xx_40xx.o)
                              /home/tobias/Documents/MCUXpresso_10.1.0_589/workspace/lpc_board_ea_devkit_4088/Debug/liblpc_board_ea_devkit_4088.a(board_sysinit.o) (Chip_IOCON_SetPinMuxing)
/home/tobias/Documents/MCUXpresso_10.1.0_589/workspace/lpc_chip_40xx/Debug/liblpc_chip_40xx.a(ssp_17xx_40xx.o)
                              /home/tobias/Documents/MCUXpresso_10.1.0_589/workspace/lpc_board_ea_devkit_4088/Debug/liblpc_board_ea_devkit_4088.a(board.o) (Chip_SSP_WriteFrames_Blocking)
/home/tobias/Documents/MCUXpresso_10.1.0_589/workspace/lpc_chip_40xx/Debug/liblpc_chip_40xx.a(sysctl_17xx_40xx.o)
                              /home/tobias/Documents/MCUXpresso_10.1.0_589/workspace/lpc_board_ea_devkit_4088/Debug/liblpc_board_ea_devkit_4088.a(board_sysinit.o) (Chip_SYSCTL_PeriphReset)
/home/tobias/Documents/MCUXpresso_10.1.0_589/workspace/lpc_chip_40xx/Debug/liblpc_chip_40xx.a(sysinit_17xx_40xx.o)
                              /home/tobias/Documents/MCUXpresso_10.1.0_589/workspace/lpc_board_ea_devkit_4088/Debug/liblpc_board_ea_devkit_4088.a(board_sysinit.o) (Chip_SetupXtalClocking)
/usr/local/mcuxpressoide-10.1.0_589/ide/tools/bin/../lib/gcc/arm-none-eabi/6.3.1/../../../../arm-none-eabi/lib/thumb/v7e-m/fpv4-sp/softfp/libcr_semihost.a(__ciob.o)
                              ./example/src/freertos_queue.o (__Ciob)
/usr/local/mcuxpressoide-10.1.0_589/ide/tools/bin/../lib/gcc/arm-none-eabi/6.3.1/../../../../arm-none-eabi/lib/thumb/v7e-m/fpv4-sp/softfp/libcr_semihost.a(_cr__main.o)
                              ./example/src/cr_startup_lpc40xx.o (__main)
/usr/local/mcuxpressoide-10.1.0_589/ide/tools/bin/../lib/gcc/arm-none-eabi/6.3.1/../../../../arm-none-eabi/lib/thumb/v7e-m/fpv4-sp/softfp/libcr_c.a(memcpy.o)
                              ./freertos/src/queue.o (memcpy)
/usr/local/mcuxpressoide-10.1.0_589/ide/tools/bin/../lib/gcc/arm-none-eabi/6.3.1/../../../../arm-none-eabi/lib/thumb/v7e-m/fpv4-sp/softfp/libcr_c.a(memset.o)
                              ./freertos/src/tasks.o (memset)
/usr/local/mcuxpressoide-10.1.0_589/ide/tools/bin/../lib/gcc/arm-none-eabi/6.3.1/../../../../arm-none-eabi/lib/thumb/v7e-m/fpv4-sp/softfp/libcr_c.a(alloc.o)
                              ./freertos/src/heap_3.o (malloc)
/usr/local/mcuxpressoide-10.1.0_589/ide/tools/bin/../lib/gcc/arm-none-eabi/6.3.1/../../../../arm-none-eabi/lib/thumb/v7e-m/fpv4-sp/softfp/libcr_c.a(fpprintf.o)
                              ./freertos/src/FreeRTOSCommonHooks.o (printf)
[...]
Memory Configuration

Name             Origin             Length             Attributes
MFlash512        0x0000000000000000 0x0000000000080000 xr
RamLoc64         0x0000000010000000 0x0000000000010000 xrw
RamPeriph32      0x0000000020000000 0x0000000000008000 xrw
*default*        0x0000000000000000 0xffffffffffffffff

Linker script and memory map

LOAD ./freertos/src/FreeRTOSCommonHooks.o
LOAD ./freertos/src/heap_3.o
LOAD ./freertos/src/list.o
LOAD ./freertos/src/port.o
LOAD ./freertos/src/queue.o
LOAD ./freertos/src/tasks.o
LOAD ./example/src/cr_startup_lpc40xx.o
LOAD ./example/src/freertos_queue.o
LOAD ./example/src/sysinit.o
LOAD /home/tobias/Documents/MCUXpresso_10.1.0_589/workspace/lpc_board_ea_devkit_4088/Debug/liblpc_board_ea_devkit_4088.a
LOAD /home/tobias/Documents/MCUXpresso_10.1.0_589/workspace/lpc_chip_40xx/Debug/liblpc_chip_40xx.a
START GROUP
LOAD /usr/local/mcuxpressoide-10.1.0_589/ide/tools/bin/../lib/gcc/arm-none-eabi/6.3.1/../../../../arm-none-eabi/lib/thumb/v7e-m/fpv4-sp/softfp/libcr_semihost.a
LOAD /usr/local/mcuxpressoide-10.1.0_589/ide/tools/bin/../lib/gcc/arm-none-eabi/6.3.1/../../../../arm-none-eabi/lib/thumb/v7e-m/fpv4-sp/softfp/libcr_c.a
LOAD /usr/local/mcuxpressoide-10.1.0_589/ide/tools/bin/../lib/gcc/arm-none-eabi/6.3.1/thumb/v7e-m/fpv4-sp/softfp/libcr_eabihelpers.a
END GROUP
                0x0000000000000000                __base_MFlash512 = 0x0
                0x0000000000000000                __base_Flash = 0x0
                0x0000000000080000                __top_MFlash512 = 0x80000
                0x0000000000080000                __top_Flash = 0x80000
                0x0000000010000000                __base_RamLoc64 = 0x10000000
                0x0000000010000000                __base_RAM = 0x10000000
                0x0000000010010000                __top_RamLoc64 = 0x10010000
                0x0000000010010000                __top_RAM = 0x10010000
                0x0000000020000000                __base_RamPeriph32 = 0x20000000
                0x0000000020000000                __base_RAM2 = 0x20000000
                0x0000000020008000                __top_RamPeriph32 = 0x20008000
                0x0000000020008000                __top_RAM2 = 0x20008000

.text           0x0000000000000000     0x5308
 FILL mask 0xff
                0x0000000000000000                __vectors_start__ = ABSOLUTE (.)
 *(.isr_vector)
 .isr_vector    0x0000000000000000       0xe4 ./example/src/cr_startup_lpc40xx.o
                0x0000000000000000                g_pfnVectors
                0x00000000000000e4                . = ALIGN (0x4)
                0x00000000000000e4                __section_table_start = .
                0x00000000000000e4                __data_section_table = .
                0x00000000000000e4        0x4 LONG 0x5308 LOADADDR (.data)
                0x00000000000000e8        0x4 LONG 0x10000000 ADDR (.data)
                0x00000000000000ec        0x4 LONG 0x8 SIZEOF (.data)
                0x00000000000000f0        0x4 LONG 0x5308 LOADADDR (.data_RAM2)
                0x00000000000000f4        0x4 LONG 0x20000000 ADDR (.data_RAM2)
                0x00000000000000f8        0x4 LONG 0x0 SIZEOF (.data_RAM2)
                0x00000000000000fc                __data_section_table_end = .
                0x00000000000000fc                __bss_section_table = .
                0x00000000000000fc        0x4 LONG 0x10000008 ADDR (.bss)
                0x0000000000000100        0x4 LONG 0x338 SIZEOF (.bss)
                0x0000000000000104        0x4 LONG 0x20000000 ADDR (.bss_RAM2)
                0x0000000000000108        0x4 LONG 0x0 SIZEOF (.bss_RAM2)
                0x000000000000010c                __bss_section_table_end = .
                0x000000000000010c                __section_table_end = .
 *(.after_vectors*)
 .after_vectors
                0x000000000000010c      0x154 ./example/src/cr_startup_lpc40xx.o
                0x000000000000010c                data_init
                0x0000000000000150                bss_init
                0x0000000000000188                ResetISR
                0x0000000000000220                NMI_Handler
                0x0000000000000226                HardFault_Handler
                0x000000000000022c                MemManage_Handler
                0x0000000000000232                BusFault_Handler
                0x0000000000000238                UsageFault_Handler
                0x0000000000000244                DebugMon_Handler
                0x0000000000000256                GPIO_IRQHandler
                0x0000000000000256                TIMER2_IRQHandler
                0x0000000000000256                RIT_IRQHandler
                0x0000000000000256                I2C0_IRQHandler
                0x0000000000000256                USBActivity_IRQHandler
                0x0000000000000256                PWM1_IRQHandler
                0x0000000000000256                SDIO_IRQHandler
                0x0000000000000256                I2C1_IRQHandler
                0x0000000000000256                EINT2_IRQHandler
                0x0000000000000256                UART1_IRQHandler
                0x0000000000000256                EINT3_IRQHandler
                0x0000000000000256                CANActivity_IRQHandler
                0x0000000000000256                TIMER3_IRQHandler
                0x0000000000000256                UART0_IRQHandler
                0x0000000000000256                IntDefaultHandler
                0x0000000000000256                PLL0_IRQHandler
                0x0000000000000256                CAN_IRQHandler
                0x0000000000000256                PLL1_IRQHandler
                0x0000000000000256                SSP0_IRQHandler
                0x0000000000000256                I2S_IRQHandler
                0x0000000000000256                I2C2_IRQHandler
                0x0000000000000256                RTC_IRQHandler
                0x0000000000000256                TIMER0_IRQHandler
                0x0000000000000256                SPI_IRQHandler
                0x0000000000000256                LCD_IRQHandler
                0x0000000000000256                EINT1_IRQHandler
                0x0000000000000256                TIMER1_IRQHandler
                0x0000000000000256                UART2_IRQHandler
                0x0000000000000256                UART4_IRQHandler
                0x0000000000000256                ADC_IRQHandler
                0x0000000000000256                SSP1_IRQHandler
                0x0000000000000256                USB_IRQHandler
                0x0000000000000256                BOD_IRQHandler
                0x0000000000000256                WDT_IRQHandler
                0x0000000000000256                QEI_IRQHandler
                0x0000000000000256                EINT0_IRQHandler
                0x0000000000000256                ETH_IRQHandler
                0x0000000000000256                PWM0_IRQHandler
                0x0000000000000256                SSP2_IRQHandler
                0x0000000000000256                EEPROM_IRQHandler
                0x0000000000000256                DMA_IRQHandler
                0x0000000000000256                UART3_IRQHandler
                0x0000000000000256                MCPWM_IRQHandler
 *(.text*)
 .text.vApplicationIdleHook
                0x0000000000000260       0x24 ./freertos/src/FreeRTOSCommonHooks.o
                0x0000000000000260                vApplicationIdleHook
 .text.pvPortMalloc
                0x0000000000000284       0x22 ./freertos/src/heap_3.o
                0x0000000000000284                pvPortMalloc
 .text.vPortFree
                0x00000000000002a6       0x24 ./freertos/src/heap_3.o
                0x00000000000002a6                vPortFree
 .text.vListInitialise
                0x00000000000002ca       0x40 ./freertos/src/list.o
                0x00000000000002ca                vListInitialise
 .text.vListInitialiseItem
                0x000000000000030a       0x1a ./freertos/src/list.o
                0x000000000000030a                vListInitialiseItem
 .text.vListInsertEnd
                0x0000000000000324       0x48 ./freertos/src/list.o
                0x0000000000000324                vListInsertEnd
 .text.vListInsert
                0x000000000000036c       0x72 ./freertos/src/list.o
                0x000000000000036c                vListInsert
 .text.uxListRemove
                0x00000000000003de       0x54 ./freertos/src/list.o
                0x00000000000003de                uxListRemove
 *fill*         0x0000000000000432        0x2 ff
 .text.pxPortInitialiseStack
                0x0000000000000434       0x64 ./freertos/src/port.o
                0x0000000000000434                pxPortInitialiseStack
 .text.prvTaskExitError
                0x0000000000000498        0xa ./freertos/src/port.o
 *fill*         0x00000000000004a2        0x2 ff
 .text.SVC_Handler
                0x00000000000004a4       0x20 ./freertos/src/port.o
                0x00000000000004a4                SVC_Handler
 .text.prvPortStartFirstTask
                0x00000000000004c4       0x18 ./freertos/src/port.o
 .text.xPortStartScheduler
                0x00000000000004dc       0x4c ./freertos/src/port.o
                0x00000000000004dc                xPortStartScheduler
 .text.vPortYield
                0x0000000000000528       0x24 ./freertos/src/port.o
                0x0000000000000528                vPortYield
 .text.vPortEnterCritical
                0x000000000000054c       0x24 ./freertos/src/port.o
                0x000000000000054c                vPortEnterCritical
 .text.vPortExitCritical
                0x0000000000000570       0x24 ./freertos/src/port.o
                0x0000000000000570                vPortExitCritical
 .text.ulPortSetInterruptMask
                0x0000000000000594       0x12 ./freertos/src/port.o
                0x0000000000000594                ulPortSetInterruptMask
 .text.vPortClearInterruptMask
                0x00000000000005a6        0x8 ./freertos/src/port.o
                0x00000000000005a6                vPortClearInterruptMask
 *fill*         0x00000000000005ae        0x2 ff
 .text.PendSV_Handler
                0x00000000000005b0       0x54 ./freertos/src/port.o
                0x00000000000005b0                PendSV_Handler
 .text.SysTick_Handler
                0x0000000000000604       0x28 ./freertos/src/port.o
                0x0000000000000604                SysTick_Handler
 .text.vPortSuppressTicksAndSleep
                0x000000000000062c      0x15c ./freertos/src/port.o
                0x000000000000062c                vPortSuppressTicksAndSleep
 .text.vPortSetupTimerInterrupt
                0x0000000000000788       0x78 ./freertos/src/port.o
                0x0000000000000788                vPortSetupTimerInterrupt
 .text.vPortEnableVFP
                0x0000000000000800       0x14 ./freertos/src/port.o
 .text.xQueueGenericReset
                0x0000000000000814       0xa4 ./freertos/src/queue.o
                0x0000000000000814                xQueueGenericReset
 .text.xQueueGenericCreate
                0x00000000000008b8       0x78 ./freertos/src/queue.o
                0x00000000000008b8                xQueueGenericCreate
 .text.xQueueGenericSend
                0x0000000000000930      0x110 ./freertos/src/queue.o
                0x0000000000000930                xQueueGenericSend
 .text.xQueueGenericReceive
                0x0000000000000a40      0x16c ./freertos/src/queue.o
                0x0000000000000a40                xQueueGenericReceive
 .text.prvCopyDataToQueue
                0x0000000000000bac       0xce ./freertos/src/queue.o
 .text.prvCopyDataFromQueue
                0x0000000000000c7a       0x4c ./freertos/src/queue.o
 .text.prvUnlockQueue
                0x0000000000000cc6       0x98 ./freertos/src/queue.o
 .text.prvIsQueueEmpty
                0x0000000000000d5e       0x2c ./freertos/src/queue.o
 .text.prvIsQueueFull
                0x0000000000000d8a       0x30 ./freertos/src/queue.o
 *fill*         0x0000000000000dba        0x2 ff
 .text.xTaskGenericCreate
                0x0000000000000dbc      0x140 ./freertos/src/tasks.o
                0x0000000000000dbc                xTaskGenericCreate
 .text.vTaskDelay
                0x0000000000000efc       0x54 ./freertos/src/tasks.o
                0x0000000000000efc                vTaskDelay
 .text.vTaskStartScheduler
                0x0000000000000f50       0x58 ./freertos/src/tasks.o
                0x0000000000000f50                vTaskStartScheduler
 .text.vTaskSuspendAll
                0x0000000000000fa8       0x1c ./freertos/src/tasks.o
                0x0000000000000fa8                vTaskSuspendAll
 .text.prvGetExpectedIdleTime
                0x0000000000000fc4       0x50 ./freertos/src/tasks.o
 .text.xTaskResumeAll
                0x0000000000001014       0xfc ./freertos/src/tasks.o
                0x0000000000001014                xTaskResumeAll
 .text.vTaskStepTick
                0x0000000000001110       0x24 ./freertos/src/tasks.o
                0x0000000000001110                vTaskStepTick
 .text.xTaskIncrementTick
                0x0000000000001134      0x18c ./freertos/src/tasks.o
                0x0000000000001134                xTaskIncrementTick
 .text.vTaskSwitchContext
                0x00000000000012c0       0x9c ./freertos/src/tasks.o
                0x00000000000012c0                vTaskSwitchContext
 .text.vTaskPlaceOnEventList
                0x000000000000135c       0x60 ./freertos/src/tasks.o
                0x000000000000135c                vTaskPlaceOnEventList
 .text.xTaskRemoveFromEventList
                0x00000000000013bc       0xac ./freertos/src/tasks.o
                0x00000000000013bc                xTaskRemoveFromEventList
 .text.vTaskSetTimeOutState
                0x0000000000001468       0x2c ./freertos/src/tasks.o
                0x0000000000001468                vTaskSetTimeOutState
 .text.xTaskCheckForTimeOut
                0x0000000000001494       0x88 ./freertos/src/tasks.o
                0x0000000000001494                xTaskCheckForTimeOut
 .text.vTaskMissedYield
                0x000000000000151c       0x18 ./freertos/src/tasks.o
                0x000000000000151c                vTaskMissedYield
 .text.prvIdleTask
                0x0000000000001534       0x48 ./freertos/src/tasks.o
 .text.eTaskConfirmSleepModeStatus
                0x000000000000157c       0x5c ./freertos/src/tasks.o
                0x000000000000157c                eTaskConfirmSleepModeStatus
 .text.prvInitialiseTCBVariables
                0x00000000000015d8       0x98 ./freertos/src/tasks.o
 .text.prvInitialiseTaskLists
                0x0000000000001670       0x80 ./freertos/src/tasks.o
 .text.prvCheckTasksWaitingTermination
                0x00000000000016f0       0x78 ./freertos/src/tasks.o
 .text.prvAddCurrentTaskToDelayedList
                0x0000000000001768       0x6c ./freertos/src/tasks.o
 .text.prvAllocateTCBAndStack
                0x00000000000017d4       0x62 ./freertos/src/tasks.o
 .text.prvDeleteTCB
                0x0000000000001836       0x20 ./freertos/src/tasks.o
 *fill*         0x0000000000001856        0x2 ff
 .text.xTaskGetCurrentTaskHandle
                0x0000000000001858       0x20 ./freertos/src/tasks.o
                0x0000000000001858                xTaskGetCurrentTaskHandle
 .text.vTaskPriorityInherit
                0x0000000000001878       0xb4 ./freertos/src/tasks.o
                0x0000000000001878                vTaskPriorityInherit
 .text.vTaskPriorityDisinherit
                0x000000000000192c       0x7c ./freertos/src/tasks.o
                0x000000000000192c                vTaskPriorityDisinherit
 .text.tx       0x00000000000019a8       0x74 ./example/src/freertos_queue.o
                0x00000000000019a8                tx
 .text.rx       0x0000000000001a1c       0x74 ./example/src/freertos_queue.o
                0x0000000000001a1c                rx
 .text.main     0x0000000000001a90       0xa0 ./example/src/freertos_queue.o
                0x0000000000001a90                main
 .text.SystemInit
                0x0000000000001b30       0x28 ./example/src/sysinit.o
                0x0000000000001b30                SystemInit
 .text.Chip_IOCON_Init
                0x0000000000001b58       0x16 /home/tobias/Documents/MCUXpresso_10.1.0_589/workspace/lpc_board_ea_devkit_4088/Debug/liblpc_board_ea_devkit_4088.a(board.o)
 .text.Chip_GPIO_Init
                0x0000000000001b6e       0x16 /home/tobias/Documents/MCUXpresso_10.1.0_589/workspace/lpc_board_ea_devkit_4088/Debug/liblpc_board_ea_devkit_4088.a(board.o)
 .text.Chip_GPIO_SetPinState
                0x0000000000001b84       0x6a /home/tobias/Documents/MCUXpresso_10.1.0_589/workspace/lpc_board_ea_devkit_4088/Debug/liblpc_board_ea_devkit_4088.a(board.o)
 .text.Chip_GPIO_WritePortBit
                0x0000000000001bee       0x2c /home/tobias/Documents/MCUXpresso_10.1.0_589/workspace/lpc_board_ea_devkit_4088/Debug/liblpc_board_ea_devkit_4088.a(board.o)
 .text.Chip_GPIO_SetPinDIROutput
                0x0000000000001c1a       0x3a /home/tobias/Documents/MCUXpresso_10.1.0_589/workspace/lpc_board_ea_devkit_4088/Debug/liblpc_board_ea_devkit_4088.a(board.o)
 .text.Chip_GPIO_SetPinDIRInput
                0x0000000000001c54       0x3c /home/tobias/Documents/MCUXpresso_10.1.0_589/workspace/lpc_board_ea_devkit_4088/Debug/liblpc_board_ea_devkit_4088.a(board.o)
 .text.Chip_GPIO_SetPinDIR
                0x0000000000001c90       0x42 /home/tobias/Documents/MCUXpresso_10.1.0_589/workspace/lpc_board_ea_devkit_4088/Debug/liblpc_board_ea_devkit_4088.a(board.o)
 .text.Chip_GPIO_WriteDirBit
                0x0000000000001cd2       0x2e /home/tobias/Documents/MCUXpresso_10.1.0_589/workspace/lpc_board_ea_devkit_4088/Debug/liblpc_board_ea_devkit_4088.a(board.o)
 .text.Board_LED_Init
                0x0000000000001d00       0x4c /home/tobias/Documents/MCUXpresso_10.1.0_589/workspace/lpc_board_ea_devkit_4088/Debug/liblpc_board_ea_devkit_4088.a(board.o)
 .text.Board_Init
                0x0000000000001d4c       0x20 /home/tobias/Documents/MCUXpresso_10.1.0_589/workspace/lpc_board_ea_devkit_4088/Debug/liblpc_board_ea_devkit_4088.a(board.o)
                0x0000000000001d4c                Board_Init
 .text.Chip_SYSCTL_EnableBoost
                0x0000000000001d6c       0x1c /home/tobias/Documents/MCUXpresso_10.1.0_589/workspace/lpc_board_ea_devkit_4088/Debug/liblpc_board_ea_devkit_4088.a(board_sysinit.o)
 .text.Chip_Clock_SetEMCClockDiv
                0x0000000000001d88       0x24 /home/tobias/Documents/MCUXpresso_10.1.0_589/workspace/lpc_board_ea_devkit_4088/Debug/liblpc_board_ea_devkit_4088.a(board_sysinit.o)
 .text.Chip_IOCON_PinMuxSet
                0x0000000000001dac       0x2e /home/tobias/Documents/MCUXpresso_10.1.0_589/workspace/lpc_board_ea_devkit_4088/Debug/liblpc_board_ea_devkit_4088.a(board_sysinit.o)
 *fill*         0x0000000000001dda        0x2 ff
 .text.Board_SetupMuxing
                0x0000000000001ddc       0x84 /home/tobias/Documents/MCUXpresso_10.1.0_589/workspace/lpc_board_ea_devkit_4088/Debug/liblpc_board_ea_devkit_4088.a(board_sysinit.o)
                0x0000000000001ddc                Board_SetupMuxing
 .text.Board_SetupClocking
                0x0000000000001e60       0x1c /home/tobias/Documents/MCUXpresso_10.1.0_589/workspace/lpc_board_ea_devkit_4088/Debug/liblpc_board_ea_devkit_4088.a(board_sysinit.o)
                0x0000000000001e60                Board_SetupClocking
 .text.Board_SetupExtMemory
                0x0000000000001e7c       0x5c /home/tobias/Documents/MCUXpresso_10.1.0_589/workspace/lpc_board_ea_devkit_4088/Debug/liblpc_board_ea_devkit_4088.a(board_sysinit.o)
                0x0000000000001e7c                Board_SetupExtMemory
 .text.Board_SystemInit
                0x0000000000001ed8       0x14 /home/tobias/Documents/MCUXpresso_10.1.0_589/workspace/lpc_board_ea_devkit_4088/Debug/liblpc_board_ea_devkit_4088.a(board_sysinit.o)
                0x0000000000001ed8                Board_SystemInit
 .text.SystemCoreClockUpdate
                0x0000000000001eec       0x18 /home/tobias/Documents/MCUXpresso_10.1.0_589/workspace/lpc_chip_40xx/Debug/liblpc_chip_40xx.a(chip_17xx_40xx.o)
                0x0000000000001eec                SystemCoreClockUpdate
 .text.Chip_Clock_IsMainPLLEnabled
                0x0000000000001f04       0x28 /home/tobias/Documents/MCUXpresso_10.1.0_589/workspace/lpc_chip_40xx/Debug/liblpc_chip_40xx.a(clock_17xx_40xx.o)
 .text.Chip_Clock_FeedPLL
                0x0000000000001f2c       0x38 /home/tobias/Documents/MCUXpresso_10.1.0_589/workspace/lpc_chip_40xx/Debug/liblpc_chip_40xx.a(clock_17xx_40xx.o)
 .text.Chip_Clock_GetMainPLLSource
                0x0000000000001f64       0x20 /home/tobias/Documents/MCUXpresso_10.1.0_589/workspace/lpc_chip_40xx/Debug/liblpc_chip_40xx.a(clock_17xx_40xx.o)
 .text.Chip_Clock_GetMainOscRate
                0x0000000000001f84       0x18 /home/tobias/Documents/MCUXpresso_10.1.0_589/workspace/lpc_chip_40xx/Debug/liblpc_chip_40xx.a(clock_17xx_40xx.o)
 .text.Chip_Clock_GetIntOscRate
                0x0000000000001f9c       0x14 /home/tobias/Documents/MCUXpresso_10.1.0_589/workspace/lpc_chip_40xx/Debug/liblpc_chip_40xx.a(clock_17xx_40xx.o)
 .text.Chip_Clock_GetMainPLLInClockRate
                0x0000000000001fb0        0xe /home/tobias/Documents/MCUXpresso_10.1.0_589/workspace/lpc_chip_40xx/Debug/liblpc_chip_40xx.a(clock_17xx_40xx.o)
 *fill*         0x0000000000001fbe        0x2 ff
 .text.Chip_Clock_EnablePLL
                0x0000000000001fc0       0x44 /home/tobias/Documents/MCUXpresso_10.1.0_589/workspace/lpc_chip_40xx/Debug/liblpc_chip_40xx.a(clock_17xx_40xx.o)
                0x0000000000001fc0                Chip_Clock_EnablePLL
 .text.Chip_Clock_DisablePLL
                0x0000000000002004       0x48 /home/tobias/Documents/MCUXpresso_10.1.0_589/workspace/lpc_chip_40xx/Debug/liblpc_chip_40xx.a(clock_17xx_40xx.o)
                0x0000000000002004                Chip_Clock_DisablePLL
 .text.Chip_Clock_SetupPLL
                0x000000000000204c       0x4c /home/tobias/Documents/MCUXpresso_10.1.0_589/workspace/lpc_chip_40xx/Debug/liblpc_chip_40xx.a(clock_17xx_40xx.o)
                0x000000000000204c                Chip_Clock_SetupPLL
 .text.Chip_Clock_EnablePeriphClock
                0x0000000000002098       0x54 /home/tobias/Documents/MCUXpresso_10.1.0_589/workspace/lpc_chip_40xx/Debug/liblpc_chip_40xx.a(clock_17xx_40xx.o)
                0x0000000000002098                Chip_Clock_EnablePeriphClock
 .text.Chip_Clock_SetCPUClockSource
                0x00000000000020ec       0x44 /home/tobias/Documents/MCUXpresso_10.1.0_589/workspace/lpc_chip_40xx/Debug/liblpc_chip_40xx.a(clock_17xx_40xx.o)
                0x00000000000020ec                Chip_Clock_SetCPUClockSource
 .text.Chip_Clock_GetCPUClockSource
                0x0000000000002130       0x30 /home/tobias/Documents/MCUXpresso_10.1.0_589/workspace/lpc_chip_40xx/Debug/liblpc_chip_40xx.a(clock_17xx_40xx.o)
                0x0000000000002130                Chip_Clock_GetCPUClockSource
 .text.Chip_Clock_SetCPUClockDiv
                0x0000000000002160       0x30 /home/tobias/Documents/MCUXpresso_10.1.0_589/workspace/lpc_chip_40xx/Debug/liblpc_chip_40xx.a(clock_17xx_40xx.o)
                0x0000000000002160                Chip_Clock_SetCPUClockDiv
 .text.Chip_Clock_GetCPUClockDiv
                0x0000000000002190       0x1c /home/tobias/Documents/MCUXpresso_10.1.0_589/workspace/lpc_chip_40xx/Debug/liblpc_chip_40xx.a(clock_17xx_40xx.o)
                0x0000000000002190                Chip_Clock_GetCPUClockDiv
 .text.Chip_Clock_GetSYSCLKRate
                0x00000000000021ac       0x2a /home/tobias/Documents/MCUXpresso_10.1.0_589/workspace/lpc_chip_40xx/Debug/liblpc_chip_40xx.a(clock_17xx_40xx.o)
                0x00000000000021ac                Chip_Clock_GetSYSCLKRate
 *fill*         0x00000000000021d6        0x2 ff
 .text.Chip_Clock_GetMainPLLOutClockRate
                0x00000000000021d8       0x40 /home/tobias/Documents/MCUXpresso_10.1.0_589/workspace/lpc_chip_40xx/Debug/liblpc_chip_40xx.a(clock_17xx_40xx.o)
                0x00000000000021d8                Chip_Clock_GetMainPLLOutClockRate
 .text.Chip_Clock_GetMainClockRate
                0x0000000000002218       0x28 /home/tobias/Documents/MCUXpresso_10.1.0_589/workspace/lpc_chip_40xx/Debug/liblpc_chip_40xx.a(clock_17xx_40xx.o)
                0x0000000000002218                Chip_Clock_GetMainClockRate
 .text.Chip_Clock_GetSystemClockRate
                0x0000000000002240       0x18 /home/tobias/Documents/MCUXpresso_10.1.0_589/workspace/lpc_chip_40xx/Debug/liblpc_chip_40xx.a(clock_17xx_40xx.o)
                0x0000000000002240                Chip_Clock_GetSystemClockRate
 .text.Chip_Clock_SetSPIFIClockSource
                0x0000000000002258       0x34 /home/tobias/Documents/MCUXpresso_10.1.0_589/workspace/lpc_chip_40xx/Debug/liblpc_chip_40xx.a(clock_17xx_40xx.o)
                0x0000000000002258                Chip_Clock_SetSPIFIClockSource
 .text.Chip_Clock_SetSPIFIClockDiv
                0x000000000000228c       0x30 /home/tobias/Documents/MCUXpresso_10.1.0_589/workspace/lpc_chip_40xx/Debug/liblpc_chip_40xx.a(clock_17xx_40xx.o)
                0x000000000000228c                Chip_Clock_SetSPIFIClockDiv
 .text.Chip_Clock_GetEMCClockDiv
                0x00000000000022bc       0x1c /home/tobias/Documents/MCUXpresso_10.1.0_589/workspace/lpc_chip_40xx/Debug/liblpc_chip_40xx.a(emc_17xx_40xx.o)
 .text.Chip_Clock_GetEMCClockRate
                0x00000000000022d8       0x18 /home/tobias/Documents/MCUXpresso_10.1.0_589/workspace/lpc_chip_40xx/Debug/liblpc_chip_40xx.a(emc_17xx_40xx.o)
 .text.convertTimmingParam
                0x00000000000022f0       0x6c /home/tobias/Documents/MCUXpresso_10.1.0_589/workspace/lpc_chip_40xx/Debug/liblpc_chip_40xx.a(emc_17xx_40xx.o)
 .text.getColsLen
                0x000000000000235c       0x4e /home/tobias/Documents/MCUXpresso_10.1.0_589/workspace/lpc_chip_40xx/Debug/liblpc_chip_40xx.a(emc_17xx_40xx.o)
 .text.initDynMem
                0x00000000000023aa      0x292 /home/tobias/Documents/MCUXpresso_10.1.0_589/workspace/lpc_chip_40xx/Debug/liblpc_chip_40xx.a(emc_17xx_40xx.o)
                0x00000000000023aa                initDynMem
 .text.initStaticMem
                0x000000000000263c       0xb0 /home/tobias/Documents/MCUXpresso_10.1.0_589/workspace/lpc_chip_40xx/Debug/liblpc_chip_40xx.a(emc_17xx_40xx.o)
                0x000000000000263c                initStaticMem
 .text.Chip_EMC_Dynamic_Init
                0x00000000000026ec       0x24 /home/tobias/Documents/MCUXpresso_10.1.0_589/workspace/lpc_chip_40xx/Debug/liblpc_chip_40xx.a(emc_17xx_40xx.o)
                0x00000000000026ec                Chip_EMC_Dynamic_Init
 .text.Chip_EMC_Static_Init
                0x0000000000002710       0x24 /home/tobias/Documents/MCUXpresso_10.1.0_589/workspace/lpc_chip_40xx/Debug/liblpc_chip_40xx.a(emc_17xx_40xx.o)
                0x0000000000002710                Chip_EMC_Static_Init
 .text.Chip_EMC_Init
                0x0000000000002734       0x50 /home/tobias/Documents/MCUXpresso_10.1.0_589/workspace/lpc_chip_40xx/Debug/liblpc_chip_40xx.a(emc_17xx_40xx.o)
                0x0000000000002734                Chip_EMC_Init
 .text.fpuInit  0x0000000000002784       0x74 /home/tobias/Documents/MCUXpresso_10.1.0_589/workspace/lpc_chip_40xx/Debug/liblpc_chip_40xx.a(fpu_init.o)
                0x0000000000002784                fpuInit
 .text.Chip_IOCON_PinMuxSet
                0x00000000000027f8       0x2e /home/tobias/Documents/MCUXpresso_10.1.0_589/workspace/lpc_chip_40xx/Debug/liblpc_chip_40xx.a(iocon_17xx_40xx.o)
 .text.Chip_IOCON_SetPinMuxing
                0x0000000000002826       0x62 /home/tobias/Documents/MCUXpresso_10.1.0_589/workspace/lpc_chip_40xx/Debug/liblpc_chip_40xx.a(iocon_17xx_40xx.o)
                0x0000000000002826                Chip_IOCON_SetPinMuxing
 .text.Chip_SYSCTL_PeriphReset
                0x0000000000002888       0x68 /home/tobias/Documents/MCUXpresso_10.1.0_589/workspace/lpc_chip_40xx/Debug/liblpc_chip_40xx.a(sysctl_17xx_40xx.o)
                0x0000000000002888                Chip_SYSCTL_PeriphReset
 .text.Chip_Clock_IsMainPLLEnabled
                0x00000000000028f0       0x28 /home/tobias/Documents/MCUXpresso_10.1.0_589/workspace/lpc_chip_40xx/Debug/liblpc_chip_40xx.a(sysinit_17xx_40xx.o)
 .text.Chip_Clock_IsMainPLLLocked
                0x0000000000002918       0x28 /home/tobias/Documents/MCUXpresso_10.1.0_589/workspace/lpc_chip_40xx/Debug/liblpc_chip_40xx.a(sysinit_17xx_40xx.o)
 .text.Chip_Clock_EnableCrystal
                0x0000000000002940       0x24 /home/tobias/Documents/MCUXpresso_10.1.0_589/workspace/lpc_chip_40xx/Debug/liblpc_chip_40xx.a(sysinit_17xx_40xx.o)
 .text.Chip_Clock_IsCrystalEnabled
                0x0000000000002964       0x28 /home/tobias/Documents/MCUXpresso_10.1.0_589/workspace/lpc_chip_40xx/Debug/liblpc_chip_40xx.a(sysinit_17xx_40xx.o)
 .text.Chip_Clock_SetMainPLLSource
                0x000000000000298c       0x24 /home/tobias/Documents/MCUXpresso_10.1.0_589/workspace/lpc_chip_40xx/Debug/liblpc_chip_40xx.a(sysinit_17xx_40xx.o)
 .text.Chip_Clock_SetPCLKDiv
                0x00000000000029b0       0x20 /home/tobias/Documents/MCUXpresso_10.1.0_589/workspace/lpc_chip_40xx/Debug/liblpc_chip_40xx.a(sysinit_17xx_40xx.o)
 .text.Chip_SetupXtalClocking
                0x00000000000029d0       0x82 /home/tobias/Documents/MCUXpresso_10.1.0_589/workspace/lpc_chip_40xx/Debug/liblpc_chip_40xx.a(sysinit_17xx_40xx.o)
                0x00000000000029d0                Chip_SetupXtalClocking
 .text.__main   0x0000000000002a52        0xe /usr/local/mcuxpressoide-10.1.0_589/ide/tools/bin/../lib/gcc/arm-none-eabi/6.3.1/../../../../arm-none-eabi/lib/thumb/v7e-m/fpv4-sp/softfp/libcr_semihost.a(_cr__main.o)
                0x0000000000002a52                __main
                0x0000000000002a52                __CR_SEMIHOST
 .text.memcpy   0x0000000000002a60        0x4 /usr/local/mcuxpressoide-10.1.0_589/ide/tools/bin/../lib/gcc/arm-none-eabi/6.3.1/../../../../arm-none-eabi/lib/thumb/v7e-m/fpv4-sp/softfp/libcr_c.a(memcpy.o)
                0x0000000000002a60                memcpy
 .text.memset   0x0000000000002a64        0x4 /usr/local/mcuxpressoide-10.1.0_589/ide/tools/bin/../lib/gcc/arm-none-eabi/6.3.1/../../../../arm-none-eabi/lib/thumb/v7e-m/fpv4-sp/softfp/libcr_c.a(memset.o)
                0x0000000000002a64                memset
 .text.malloc   0x0000000000002a68       0xc4 /usr/local/mcuxpressoide-10.1.0_589/ide/tools/bin/../lib/gcc/arm-none-eabi/6.3.1/../../../../arm-none-eabi/lib/thumb/v7e-m/fpv4-sp/softfp/libcr_c.a(alloc.o)
                0x0000000000002a68                malloc
 .text.free     0x0000000000002b2c       0x30 /usr/local/mcuxpressoide-10.1.0_589/ide/tools/bin/../lib/gcc/arm-none-eabi/6.3.1/../../../../arm-none-eabi/lib/thumb/v7e-m/fpv4-sp/softfp/libcr_c.a(alloc.o)
                0x0000000000002b2c                free
 .text._Csys_alloc
                0x0000000000002b5c       0x20 /usr/local/mcuxpressoide-10.1.0_589/ide/tools/bin/../lib/gcc/arm-none-eabi/6.3.1/../../../../arm-none-eabi/lib/thumb/v7e-m/fpv4-sp/softfp/libcr_c.a(alloc.o)
                0x0000000000002b5c                _Csys_alloc
 .text.fp_round
                0x0000000000002b7c       0x4e /usr/local/mcuxpressoide-10.1.0_589/ide/tools/bin/../lib/gcc/arm-none-eabi/6.3.1/../../../../arm-none-eabi/lib/thumb/v7e-m/fpv4-sp/softfp/libcr_c.a(fpprintf.o)
 .text.pr_dec.constprop.1
                0x0000000000002bca       0x26 /usr/local/mcuxpressoide-10.1.0_589/ide/tools/bin/../lib/gcc/arm-none-eabi/6.3.1/../../../../arm-none-eabi/lib/thumb/v7e-m/fpv4-sp/softfp/libcr_c.a(fpprintf.o)
 .text.sprintf  0x0000000000002bf0       0x6c /usr/local/mcuxpressoide-10.1.0_589/ide/tools/bin/../lib/gcc/arm-none-eabi/6.3.1/../../../../arm-none-eabi/lib/thumb/v7e-m/fpv4-sp/softfp/libcr_c.a(fpprintf.o)
                0x0000000000002bf0                sprintf
 *fill*         0x0000000000002c5c        0x4 ff
 .text.fp_display
                0x0000000000002c60      0x964 /usr/local/mcuxpressoide-10.1.0_589/ide/tools/bin/../lib/gcc/arm-none-eabi/6.3.1/../../../../arm-none-eabi/lib/thumb/v7e-m/fpv4-sp/softfp/libcr_c.a(fpprintf.o)
 .text.vsnprintf
                0x00000000000035c4       0x5c /usr/local/mcuxpressoide-10.1.0_589/ide/tools/bin/../lib/gcc/arm-none-eabi/6.3.1/../../../../arm-none-eabi/lib/thumb/v7e-m/fpv4-sp/softfp/libcr_c.a(fpprintf.o)
                0x00000000000035c4                vsnprintf
 .text.printf   0x0000000000003620       0x54 /usr/local/mcuxpressoide-10.1.0_589/ide/tools/bin/../lib/gcc/arm-none-eabi/6.3.1/../../../../arm-none-eabi/lib/thumb/v7e-m/fpv4-sp/softfp/libcr_c.a(fpprintf.o)
                0x0000000000003620                printf
 .text._initio  0x0000000000003674       0x78 /usr/local/mcuxpressoide-10.1.0_589/ide/tools/bin/../lib/gcc/arm-none-eabi/6.3.1/../../../../arm-none-eabi/lib/thumb/v7e-m/fpv4-sp/softfp/libcr_c.a(initio.o)
                0x0000000000003674                _initio
 .text.__vfprintf
                0x00000000000036ec      0xb7c /usr/local/mcuxpressoide-10.1.0_589/ide/tools/bin/../lib/gcc/arm-none-eabi/6.3.1/../../../../arm-none-eabi/lib/thumb/v7e-m/fpv4-sp/softfp/libcr_c.a(printf.o)
                0x00000000000036ec                __vfprintf
 .text.puts     0x0000000000004268       0x34 /usr/local/mcuxpressoide-10.1.0_589/ide/tools/bin/../lib/gcc/arm-none-eabi/6.3.1/../../../../arm-none-eabi/lib/thumb/v7e-m/fpv4-sp/softfp/libcr_c.a(puts.o)
                0x0000000000004268                puts
 .text.setvbuf  0x000000000000429c       0x40 /usr/local/mcuxpressoide-10.1.0_589/ide/tools/bin/../lib/gcc/arm-none-eabi/6.3.1/../../../../arm-none-eabi/lib/thumb/v7e-m/fpv4-sp/softfp/libcr_c.a(setvbuf.o)
                0x000000000000429c                setvbuf
 .text.strlen   0x00000000000042dc       0x4a /usr/local/mcuxpressoide-10.1.0_589/ide/tools/bin/../lib/gcc/arm-none-eabi/6.3.1/../../../../arm-none-eabi/lib/thumb/v7e-m/fpv4-sp/softfp/libcr_c.a(strlen.o)
                0x00000000000042dc                strlen
 *fill*         0x0000000000004326        0x2 ff
 .text._sbrk    0x0000000000004328       0x3c /usr/local/mcuxpressoide-10.1.0_589/ide/tools/bin/../lib/gcc/arm-none-eabi/6.3.1/../../../../arm-none-eabi/lib/thumb/v7e-m/fpv4-sp/softfp/libcr_c.a(_cr_sbrk.o)
                0x0000000000004328                _sbrk
 .text._deferredlazyseek
                0x0000000000004364       0x40 /usr/local/mcuxpressoide-10.1.0_589/ide/tools/bin/../lib/gcc/arm-none-eabi/6.3.1/../../../../arm-none-eabi/lib/thumb/v7e-m/fpv4-sp/softfp/libcr_c.a(_deferredlazyseek.o)
                0x0000000000004364                _deferredlazyseek
 .text.__flsbuf
                0x00000000000043a4      0x148 /usr/local/mcuxpressoide-10.1.0_589/ide/tools/bin/../lib/gcc/arm-none-eabi/6.3.1/../../../../arm-none-eabi/lib/thumb/v7e-m/fpv4-sp/softfp/libcr_c.a(_deferredlazyseek.o)
                0x00000000000043a4                __flsbuf
 .text._fdopen  0x00000000000044ec       0x68 /usr/local/mcuxpressoide-10.1.0_589/ide/tools/bin/../lib/gcc/arm-none-eabi/6.3.1/../../../../arm-none-eabi/lib/thumb/v7e-m/fpv4-sp/softfp/libcr_c.a(_fdopen.o)
                0x00000000000044ec                _fdopen
 .text._fflush  0x0000000000004554       0x54 /usr/local/mcuxpressoide-10.1.0_589/ide/tools/bin/../lib/gcc/arm-none-eabi/6.3.1/../../../../arm-none-eabi/lib/thumb/v7e-m/fpv4-sp/softfp/libcr_c.a(_fflush.o)
                0x0000000000004554                _fflush
 .text._frexpl  0x00000000000045a8       0x58 /usr/local/mcuxpressoide-10.1.0_589/ide/tools/bin/../lib/gcc/arm-none-eabi/6.3.1/../../../../arm-none-eabi/lib/thumb/v7e-m/fpv4-sp/softfp/libcr_c.a(_frexpl.o)
                0x00000000000045a8                _frexpl
 .text._ldexpl  0x0000000000004600       0x4c /usr/local/mcuxpressoide-10.1.0_589/ide/tools/bin/../lib/gcc/arm-none-eabi/6.3.1/../../../../arm-none-eabi/lib/thumb/v7e-m/fpv4-sp/softfp/libcr_c.a(_ldexpl.o)
                0x0000000000004600                _ldexpl
 .text._Cwritebuf
                0x000000000000464c       0x6c /usr/local/mcuxpressoide-10.1.0_589/ide/tools/bin/../lib/gcc/arm-none-eabi/6.3.1/../../../../arm-none-eabi/lib/thumb/v7e-m/fpv4-sp/softfp/libcr_c.a(_writebuf.o)
                0x000000000000464c                _Cwritebuf
 .text.fclose   0x00000000000046b8       0x58 /usr/local/mcuxpressoide-10.1.0_589/ide/tools/bin/../lib/gcc/arm-none-eabi/6.3.1/../../../../arm-none-eabi/lib/thumb/v7e-m/fpv4-sp/softfp/libcr_c.a(fclose.o)
                0x00000000000046b8                fclose
 .text.fflush   0x0000000000004710       0x44 /usr/local/mcuxpressoide-10.1.0_589/ide/tools/bin/../lib/gcc/arm-none-eabi/6.3.1/../../../../arm-none-eabi/lib/thumb/v7e-m/fpv4-sp/softfp/libcr_c.a(fflush.o)
                0x0000000000004710                fflush
 .text.fseek    0x0000000000004754      0x100 /usr/local/mcuxpressoide-10.1.0_589/ide/tools/bin/../lib/gcc/arm-none-eabi/6.3.1/../../../../arm-none-eabi/lib/thumb/v7e-m/fpv4-sp/softfp/libcr_c.a(fseek.o)
                0x0000000000004754                fseek
 .text.ftell    0x0000000000004854       0x48 /usr/local/mcuxpressoide-10.1.0_589/ide/tools/bin/../lib/gcc/arm-none-eabi/6.3.1/../../../../arm-none-eabi/lib/thumb/v7e-m/fpv4-sp/softfp/libcr_c.a(ftell.o)
                0x0000000000004854                ftell
 .text.remove   0x000000000000489c       0x14 /usr/local/mcuxpressoide-10.1.0_589/ide/tools/bin/../lib/gcc/arm-none-eabi/6.3.1/../../../../arm-none-eabi/lib/thumb/v7e-m/fpv4-sp/softfp/libcr_c.a(remove.o)
                0x000000000000489c                remove
 .text.__check_heap_overflow
                0x00000000000048b0       0x18 /usr/local/mcuxpressoide-10.1.0_589/ide/tools/bin/../lib/gcc/arm-none-eabi/6.3.1/../../../../arm-none-eabi/lib/thumb/v7e-m/fpv4-sp/softfp/libcr_c.a(_cr_check_heap.o)
                0x00000000000048b0                __check_heap_overflow
 .text._do_fflush
                0x00000000000048c8       0x40 /usr/local/mcuxpressoide-10.1.0_589/ide/tools/bin/../lib/gcc/arm-none-eabi/6.3.1/../../../../arm-none-eabi/lib/thumb/v7e-m/fpv4-sp/softfp/libcr_c.a(_do_fflush.o)
                0x00000000000048c8                _do_fflush
 .text.__aeabi_dmul
                0x0000000000004908      0x118 /usr/local/mcuxpressoide-10.1.0_589/ide/tools/bin/../lib/gcc/arm-none-eabi/6.3.1/thumb/v7e-m/fpv4-sp/softfp/libcr_eabihelpers.a(double.o)
                0x0000000000004908                __aeabi_dmul
 .text.__aeabi_ddiv
                0x0000000000004a20      0x13c /usr/local/mcuxpressoide-10.1.0_589/ide/tools/bin/../lib/gcc/arm-none-eabi/6.3.1/thumb/v7e-m/fpv4-sp/softfp/libcr_eabihelpers.a(double.o)
                0x0000000000004a20                __aeabi_ddiv
 .text.__aeabi_dsub
                0x0000000000004b5c      0x1cc /usr/local/mcuxpressoide-10.1.0_589/ide/tools/bin/../lib/gcc/arm-none-eabi/6.3.1/thumb/v7e-m/fpv4-sp/softfp/libcr_eabihelpers.a(double.o)
                0x0000000000004b5c                __aeabi_dsub
 .text.__aeabi_dadd
                0x0000000000004d28      0x114 /usr/local/mcuxpressoide-10.1.0_589/ide/tools/bin/../lib/gcc/arm-none-eabi/6.3.1/thumb/v7e-m/fpv4-sp/softfp/libcr_eabihelpers.a(double.o)
                0x0000000000004d28                __aeabi_dadd
 .text.__aeabi_d2iz
                0x0000000000004e3c       0x40 /usr/local/mcuxpressoide-10.1.0_589/ide/tools/bin/../lib/gcc/arm-none-eabi/6.3.1/thumb/v7e-m/fpv4-sp/softfp/libcr_eabihelpers.a(double.o)
                0x0000000000004e3c                __aeabi_d2iz
 .text.__bhs_ui2d
                0x0000000000004e7c       0x46 /usr/local/mcuxpressoide-10.1.0_589/ide/tools/bin/../lib/gcc/arm-none-eabi/6.3.1/thumb/v7e-m/fpv4-sp/softfp/libcr_eabihelpers.a(double.o)
                0x0000000000004e7c                __bhs_ui2d
 .text.__aeabi_i2d
                0x0000000000004ec2       0x12 /usr/local/mcuxpressoide-10.1.0_589/ide/tools/bin/../lib/gcc/arm-none-eabi/6.3.1/thumb/v7e-m/fpv4-sp/softfp/libcr_eabihelpers.a(double.o)
                0x0000000000004ec2                __aeabi_i2d
 .text.__aeabi_dcmpeq
                0x0000000000004ed4       0x30 /usr/local/mcuxpressoide-10.1.0_589/ide/tools/bin/../lib/gcc/arm-none-eabi/6.3.1/thumb/v7e-m/fpv4-sp/softfp/libcr_eabihelpers.a(double.o)
                0x0000000000004ed4                __aeabi_dcmpeq
 .text.__aeabi_dcmplt
                0x0000000000004f04       0x58 /usr/local/mcuxpressoide-10.1.0_589/ide/tools/bin/../lib/gcc/arm-none-eabi/6.3.1/thumb/v7e-m/fpv4-sp/softfp/libcr_eabihelpers.a(double.o)
                0x0000000000004f04                __aeabi_dcmplt
 .text.__aeabi_dcmple
                0x0000000000004f5c       0x54 /usr/local/mcuxpressoide-10.1.0_589/ide/tools/bin/../lib/gcc/arm-none-eabi/6.3.1/thumb/v7e-m/fpv4-sp/softfp/libcr_eabihelpers.a(double.o)
                0x0000000000004f5c                __aeabi_dcmple
 .text.__aeabi_dcmpge
                0x0000000000004fb0       0x54 /usr/local/mcuxpressoide-10.1.0_589/ide/tools/bin/../lib/gcc/arm-none-eabi/6.3.1/thumb/v7e-m/fpv4-sp/softfp/libcr_eabihelpers.a(double.o)
                0x0000000000004fb0                __aeabi_dcmpge
 .text.__aeabi_memcpy
                0x0000000000005004       0x34 /usr/local/mcuxpressoide-10.1.0_589/ide/tools/bin/../lib/gcc/arm-none-eabi/6.3.1/thumb/v7e-m/fpv4-sp/softfp/libcr_eabihelpers.a(memcpy.o)
                0x0000000000005004                __aeabi_memcpy
                0x000000000000500e                __aeabi_memcpy4
                0x000000000000500e                __aeabi_memcpy8
 .text.__aeabi_memset_lowlevel
                0x0000000000005038       0x32 /usr/local/mcuxpressoide-10.1.0_589/ide/tools/bin/../lib/gcc/arm-none-eabi/6.3.1/thumb/v7e-m/fpv4-sp/softfp/libcr_eabihelpers.a(memcpy.o)
                0x0000000000005038                __aeabi_lowlevel_memset
 *fill*         0x000000000000506a        0x2 ff
 .text.__sys_appexit
                0x000000000000506c        0xc /usr/local/mcuxpressoide-10.1.0_589/ide/tools/bin/../lib/gcc/arm-none-eabi/6.3.1/../../../../arm-none-eabi/lib/thumb/v7e-m/fpv4-sp/softfp/libcr_semihost.a(__sys_appexit.o)
                0x000000000000506c                __exit
                0x000000000000506c                __sys_appexit
 .text.__sys_close
                0x0000000000005078        0xc /usr/local/mcuxpressoide-10.1.0_589/ide/tools/bin/../lib/gcc/arm-none-eabi/6.3.1/../../../../arm-none-eabi/lib/thumb/v7e-m/fpv4-sp/softfp/libcr_semihost.a(__sys_close.o)
                0x0000000000005078                __sys_close
 .text.__sys_flen
                0x0000000000005084        0xc /usr/local/mcuxpressoide-10.1.0_589/ide/tools/bin/../lib/gcc/arm-none-eabi/6.3.1/../../../../arm-none-eabi/lib/thumb/v7e-m/fpv4-sp/softfp/libcr_semihost.a(__sys_flen.o)
                0x0000000000005084                __sys_flen
 .text.__sys_istty
                0x0000000000005090        0xc /usr/local/mcuxpressoide-10.1.0_589/ide/tools/bin/../lib/gcc/arm-none-eabi/6.3.1/../../../../arm-none-eabi/lib/thumb/v7e-m/fpv4-sp/softfp/libcr_semihost.a(__sys_istty.o)
                0x0000000000005090                __sys_istty
 .text.__sys_remove
                0x000000000000509c        0xc /usr/local/mcuxpressoide-10.1.0_589/ide/tools/bin/../lib/gcc/arm-none-eabi/6.3.1/../../../../arm-none-eabi/lib/thumb/v7e-m/fpv4-sp/softfp/libcr_semihost.a(__sys_remove.o)
                0x000000000000509c                __sys_remove
 .text.__sys_seek
                0x00000000000050a8        0xc /usr/local/mcuxpressoide-10.1.0_589/ide/tools/bin/../lib/gcc/arm-none-eabi/6.3.1/../../../../arm-none-eabi/lib/thumb/v7e-m/fpv4-sp/softfp/libcr_semihost.a(__sys_seek.o)
                0x00000000000050a8                __sys_seek
 .text.__sys_tmpnam
                0x00000000000050b4        0xc /usr/local/mcuxpressoide-10.1.0_589/ide/tools/bin/../lib/gcc/arm-none-eabi/6.3.1/../../../../arm-none-eabi/lib/thumb/v7e-m/fpv4-sp/softfp/libcr_semihost.a(__sys_tmpnam.o)
                0x00000000000050b4                __sys_tmpnam
 .text.__sys_write
                0x00000000000050c0        0xc /usr/local/mcuxpressoide-10.1.0_589/ide/tools/bin/../lib/gcc/arm-none-eabi/6.3.1/../../../../arm-none-eabi/lib/thumb/v7e-m/fpv4-sp/softfp/libcr_semihost.a(__sys_write.o)
                0x00000000000050c0                __sys_write
 *(.rodata .rodata.* .constdata .constdata.*)
 .rodata        0x00000000000050cc        0x5 ./freertos/src/tasks.o
 *fill*         0x00000000000050d1        0x3 ff
 .rodata        0x00000000000050d4       0x5f ./example/src/freertos_queue.o
 *fill*         0x0000000000005133        0x1 ff
 .rodata.ledBits
                0x0000000000005134        0x2 /home/tobias/Documents/MCUXpresso_10.1.0_589/workspace/lpc_board_ea_devkit_4088/Debug/liblpc_board_ea_devkit_4088.a(board.o)
 *fill*         0x0000000000005136        0x2 ff
 .rodata.OscRateIn
                0x0000000000005138        0x4 /home/tobias/Documents/MCUXpresso_10.1.0_589/workspace/lpc_board_ea_devkit_4088/Debug/liblpc_board_ea_devkit_4088.a(board.o)
                0x0000000000005138                OscRateIn
 .rodata.pinmuxing
                0x000000000000513c       0x88 /home/tobias/Documents/MCUXpresso_10.1.0_589/workspace/lpc_board_ea_devkit_4088/Debug/liblpc_board_ea_devkit_4088.a(board_sysinit.o)
 .rodata.IS42S32800D_config
                0x00000000000051c4       0x74 /home/tobias/Documents/MCUXpresso_10.1.0_589/workspace/lpc_board_ea_devkit_4088/Debug/liblpc_board_ea_devkit_4088.a(board_sysinit.o)
 .rodata.SST39VF320_config
                0x0000000000005238       0x20 /home/tobias/Documents/MCUXpresso_10.1.0_589/workspace/lpc_board_ea_devkit_4088/Debug/liblpc_board_ea_devkit_4088.a(board_sysinit.o)
 .rodata.K9F1G_config
                0x0000000000005258       0x20 /home/tobias/Documents/MCUXpresso_10.1.0_589/workspace/lpc_board_ea_devkit_4088/Debug/liblpc_board_ea_devkit_4088.a(board_sysinit.o)
 .rodata.__num_Ciob_streams
                0x0000000000005278        0x4 /usr/local/mcuxpressoide-10.1.0_589/ide/tools/bin/../lib/gcc/arm-none-eabi/6.3.1/../../../../arm-none-eabi/lib/thumb/v7e-m/fpv4-sp/softfp/libcr_semihost.a(__ciob.o)
                0x0000000000005278                __num_Ciob_streams
 .rodata._Csys_alloc.str1.1
                0x000000000000527c       0x18 /usr/local/mcuxpressoide-10.1.0_589/ide/tools/bin/../lib/gcc/arm-none-eabi/6.3.1/../../../../arm-none-eabi/lib/thumb/v7e-m/fpv4-sp/softfp/libcr_c.a(alloc.o)
 .rodata.fp_display.str1.1
                0x0000000000005294       0x34 /usr/local/mcuxpressoide-10.1.0_589/ide/tools/bin/../lib/gcc/arm-none-eabi/6.3.1/../../../../arm-none-eabi/lib/thumb/v7e-m/fpv4-sp/softfp/libcr_c.a(fpprintf.o)
                                         0x35 (size before relaxing)
 .rodata._initio.str1.1
                0x00000000000052c8        0x4 /usr/local/mcuxpressoide-10.1.0_589/ide/tools/bin/../lib/gcc/arm-none-eabi/6.3.1/../../../../arm-none-eabi/lib/thumb/v7e-m/fpv4-sp/softfp/libcr_c.a(initio.o)
 .rodata.__vfprintf.str1.1
                0x00000000000052cc       0x31 /usr/local/mcuxpressoide-10.1.0_589/ide/tools/bin/../lib/gcc/arm-none-eabi/6.3.1/../../../../arm-none-eabi/lib/thumb/v7e-m/fpv4-sp/softfp/libcr_c.a(printf.o)
                                         0x38 (size before relaxing)
 .rodata.puts.str1.1
                0x00000000000052fd       0x31 /usr/local/mcuxpressoide-10.1.0_589/ide/tools/bin/../lib/gcc/arm-none-eabi/6.3.1/../../../../arm-none-eabi/lib/thumb/v7e-m/fpv4-sp/softfp/libcr_c.a(puts.o)
                                          0x2 (size before relaxing)
 *fill*         0x00000000000052fd        0x3 ff
 .rodata.__huge_vall
                0x0000000000005300        0x8 /usr/local/mcuxpressoide-10.1.0_589/ide/tools/bin/../lib/gcc/arm-none-eabi/6.3.1/../../../../arm-none-eabi/lib/thumb/v7e-m/fpv4-sp/softfp/libcr_c.a(_hugeval.o)
                0x0000000000005300                __huge_vall
                0x0000000000005308                . = ALIGN (0x4)

.glue_7         0x0000000000005308        0x0
 .glue_7        0x0000000000005308        0x0 linker stubs

.glue_7t        0x0000000000005308        0x0
 .glue_7t       0x0000000000005308        0x0 linker stubs

.vfp11_veneer   0x0000000000005308        0x0
 .vfp11_veneer  0x0000000000005308        0x0 linker stubs

.v4_bx          0x0000000000005308        0x0
 .v4_bx         0x0000000000005308        0x0 linker stubs

.iplt           0x0000000000005308        0x0
 .iplt          0x0000000000005308        0x0 ./freertos/src/FreeRTOSCommonHooks.o

.rel.dyn        0x0000000000005308        0x0
 .rel.iplt      0x0000000000005308        0x0 ./freertos/src/FreeRTOSCommonHooks.o

.ARM.extab
 *(.ARM.extab* .gnu.linkonce.armextab.*)
                0x0000000000005308                __exidx_start = .

.ARM.exidx
 *(.ARM.exidx* .gnu.linkonce.armexidx.*)
                0x0000000000005308                __exidx_end = .
                0x0000000000005308                _etext = .

.data_RAM2      0x0000000020000000        0x0 load address 0x0000000000005308
 FILL mask 0xff
                [!provide]                        PROVIDE (__start_data_RAM2, .)
 *(.ramfunc.$RAM2)
 *(.ramfunc.$RamPeriph32)
 *(.data.$RAM2*)
 *(.data.$RamPeriph32*)
                0x0000000020000000                . = ALIGN (0x4)
                [!provide]                        PROVIDE (__end_data_RAM2, .)

.uninit_RESERVED
                0x0000000010000000        0x0
 *(.bss.$RESERVED*)
                0x0000000010000000                . = ALIGN (0x4)
                0x0000000010000000                _end_uninit_RESERVED = .

.data           0x0000000010000000        0x8 load address 0x0000000000005308
 FILL mask 0xff
                0x0000000010000000                _data = .
 *(vtable)
 *(.ramfunc*)
 *(.data*)
 .data.uxCriticalNesting
                0x0000000010000000        0x4 ./freertos/src/port.o
 .data.xNextTaskUnblockTime
                0x0000000010000004        0x4 ./freertos/src/tasks.o
                0x0000000010000008                . = ALIGN (0x4)
                0x0000000010000008                _edata = .

.igot.plt       0x0000000010000008        0x0 load address 0x0000000000005310
 .igot.plt      0x0000000010000008        0x0 ./freertos/src/FreeRTOSCommonHooks.o

.bss_RAM2       0x0000000020000000        0x0
                [!provide]                        PROVIDE (__start_bss_RAM2, .)
 *(.bss.$RAM2*)
 *(.bss.$RamPeriph32*)
                0x0000000020000000                . = ALIGN ((. != 0x0)?0x4:0x1)
                [!provide]                        PROVIDE (__end_bss_RAM2, .)

.bss            0x0000000010000008      0x338
                0x0000000010000008                _bss = .
 *(.bss*)
 .bss.ulTimerCountsForOneTick
                0x0000000010000008        0x4 ./freertos/src/port.o
 .bss.xMaximumPossibleSuppressedTicks
                0x000000001000000c        0x4 ./freertos/src/port.o
 .bss.ulStoppedTimerCompensation
                0x0000000010000010        0x4 ./freertos/src/port.o
 .bss.pxCurrentTCB
                0x0000000010000014        0x4 ./freertos/src/tasks.o
                0x0000000010000014                pxCurrentTCB
 .bss.pxReadyTasksLists
                0x0000000010000018       0xa0 ./freertos/src/tasks.o
 .bss.xDelayedTaskList1
                0x00000000100000b8       0x14 ./freertos/src/tasks.o
 .bss.xDelayedTaskList2
                0x00000000100000cc       0x14 ./freertos/src/tasks.o
 .bss.pxDelayedTaskList
                0x00000000100000e0        0x4 ./freertos/src/tasks.o
 .bss.pxOverflowDelayedTaskList
                0x00000000100000e4        0x4 ./freertos/src/tasks.o
 .bss.xPendingReadyList
                0x00000000100000e8       0x14 ./freertos/src/tasks.o
 .bss.xTasksWaitingTermination
                0x00000000100000fc       0x14 ./freertos/src/tasks.o
 .bss.uxTasksDeleted
                0x0000000010000110        0x4 ./freertos/src/tasks.o
 .bss.xSuspendedTaskList
                0x0000000010000114       0x14 ./freertos/src/tasks.o
 .bss.uxCurrentNumberOfTasks
                0x0000000010000128        0x4 ./freertos/src/tasks.o
 .bss.xTickCount
                0x000000001000012c        0x4 ./freertos/src/tasks.o
 .bss.uxTopReadyPriority
                0x0000000010000130        0x4 ./freertos/src/tasks.o
 .bss.xSchedulerRunning
                0x0000000010000134        0x4 ./freertos/src/tasks.o
 .bss.uxSchedulerSuspended
                0x0000000010000138        0x4 ./freertos/src/tasks.o
 .bss.uxPendedTicks
                0x000000001000013c        0x4 ./freertos/src/tasks.o
 .bss.xYieldPending
                0x0000000010000140        0x4 ./freertos/src/tasks.o
 .bss.xNumOfOverflows
                0x0000000010000144        0x4 ./freertos/src/tasks.o
 .bss.uxTaskNumber
                0x0000000010000148        0x4 ./freertos/src/tasks.o
 .bss.queue_handle
                0x000000001000014c        0x4 ./example/src/freertos_queue.o
                0x000000001000014c                queue_handle
 .bss.__Ciob    0x0000000010000150      0x1e0 /usr/local/mcuxpressoide-10.1.0_589/ide/tools/bin/../lib/gcc/arm-none-eabi/6.3.1/../../../../arm-none-eabi/lib/thumb/v7e-m/fpv4-sp/softfp/libcr_semihost.a(__ciob.o)
                0x0000000010000150                __Ciob
 .bss.__end_of_heap
                0x0000000010000330        0x4 /usr/local/mcuxpressoide-10.1.0_589/ide/tools/bin/../lib/gcc/arm-none-eabi/6.3.1/../../../../arm-none-eabi/lib/thumb/v7e-m/fpv4-sp/softfp/libcr_c.a(__init_alloc.o)
                0x0000000010000330                __end_of_heap
 .bss.__heaps   0x0000000010000334        0x4 /usr/local/mcuxpressoide-10.1.0_589/ide/tools/bin/../lib/gcc/arm-none-eabi/6.3.1/../../../../arm-none-eabi/lib/thumb/v7e-m/fpv4-sp/softfp/libcr_c.a(__init_alloc.o)
                0x0000000010000334                __heaps
 .bss.errno     0x0000000010000338        0x4 /usr/local/mcuxpressoide-10.1.0_589/ide/tools/bin/../lib/gcc/arm-none-eabi/6.3.1/../../../../arm-none-eabi/lib/thumb/v7e-m/fpv4-sp/softfp/libcr_c.a(errno.o)
                0x0000000010000338                errno
 *(COMMON)
 COMMON         0x000000001000033c        0x4 /home/tobias/Documents/MCUXpresso_10.1.0_589/workspace/lpc_chip_40xx/Debug/liblpc_chip_40xx.a(chip_17xx_40xx.o)
                0x000000001000033c                SystemCoreClock
                0x0000000010000340                . = ALIGN (0x4)
                0x0000000010000340                _ebss = .
                [!provide]                        PROVIDE (end, .)

.noinit_RAM2    0x0000000020000000        0x0
 *(.noinit.$RAM2*)
 *(.noinit.$RamPeriph32*)
                0x0000000020000000                . = ALIGN (0x4)

.noinit         0x0000000010000340        0x0
                0x0000000010000340                _noinit = .
 *(.noinit*)
                0x0000000010000340                . = ALIGN (0x4)
                0x0000000010000340                _end_noinit = .
                0x0000000010000340                PROVIDE (_pvHeapStart, DEFINED (__user_heap_base)?__user_heap_base:.)
                0x0000000010010000                PROVIDE (_vStackTop, DEFINED (__user_stack_top)?__user_stack_top:(__top_RamLoc64 - 0x0))
                [!provide]                        PROVIDE (__valid_user_code_checksum, (0x0 - ((((((_vStackTop + (ResetISR + 0x1)) + (NMI_Handler + 0x1)) + (HardFault_Handler + 0x1)) + (DEFINED (MemManage_Handler)?MemManage_Handler:0x0 + 0x1)) + (DEFINED (BusFault_Handler)?BusFault_Handler:0x0 + 0x1)) + (DEFINED (UsageFault_Handler)?UsageFault_Handler:0x0 + 0x1))))
                0x0000000000000000                _image_start = LOADADDR (.text)
                0x0000000000005310                _image_end = (LOADADDR (.data) + SIZEOF (.data))
                0x0000000000005310                _image_size = (_image_end - _image_start)
OUTPUT(freertos_queue.axf elf32-littlearm)

.debug_info     0x0000000000000000     0x9820
 .debug_info    0x0000000000000000      0x481 ./freertos/src/FreeRTOSCommonHooks.o
 .debug_info    0x0000000000000481      0x3c2 ./freertos/src/heap_3.o
 .debug_info    0x0000000000000843      0x55d ./freertos/src/list.o
 .debug_info    0x0000000000000da0      0x693 ./freertos/src/port.o
 .debug_info    0x0000000000001433      0xe87 ./freertos/src/queue.o
 .debug_info    0x00000000000022ba     0x14ac ./freertos/src/tasks.o
 .debug_info    0x0000000000003766      0x26b ./example/src/cr_startup_lpc40xx.o
 .debug_info    0x00000000000039d1      0x544 ./example/src/freertos_queue.o
 .debug_info    0x0000000000003f15      0x393 ./example/src/sysinit.o
 .debug_info    0x00000000000042a8     0x1c40 /home/tobias/Documents/MCUXpresso_10.1.0_589/workspace/lpc_board_ea_devkit_4088/Debug/liblpc_board_ea_devkit_4088.a(board.o)
 .debug_info    0x0000000000005ee8      0xca3 /home/tobias/Documents/MCUXpresso_10.1.0_589/workspace/lpc_board_ea_devkit_4088/Debug/liblpc_board_ea_devkit_4088.a(board_sysinit.o)
 .debug_info    0x0000000000006b8b      0x632 /home/tobias/Documents/MCUXpresso_10.1.0_589/workspace/lpc_chip_40xx/Debug/liblpc_chip_40xx.a(chip_17xx_40xx.o)
 .debug_info    0x00000000000071bd      0xbc5 /home/tobias/Documents/MCUXpresso_10.1.0_589/workspace/lpc_chip_40xx/Debug/liblpc_chip_40xx.a(clock_17xx_40xx.o)
 .debug_info    0x0000000000007d82      0xc8d /home/tobias/Documents/MCUXpresso_10.1.0_589/workspace/lpc_chip_40xx/Debug/liblpc_chip_40xx.a(emc_17xx_40xx.o)
 .debug_info    0x0000000000008a0f      0x15d /home/tobias/Documents/MCUXpresso_10.1.0_589/workspace/lpc_chip_40xx/Debug/liblpc_chip_40xx.a(fpu_init.o)
 .debug_info    0x0000000000008b6c      0x23a /home/tobias/Documents/MCUXpresso_10.1.0_589/workspace/lpc_chip_40xx/Debug/liblpc_chip_40xx.a(iocon_17xx_40xx.o)
 .debug_info    0x0000000000008da6      0x54e /home/tobias/Documents/MCUXpresso_10.1.0_589/workspace/lpc_chip_40xx/Debug/liblpc_chip_40xx.a(sysctl_17xx_40xx.o)
 .debug_info    0x00000000000092f4      0x52c /home/tobias/Documents/MCUXpresso_10.1.0_589/workspace/lpc_chip_40xx/Debug/liblpc_chip_40xx.a(sysinit_17xx_40xx.o)

.debug_abbrev   0x0000000000000000     0x1fa6
 .debug_abbrev  0x0000000000000000      0x179 ./freertos/src/FreeRTOSCommonHooks.o
 .debug_abbrev  0x0000000000000179      0x14b ./freertos/src/heap_3.o
 .debug_abbrev  0x00000000000002c4      0x156 ./freertos/src/list.o
 .debug_abbrev  0x000000000000041a      0x235 ./freertos/src/port.o
 .debug_abbrev  0x000000000000064f      0x21d ./freertos/src/queue.o
 .debug_abbrev  0x000000000000086c      0x26e ./freertos/src/tasks.o
 .debug_abbrev  0x0000000000000ada      0x114 ./example/src/cr_startup_lpc40xx.o
 .debug_abbrev  0x0000000000000bee      0x1b5 ./example/src/freertos_queue.o
 .debug_abbrev  0x0000000000000da3      0x111 ./example/src/sysinit.o
 .debug_abbrev  0x0000000000000eb4      0x3a8 /home/tobias/Documents/MCUXpresso_10.1.0_589/workspace/lpc_board_ea_devkit_4088/Debug/liblpc_board_ea_devkit_4088.a(board.o)
 .debug_abbrev  0x000000000000125c      0x24f /home/tobias/Documents/MCUXpresso_10.1.0_589/workspace/lpc_board_ea_devkit_4088/Debug/liblpc_board_ea_devkit_4088.a(board_sysinit.o)
 .debug_abbrev  0x00000000000014ab      0x16d /home/tobias/Documents/MCUXpresso_10.1.0_589/workspace/lpc_chip_40xx/Debug/liblpc_chip_40xx.a(chip_17xx_40xx.o)
 .debug_abbrev  0x0000000000001618      0x2c9 /home/tobias/Documents/MCUXpresso_10.1.0_589/workspace/lpc_chip_40xx/Debug/liblpc_chip_40xx.a(clock_17xx_40xx.o)
 .debug_abbrev  0x00000000000018e1      0x207 /home/tobias/Documents/MCUXpresso_10.1.0_589/workspace/lpc_chip_40xx/Debug/liblpc_chip_40xx.a(emc_17xx_40xx.o)
 .debug_abbrev  0x0000000000001ae8       0xaa /home/tobias/Documents/MCUXpresso_10.1.0_589/workspace/lpc_chip_40xx/Debug/liblpc_chip_40xx.a(fpu_init.o)
 .debug_abbrev  0x0000000000001b92      0x12c /home/tobias/Documents/MCUXpresso_10.1.0_589/workspace/lpc_chip_40xx/Debug/liblpc_chip_40xx.a(iocon_17xx_40xx.o)
 .debug_abbrev  0x0000000000001cbe      0x15e /home/tobias/Documents/MCUXpresso_10.1.0_589/workspace/lpc_chip_40xx/Debug/liblpc_chip_40xx.a(sysctl_17xx_40xx.o)
 .debug_abbrev  0x0000000000001e1c      0x18a /home/tobias/Documents/MCUXpresso_10.1.0_589/workspace/lpc_chip_40xx/Debug/liblpc_chip_40xx.a(sysinit_17xx_40xx.o)

.debug_aranges  0x0000000000000000      0x940
 .debug_aranges
                0x0000000000000000       0x40 ./freertos/src/FreeRTOSCommonHooks.o
 .debug_aranges
                0x0000000000000040       0x28 ./freertos/src/heap_3.o
 .debug_aranges
                0x0000000000000068       0x40 ./freertos/src/list.o
 .debug_aranges
                0x00000000000000a8       0x98 ./freertos/src/port.o
 .debug_aranges
                0x0000000000000140       0xf0 ./freertos/src/queue.o
 .debug_aranges
                0x0000000000000230      0x170 ./freertos/src/tasks.o
 .debug_aranges
                0x00000000000003a0       0x80 ./example/src/cr_startup_lpc40xx.o
 .debug_aranges
                0x0000000000000420       0x30 ./example/src/freertos_queue.o
 .debug_aranges
                0x0000000000000450       0x20 ./example/src/sysinit.o
 .debug_aranges
                0x0000000000000470      0x1c8 /home/tobias/Documents/MCUXpresso_10.1.0_589/workspace/lpc_board_ea_devkit_4088/Debug/liblpc_board_ea_devkit_4088.a(board.o)
 .debug_aranges
                0x0000000000000638       0x50 /home/tobias/Documents/MCUXpresso_10.1.0_589/workspace/lpc_board_ea_devkit_4088/Debug/liblpc_board_ea_devkit_4088.a(board_sysinit.o)
 .debug_aranges
                0x0000000000000688       0x30 /home/tobias/Documents/MCUXpresso_10.1.0_589/workspace/lpc_chip_40xx/Debug/liblpc_chip_40xx.a(chip_17xx_40xx.o)
 .debug_aranges
                0x00000000000006b8      0x138 /home/tobias/Documents/MCUXpresso_10.1.0_589/workspace/lpc_chip_40xx/Debug/liblpc_chip_40xx.a(clock_17xx_40xx.o)
 .debug_aranges
                0x00000000000007f0       0x80 /home/tobias/Documents/MCUXpresso_10.1.0_589/workspace/lpc_chip_40xx/Debug/liblpc_chip_40xx.a(emc_17xx_40xx.o)
 .debug_aranges
                0x0000000000000870       0x20 /home/tobias/Documents/MCUXpresso_10.1.0_589/workspace/lpc_chip_40xx/Debug/liblpc_chip_40xx.a(fpu_init.o)
 .debug_aranges
                0x0000000000000890       0x28 /home/tobias/Documents/MCUXpresso_10.1.0_589/workspace/lpc_chip_40xx/Debug/liblpc_chip_40xx.a(iocon_17xx_40xx.o)
 .debug_aranges
                0x00000000000008b8       0x28 /home/tobias/Documents/MCUXpresso_10.1.0_589/workspace/lpc_chip_40xx/Debug/liblpc_chip_40xx.a(sysctl_17xx_40xx.o)
 .debug_aranges
                0x00000000000008e0       0x60 /home/tobias/Documents/MCUXpresso_10.1.0_589/workspace/lpc_chip_40xx/Debug/liblpc_chip_40xx.a(sysinit_17xx_40xx.o)

.debug_ranges   0x0000000000000000      0x820
 .debug_ranges  0x0000000000000000       0x30 ./freertos/src/FreeRTOSCommonHooks.o
 .debug_ranges  0x0000000000000030       0x18 ./freertos/src/heap_3.o
 .debug_ranges  0x0000000000000048       0x30 ./freertos/src/list.o
 .debug_ranges  0x0000000000000078       0x88 ./freertos/src/port.o
 .debug_ranges  0x0000000000000100       0xe0 ./freertos/src/queue.o
 .debug_ranges  0x00000000000001e0      0x160 ./freertos/src/tasks.o
 .debug_ranges  0x0000000000000340       0x70 ./example/src/cr_startup_lpc40xx.o
 .debug_ranges  0x00000000000003b0       0x20 ./example/src/freertos_queue.o
 .debug_ranges  0x00000000000003d0       0x10 ./example/src/sysinit.o
 .debug_ranges  0x00000000000003e0      0x1b8 /home/tobias/Documents/MCUXpresso_10.1.0_589/workspace/lpc_board_ea_devkit_4088/Debug/liblpc_board_ea_devkit_4088.a(board.o)
 .debug_ranges  0x0000000000000598       0x40 /home/tobias/Documents/MCUXpresso_10.1.0_589/workspace/lpc_board_ea_devkit_4088/Debug/liblpc_board_ea_devkit_4088.a(board_sysinit.o)
 .debug_ranges  0x00000000000005d8       0x20 /home/tobias/Documents/MCUXpresso_10.1.0_589/workspace/lpc_chip_40xx/Debug/liblpc_chip_40xx.a(chip_17xx_40xx.o)
 .debug_ranges  0x00000000000005f8      0x128 /home/tobias/Documents/MCUXpresso_10.1.0_589/workspace/lpc_chip_40xx/Debug/liblpc_chip_40xx.a(clock_17xx_40xx.o)
 .debug_ranges  0x0000000000000720       0x70 /home/tobias/Documents/MCUXpresso_10.1.0_589/workspace/lpc_chip_40xx/Debug/liblpc_chip_40xx.a(emc_17xx_40xx.o)
 .debug_ranges  0x0000000000000790       0x10 /home/tobias/Documents/MCUXpresso_10.1.0_589/workspace/lpc_chip_40xx/Debug/liblpc_chip_40xx.a(fpu_init.o)
 .debug_ranges  0x00000000000007a0       0x18 /home/tobias/Documents/MCUXpresso_10.1.0_589/workspace/lpc_chip_40xx/Debug/liblpc_chip_40xx.a(iocon_17xx_40xx.o)
 .debug_ranges  0x00000000000007b8       0x18 /home/tobias/Documents/MCUXpresso_10.1.0_589/workspace/lpc_chip_40xx/Debug/liblpc_chip_40xx.a(sysctl_17xx_40xx.o)
 .debug_ranges  0x00000000000007d0       0x50 /home/tobias/Documents/MCUXpresso_10.1.0_589/workspace/lpc_chip_40xx/Debug/liblpc_chip_40xx.a(sysinit_17xx_40xx.o)

.debug_macro    0x0000000000000000     0x87f6
 .debug_macro   0x0000000000000000      0x32d ./freertos/src/FreeRTOSCommonHooks.o
 .debug_macro   0x000000000000032d      0x8ce ./freertos/src/FreeRTOSCommonHooks.o
 .debug_macro   0x0000000000000bfb       0x10 ./freertos/src/FreeRTOSCommonHooks.o
 .debug_macro   0x0000000000000c0b      0x12d ./freertos/src/FreeRTOSCommonHooks.o
 .debug_macro   0x0000000000000d38       0x16 ./freertos/src/FreeRTOSCommonHooks.o
 .debug_macro   0x0000000000000d4e       0x46 ./freertos/src/FreeRTOSCommonHooks.o
 .debug_macro   0x0000000000000d94      0x5b2 ./freertos/src/FreeRTOSCommonHooks.o
 .debug_macro   0x0000000000001346       0x22 ./freertos/src/FreeRTOSCommonHooks.o
 .debug_macro   0x0000000000001368       0x74 ./freertos/src/FreeRTOSCommonHooks.o
 .debug_macro   0x00000000000013dc       0x16 ./freertos/src/FreeRTOSCommonHooks.o
 .debug_macro   0x00000000000013f2       0x2d ./freertos/src/FreeRTOSCommonHooks.o
 .debug_macro   0x000000000000141f       0x3b ./freertos/src/FreeRTOSCommonHooks.o
 .debug_macro   0x000000000000145a       0x2d ./freertos/src/FreeRTOSCommonHooks.o
 .debug_macro   0x0000000000001487       0x42 ./freertos/src/FreeRTOSCommonHooks.o
 .debug_macro   0x00000000000014c9      0xd39 ./freertos/src/FreeRTOSCommonHooks.o
 .debug_macro   0x0000000000002202      0x295 ./freertos/src/FreeRTOSCommonHooks.o
 .debug_macro   0x0000000000002497       0x50 ./freertos/src/FreeRTOSCommonHooks.o
 .debug_macro   0x00000000000024e7       0x34 ./freertos/src/FreeRTOSCommonHooks.o
 .debug_macro   0x000000000000251b      0x152 ./freertos/src/FreeRTOSCommonHooks.o
 .debug_macro   0x000000000000266d       0x82 ./freertos/src/FreeRTOSCommonHooks.o
 .debug_macro   0x00000000000026ef      0x48c ./freertos/src/FreeRTOSCommonHooks.o
 .debug_macro   0x0000000000002b7b      0x12d ./freertos/src/FreeRTOSCommonHooks.o
 .debug_macro   0x0000000000002ca8       0x6a ./freertos/src/FreeRTOSCommonHooks.o
 .debug_macro   0x0000000000002d12       0x34 ./freertos/src/FreeRTOSCommonHooks.o
 .debug_macro   0x0000000000002d46       0x58 ./freertos/src/FreeRTOSCommonHooks.o
 .debug_macro   0x0000000000002d9e      0x236 ./freertos/src/FreeRTOSCommonHooks.o
 .debug_macro   0x0000000000002fd4      0x4c5 ./freertos/src/FreeRTOSCommonHooks.o
 .debug_macro   0x0000000000003499      0x1da ./freertos/src/FreeRTOSCommonHooks.o
 .debug_macro   0x0000000000003673       0x10 ./freertos/src/FreeRTOSCommonHooks.o
 .debug_macro   0x0000000000003683      0x21b ./freertos/src/FreeRTOSCommonHooks.o
 .debug_macro   0x000000000000389e      0x1b9 ./freertos/src/FreeRTOSCommonHooks.o
 .debug_macro   0x0000000000003a57       0x2e ./freertos/src/FreeRTOSCommonHooks.o
 .debug_macro   0x0000000000003a85       0x40 ./freertos/src/FreeRTOSCommonHooks.o
 .debug_macro   0x0000000000003ac5      0x209 ./freertos/src/FreeRTOSCommonHooks.o
 .debug_macro   0x0000000000003cce      0x2b3 ./freertos/src/FreeRTOSCommonHooks.o
 .debug_macro   0x0000000000003f81      0x34c ./freertos/src/FreeRTOSCommonHooks.o
 .debug_macro   0x00000000000042cd       0xb2 ./freertos/src/FreeRTOSCommonHooks.o
 .debug_macro   0x000000000000437f       0x16 ./freertos/src/FreeRTOSCommonHooks.o
 .debug_macro   0x0000000000004395       0xb8 ./freertos/src/FreeRTOSCommonHooks.o
 .debug_macro   0x000000000000444d       0x4c ./freertos/src/FreeRTOSCommonHooks.o
 .debug_macro   0x0000000000004499       0x16 ./freertos/src/FreeRTOSCommonHooks.o
 .debug_macro   0x00000000000044af      0x328 ./freertos/src/FreeRTOSCommonHooks.o
 .debug_macro   0x00000000000047d7       0x3a ./freertos/src/FreeRTOSCommonHooks.o
 .debug_macro   0x0000000000004811       0x16 ./freertos/src/FreeRTOSCommonHooks.o
 .debug_macro   0x0000000000004827       0xca ./freertos/src/FreeRTOSCommonHooks.o
 .debug_macro   0x00000000000048f1       0x11 ./freertos/src/FreeRTOSCommonHooks.o
 .debug_macro   0x0000000000004902       0x16 ./freertos/src/FreeRTOSCommonHooks.o
 .debug_macro   0x0000000000004918       0x8e ./freertos/src/FreeRTOSCommonHooks.o
 .debug_macro   0x00000000000049a6      0x124 ./freertos/src/FreeRTOSCommonHooks.o
 .debug_macro   0x0000000000004aca       0x6c ./freertos/src/FreeRTOSCommonHooks.o
 .debug_macro   0x0000000000004b36       0x9a ./freertos/src/FreeRTOSCommonHooks.o
 .debug_macro   0x0000000000004bd0       0x20 ./freertos/src/FreeRTOSCommonHooks.o
 .debug_macro   0x0000000000004bf0       0x2e ./freertos/src/FreeRTOSCommonHooks.o
 .debug_macro   0x0000000000004c1e       0xef ./freertos/src/FreeRTOSCommonHooks.o
 .debug_macro   0x0000000000004d0d       0xab ./freertos/src/FreeRTOSCommonHooks.o
 .debug_macro   0x0000000000004db8       0x12 ./freertos/src/FreeRTOSCommonHooks.o
 .debug_macro   0x0000000000004dca       0x1f ./freertos/src/FreeRTOSCommonHooks.o
 .debug_macro   0x0000000000004de9      0x257 ./freertos/src/FreeRTOSCommonHooks.o
 .debug_macro   0x0000000000005040       0x64 ./freertos/src/FreeRTOSCommonHooks.o
 .debug_macro   0x00000000000050a4       0x57 ./freertos/src/FreeRTOSCommonHooks.o
 .debug_macro   0x00000000000050fb      0x331 ./freertos/src/heap_3.o
 .debug_macro   0x000000000000542c       0x28 ./freertos/src/heap_3.o
 .debug_macro   0x0000000000005454      0x316 ./freertos/src/list.o
 .debug_macro   0x000000000000576a      0x3ba ./freertos/src/port.o
 .debug_macro   0x0000000000005b24      0x379 ./freertos/src/queue.o
 .debug_macro   0x0000000000005e9d       0xb0 ./freertos/src/queue.o
 .debug_macro   0x0000000000005f4d      0x3b5 ./freertos/src/tasks.o
 .debug_macro   0x0000000000006302       0x5b ./freertos/src/tasks.o
 .debug_macro   0x000000000000635d       0x16 ./freertos/src/tasks.o
 .debug_macro   0x0000000000006373       0x1d ./example/src/cr_startup_lpc40xx.o
 .debug_macro   0x0000000000006390      0x32c ./example/src/freertos_queue.o
 .debug_macro   0x00000000000066bc       0x7b ./example/src/freertos_queue.o
 .debug_macro   0x0000000000006737       0x18 ./example/src/freertos_queue.o
 .debug_macro   0x000000000000674f       0x10 ./example/src/freertos_queue.o
 .debug_macro   0x000000000000675f       0xf5 ./example/src/freertos_queue.o
 .debug_macro   0x0000000000006854      0x296 ./example/src/sysinit.o
 .debug_macro   0x0000000000006aea      0x3cf /home/tobias/Documents/MCUXpresso_10.1.0_589/workspace/lpc_board_ea_devkit_4088/Debug/liblpc_board_ea_devkit_4088.a(board.o)
 .debug_macro   0x0000000000006eb9      0x8c2 /home/tobias/Documents/MCUXpresso_10.1.0_589/workspace/lpc_board_ea_devkit_4088/Debug/liblpc_board_ea_devkit_4088.a(board.o)
 .debug_macro   0x000000000000777b       0x12 /home/tobias/Documents/MCUXpresso_10.1.0_589/workspace/lpc_board_ea_devkit_4088/Debug/liblpc_board_ea_devkit_4088.a(board.o)
 .debug_macro   0x000000000000778d      0x29c /home/tobias/Documents/MCUXpresso_10.1.0_589/workspace/lpc_board_ea_devkit_4088/Debug/liblpc_board_ea_devkit_4088.a(board_sysinit.o)
 .debug_macro   0x0000000000007a29      0x22c /home/tobias/Documents/MCUXpresso_10.1.0_589/workspace/lpc_chip_40xx/Debug/liblpc_chip_40xx.a(chip_17xx_40xx.o)
 .debug_macro   0x0000000000007c55      0x22c /home/tobias/Documents/MCUXpresso_10.1.0_589/workspace/lpc_chip_40xx/Debug/liblpc_chip_40xx.a(clock_17xx_40xx.o)
 .debug_macro   0x0000000000007e81      0x232 /home/tobias/Documents/MCUXpresso_10.1.0_589/workspace/lpc_chip_40xx/Debug/liblpc_chip_40xx.a(emc_17xx_40xx.o)
 .debug_macro   0x00000000000080b3       0xbf /home/tobias/Documents/MCUXpresso_10.1.0_589/workspace/lpc_chip_40xx/Debug/liblpc_chip_40xx.a(fpu_init.o)
 .debug_macro   0x0000000000008172      0x22c /home/tobias/Documents/MCUXpresso_10.1.0_589/workspace/lpc_chip_40xx/Debug/liblpc_chip_40xx.a(iocon_17xx_40xx.o)
 .debug_macro   0x000000000000839e      0x22c /home/tobias/Documents/MCUXpresso_10.1.0_589/workspace/lpc_chip_40xx/Debug/liblpc_chip_40xx.a(sysctl_17xx_40xx.o)
 .debug_macro   0x00000000000085ca      0x22c /home/tobias/Documents/MCUXpresso_10.1.0_589/workspace/lpc_chip_40xx/Debug/liblpc_chip_40xx.a(sysinit_17xx_40xx.o)

.debug_line     0x0000000000000000     0x75a0
 .debug_line    0x0000000000000000      0x6d5 ./freertos/src/FreeRTOSCommonHooks.o
 .debug_line    0x00000000000006d5      0x677 ./freertos/src/heap_3.o
 .debug_line    0x0000000000000d4c      0x6c3 ./freertos/src/list.o
 .debug_line    0x000000000000140f      0x7c2 ./freertos/src/port.o
 .debug_line    0x0000000000001bd1      0x9cd ./freertos/src/queue.o
 .debug_line    0x000000000000259e      0xd76 ./freertos/src/tasks.o
 .debug_line    0x0000000000003314       0xdf ./example/src/cr_startup_lpc40xx.o
 .debug_line    0x00000000000033f3      0x6cb ./example/src/freertos_queue.o
 .debug_line    0x0000000000003abe      0x57d ./example/src/sysinit.o
 .debug_line    0x000000000000403b      0xb78 /home/tobias/Documents/MCUXpresso_10.1.0_589/workspace/lpc_board_ea_devkit_4088/Debug/liblpc_board_ea_devkit_4088.a(board.o)
 .debug_line    0x0000000000004bb3      0x62e /home/tobias/Documents/MCUXpresso_10.1.0_589/workspace/lpc_board_ea_devkit_4088/Debug/liblpc_board_ea_devkit_4088.a(board_sysinit.o)
 .debug_line    0x00000000000051e1      0x4db /home/tobias/Documents/MCUXpresso_10.1.0_589/workspace/lpc_chip_40xx/Debug/liblpc_chip_40xx.a(chip_17xx_40xx.o)
 .debug_line    0x00000000000056bc      0x79b /home/tobias/Documents/MCUXpresso_10.1.0_589/workspace/lpc_chip_40xx/Debug/liblpc_chip_40xx.a(clock_17xx_40xx.o)
 .debug_line    0x0000000000005e57      0x654 /home/tobias/Documents/MCUXpresso_10.1.0_589/workspace/lpc_chip_40xx/Debug/liblpc_chip_40xx.a(emc_17xx_40xx.o)
 .debug_line    0x00000000000064ab      0x1fd /home/tobias/Documents/MCUXpresso_10.1.0_589/workspace/lpc_chip_40xx/Debug/liblpc_chip_40xx.a(fpu_init.o)
 .debug_line    0x00000000000066a8      0x4ce /home/tobias/Documents/MCUXpresso_10.1.0_589/workspace/lpc_chip_40xx/Debug/liblpc_chip_40xx.a(iocon_17xx_40xx.o)
 .debug_line    0x0000000000006b76      0x4c0 /home/tobias/Documents/MCUXpresso_10.1.0_589/workspace/lpc_chip_40xx/Debug/liblpc_chip_40xx.a(sysctl_17xx_40xx.o)
 .debug_line    0x0000000000007036      0x56a /home/tobias/Documents/MCUXpresso_10.1.0_589/workspace/lpc_chip_40xx/Debug/liblpc_chip_40xx.a(sysinit_17xx_40xx.o)

.debug_str      0x0000000000000000    0x1ef7f
 .debug_str     0x0000000000000000    0x19126 ./freertos/src/FreeRTOSCommonHooks.o
                                      0x19245 (size before relaxing)
 .debug_str     0x0000000000019126      0x103 ./freertos/src/heap_3.o
                                      0x1922b (size before relaxing)
 .debug_str     0x0000000000019229      0x12e ./freertos/src/list.o
                                      0x18f70 (size before relaxing)
 .debug_str     0x0000000000019357      0x9d1 ./freertos/src/port.o
                                      0x19b42 (size before relaxing)
 .debug_str     0x0000000000019d28     0x1106 ./freertos/src/queue.o
                                      0x1a5be (size before relaxing)
 .debug_str     0x000000000001ae2e     0x14cf ./freertos/src/tasks.o
                                      0x1aa78 (size before relaxing)
 .debug_str     0x000000000001c2fd      0x1ba ./example/src/cr_startup_lpc40xx.o
                                       0x279f (size before relaxing)
 .debug_str     0x000000000001c4b7       0xa0 ./example/src/freertos_queue.o
                                      0x19dfa (size before relaxing)
 .debug_str     0x000000000001c557       0x19 ./example/src/sysinit.o
                                      0x17061 (size before relaxing)
 .debug_str     0x000000000001c570     0x1538 /home/tobias/Documents/MCUXpresso_10.1.0_589/workspace/lpc_board_ea_devkit_4088/Debug/liblpc_board_ea_devkit_4088.a(board.o)
                                      0x187c4 (size before relaxing)
 .debug_str     0x000000000001daa8      0x67b /home/tobias/Documents/MCUXpresso_10.1.0_589/workspace/lpc_board_ea_devkit_4088/Debug/liblpc_board_ea_devkit_4088.a(board_sysinit.o)
                                      0x17bce (size before relaxing)
 .debug_str     0x000000000001e123      0x131 /home/tobias/Documents/MCUXpresso_10.1.0_589/workspace/lpc_chip_40xx/Debug/liblpc_chip_40xx.a(chip_17xx_40xx.o)
                                      0x16904 (size before relaxing)
 .debug_str     0x000000000001e254      0x631 /home/tobias/Documents/MCUXpresso_10.1.0_589/workspace/lpc_chip_40xx/Debug/liblpc_chip_40xx.a(clock_17xx_40xx.o)
                                      0x16d9b (size before relaxing)
 .debug_str     0x000000000001e885      0x49e /home/tobias/Documents/MCUXpresso_10.1.0_589/workspace/lpc_chip_40xx/Debug/liblpc_chip_40xx.a(emc_17xx_40xx.o)
                                      0x1694b (size before relaxing)
 .debug_str     0x000000000001ed23       0xb5 /home/tobias/Documents/MCUXpresso_10.1.0_589/workspace/lpc_chip_40xx/Debug/liblpc_chip_40xx.a(fpu_init.o)
                                       0x9970 (size before relaxing)
 .debug_str     0x000000000001edd8       0x46 /home/tobias/Documents/MCUXpresso_10.1.0_589/workspace/lpc_chip_40xx/Debug/liblpc_chip_40xx.a(iocon_17xx_40xx.o)
                                      0x162ab (size before relaxing)
 .debug_str     0x000000000001ee1e       0x87 /home/tobias/Documents/MCUXpresso_10.1.0_589/workspace/lpc_chip_40xx/Debug/liblpc_chip_40xx.a(sysctl_17xx_40xx.o)
                                      0x1669e (size before relaxing)
 .debug_str     0x000000000001eea5       0xda /home/tobias/Documents/MCUXpresso_10.1.0_589/workspace/lpc_chip_40xx/Debug/liblpc_chip_40xx.a(sysinit_17xx_40xx.o)
                                      0x16577 (size before relaxing)

.comment        0x0000000000000000       0x7f
 .comment       0x0000000000000000       0x7f ./freertos/src/FreeRTOSCommonHooks.o
                                         0x80 (size before relaxing)
 .comment       0x000000000000007f       0x80 ./freertos/src/heap_3.o
 .comment       0x000000000000007f       0x80 ./freertos/src/list.o
 .comment       0x000000000000007f       0x80 ./freertos/src/port.o
 .comment       0x000000000000007f       0x80 ./freertos/src/queue.o
 .comment       0x000000000000007f       0x80 ./freertos/src/tasks.o
 .comment       0x000000000000007f       0x80 ./example/src/cr_startup_lpc40xx.o
 .comment       0x000000000000007f       0x80 ./example/src/freertos_queue.o
 .comment       0x000000000000007f       0x80 ./example/src/sysinit.o
 .comment       0x000000000000007f       0x80 /home/tobias/Documents/MCUXpresso_10.1.0_589/workspace/lpc_board_ea_devkit_4088/Debug/liblpc_board_ea_devkit_4088.a(board.o)
 .comment       0x000000000000007f       0x80 /home/tobias/Documents/MCUXpresso_10.1.0_589/workspace/lpc_board_ea_devkit_4088/Debug/liblpc_board_ea_devkit_4088.a(board_sysinit.o)
 .comment       0x000000000000007f       0x80 /home/tobias/Documents/MCUXpresso_10.1.0_589/workspace/lpc_chip_40xx/Debug/liblpc_chip_40xx.a(chip_17xx_40xx.o)
 .comment       0x000000000000007f       0x80 /home/tobias/Documents/MCUXpresso_10.1.0_589/workspace/lpc_chip_40xx/Debug/liblpc_chip_40xx.a(clock_17xx_40xx.o)
 .comment       0x000000000000007f       0x80 /home/tobias/Documents/MCUXpresso_10.1.0_589/workspace/lpc_chip_40xx/Debug/liblpc_chip_40xx.a(emc_17xx_40xx.o)
 .comment       0x000000000000007f       0x80 /home/tobias/Documents/MCUXpresso_10.1.0_589/workspace/lpc_chip_40xx/Debug/liblpc_chip_40xx.a(fpu_init.o)
 .comment       0x000000000000007f       0x80 /home/tobias/Documents/MCUXpresso_10.1.0_589/workspace/lpc_chip_40xx/Debug/liblpc_chip_40xx.a(iocon_17xx_40xx.o)
 .comment       0x000000000000007f       0x80 /home/tobias/Documents/MCUXpresso_10.1.0_589/workspace/lpc_chip_40xx/Debug/liblpc_chip_40xx.a(sysctl_17xx_40xx.o)
 .comment       0x000000000000007f       0x80 /home/tobias/Documents/MCUXpresso_10.1.0_589/workspace/lpc_chip_40xx/Debug/liblpc_chip_40xx.a(sysinit_17xx_40xx.o)
 .comment       0x000000000000007f       0x80 /usr/local/mcuxpressoide-10.1.0_589/ide/tools/bin/../lib/gcc/arm-none-eabi/6.3.1/../../../../arm-none-eabi/lib/thumb/v7e-m/fpv4-sp/softfp/libcr_semihost.a(__ciob.o)
 .comment       0x000000000000007f       0x80 /usr/local/mcuxpressoide-10.1.0_589/ide/tools/bin/../lib/gcc/arm-none-eabi/6.3.1/../../../../arm-none-eabi/lib/thumb/v7e-m/fpv4-sp/softfp/libcr_semihost.a(_cr__main.o)
 .comment       0x000000000000007f       0x80 /usr/local/mcuxpressoide-10.1.0_589/ide/tools/bin/../lib/gcc/arm-none-eabi/6.3.1/../../../../arm-none-eabi/lib/thumb/v7e-m/fpv4-sp/softfp/libcr_c.a(memcpy.o)
 .comment       0x000000000000007f       0x80 /usr/local/mcuxpressoide-10.1.0_589/ide/tools/bin/../lib/gcc/arm-none-eabi/6.3.1/../../../../arm-none-eabi/lib/thumb/v7e-m/fpv4-sp/softfp/libcr_c.a(memset.o)
 .comment       0x000000000000007f       0x80 /usr/local/mcuxpressoide-10.1.0_589/ide/tools/bin/../lib/gcc/arm-none-eabi/6.3.1/../../../../arm-none-eabi/lib/thumb/v7e-m/fpv4-sp/softfp/libcr_c.a(alloc.o)
 .comment       0x000000000000007f       0x80 /usr/local/mcuxpressoide-10.1.0_589/ide/tools/bin/../lib/gcc/arm-none-eabi/6.3.1/../../../../arm-none-eabi/lib/thumb/v7e-m/fpv4-sp/softfp/libcr_c.a(fpprintf.o)
 .comment       0x000000000000007f       0x80 /usr/local/mcuxpressoide-10.1.0_589/ide/tools/bin/../lib/gcc/arm-none-eabi/6.3.1/../../../../arm-none-eabi/lib/thumb/v7e-m/fpv4-sp/softfp/libcr_c.a(initio.o)
 .comment       0x000000000000007f       0x80 /usr/local/mcuxpressoide-10.1.0_589/ide/tools/bin/../lib/gcc/arm-none-eabi/6.3.1/../../../../arm-none-eabi/lib/thumb/v7e-m/fpv4-sp/softfp/libcr_c.a(printf.o)
 .comment       0x000000000000007f       0x80 /usr/local/mcuxpressoide-10.1.0_589/ide/tools/bin/../lib/gcc/arm-none-eabi/6.3.1/../../../../arm-none-eabi/lib/thumb/v7e-m/fpv4-sp/softfp/libcr_c.a(puts.o)
 .comment       0x000000000000007f       0x80 /usr/local/mcuxpressoide-10.1.0_589/ide/tools/bin/../lib/gcc/arm-none-eabi/6.3.1/../../../../arm-none-eabi/lib/thumb/v7e-m/fpv4-sp/softfp/libcr_c.a(setvbuf.o)
 .comment       0x000000000000007f       0x80 /usr/local/mcuxpressoide-10.1.0_589/ide/tools/bin/../lib/gcc/arm-none-eabi/6.3.1/../../../../arm-none-eabi/lib/thumb/v7e-m/fpv4-sp/softfp/libcr_c.a(strlen.o)
 .comment       0x000000000000007f       0x80 /usr/local/mcuxpressoide-10.1.0_589/ide/tools/bin/../lib/gcc/arm-none-eabi/6.3.1/../../../../arm-none-eabi/lib/thumb/v7e-m/fpv4-sp/softfp/libcr_c.a(__init_alloc.o)
 .comment       0x000000000000007f       0x80 /usr/local/mcuxpressoide-10.1.0_589/ide/tools/bin/../lib/gcc/arm-none-eabi/6.3.1/../../../../arm-none-eabi/lib/thumb/v7e-m/fpv4-sp/softfp/libcr_c.a(_cr_sbrk.o)
 .comment       0x000000000000007f       0x80 /usr/local/mcuxpressoide-10.1.0_589/ide/tools/bin/../lib/gcc/arm-none-eabi/6.3.1/../../../../arm-none-eabi/lib/thumb/v7e-m/fpv4-sp/softfp/libcr_c.a(_deferredlazyseek.o)
 .comment       0x000000000000007f       0x80 /usr/local/mcuxpressoide-10.1.0_589/ide/tools/bin/../lib/gcc/arm-none-eabi/6.3.1/../../../../arm-none-eabi/lib/thumb/v7e-m/fpv4-sp/softfp/libcr_c.a(_fdopen.o)
 .comment       0x000000000000007f       0x80 /usr/local/mcuxpressoide-10.1.0_589/ide/tools/bin/../lib/gcc/arm-none-eabi/6.3.1/../../../../arm-none-eabi/lib/thumb/v7e-m/fpv4-sp/softfp/libcr_c.a(_fflush.o)
 .comment       0x000000000000007f       0x80 /usr/local/mcuxpressoide-10.1.0_589/ide/tools/bin/../lib/gcc/arm-none-eabi/6.3.1/../../../../arm-none-eabi/lib/thumb/v7e-m/fpv4-sp/softfp/libcr_c.a(_frexpl.o)
 .comment       0x000000000000007f       0x80 /usr/local/mcuxpressoide-10.1.0_589/ide/tools/bin/../lib/gcc/arm-none-eabi/6.3.1/../../../../arm-none-eabi/lib/thumb/v7e-m/fpv4-sp/softfp/libcr_c.a(_ldexpl.o)
 .comment       0x000000000000007f       0x80 /usr/local/mcuxpressoide-10.1.0_589/ide/tools/bin/../lib/gcc/arm-none-eabi/6.3.1/../../../../arm-none-eabi/lib/thumb/v7e-m/fpv4-sp/softfp/libcr_c.a(_writebuf.o)
 .comment       0x000000000000007f       0x80 /usr/local/mcuxpressoide-10.1.0_589/ide/tools/bin/../lib/gcc/arm-none-eabi/6.3.1/../../../../arm-none-eabi/lib/thumb/v7e-m/fpv4-sp/softfp/libcr_c.a(errno.o)
 .comment       0x000000000000007f       0x80 /usr/local/mcuxpressoide-10.1.0_589/ide/tools/bin/../lib/gcc/arm-none-eabi/6.3.1/../../../../arm-none-eabi/lib/thumb/v7e-m/fpv4-sp/softfp/libcr_c.a(fclose.o)
 .comment       0x000000000000007f       0x80 /usr/local/mcuxpressoide-10.1.0_589/ide/tools/bin/../lib/gcc/arm-none-eabi/6.3.1/../../../../arm-none-eabi/lib/thumb/v7e-m/fpv4-sp/softfp/libcr_c.a(fflush.o)
 .comment       0x000000000000007f       0x80 /usr/local/mcuxpressoide-10.1.0_589/ide/tools/bin/../lib/gcc/arm-none-eabi/6.3.1/../../../../arm-none-eabi/lib/thumb/v7e-m/fpv4-sp/softfp/libcr_c.a(fseek.o)
 .comment       0x000000000000007f       0x80 /usr/local/mcuxpressoide-10.1.0_589/ide/tools/bin/../lib/gcc/arm-none-eabi/6.3.1/../../../../arm-none-eabi/lib/thumb/v7e-m/fpv4-sp/softfp/libcr_c.a(ftell.o)
 .comment       0x000000000000007f       0x80 /usr/local/mcuxpressoide-10.1.0_589/ide/tools/bin/../lib/gcc/arm-none-eabi/6.3.1/../../../../arm-none-eabi/lib/thumb/v7e-m/fpv4-sp/softfp/libcr_c.a(remove.o)
 .comment       0x000000000000007f       0x80 /usr/local/mcuxpressoide-10.1.0_589/ide/tools/bin/../lib/gcc/arm-none-eabi/6.3.1/../../../../arm-none-eabi/lib/thumb/v7e-m/fpv4-sp/softfp/libcr_c.a(_cr_check_heap.o)
 .comment       0x000000000000007f       0x80 /usr/local/mcuxpressoide-10.1.0_589/ide/tools/bin/../lib/gcc/arm-none-eabi/6.3.1/../../../../arm-none-eabi/lib/thumb/v7e-m/fpv4-sp/softfp/libcr_c.a(_do_fflush.o)
 .comment       0x000000000000007f       0x80 /usr/local/mcuxpressoide-10.1.0_589/ide/tools/bin/../lib/gcc/arm-none-eabi/6.3.1/../../../../arm-none-eabi/lib/thumb/v7e-m/fpv4-sp/softfp/libcr_c.a(_hugeval.o)
 .comment       0x000000000000007f       0x80 /usr/local/mcuxpressoide-10.1.0_589/ide/tools/bin/../lib/gcc/arm-none-eabi/6.3.1/thumb/v7e-m/fpv4-sp/softfp/libcr_eabihelpers.a(double.o)

.ARM.attributes
                0x0000000000000000       0x35
 .ARM.attributes
                0x0000000000000000       0x37 ./freertos/src/FreeRTOSCommonHooks.o
 .ARM.attributes
                0x0000000000000037       0x37 ./freertos/src/heap_3.o
 .ARM.attributes
                0x000000000000006e       0x37 ./freertos/src/list.o
 .ARM.attributes
                0x00000000000000a5       0x37 ./freertos/src/port.o
 .ARM.attributes
                0x00000000000000dc       0x37 ./freertos/src/queue.o
 .ARM.attributes
                0x0000000000000113       0x37 ./freertos/src/tasks.o
 .ARM.attributes
                0x000000000000014a       0x37 ./example/src/cr_startup_lpc40xx.o
 .ARM.attributes
                0x0000000000000181       0x37 ./example/src/freertos_queue.o
 .ARM.attributes
                0x00000000000001b8       0x37 ./example/src/sysinit.o
 .ARM.attributes
                0x00000000000001ef       0x37 /home/tobias/Documents/MCUXpresso_10.1.0_589/workspace/lpc_board_ea_devkit_4088/Debug/liblpc_board_ea_devkit_4088.a(board.o)
 .ARM.attributes
                0x0000000000000226       0x37 /home/tobias/Documents/MCUXpresso_10.1.0_589/workspace/lpc_board_ea_devkit_4088/Debug/liblpc_board_ea_devkit_4088.a(board_sysinit.o)
 .ARM.attributes
                0x000000000000025d       0x37 /home/tobias/Documents/MCUXpresso_10.1.0_589/workspace/lpc_chip_40xx/Debug/liblpc_chip_40xx.a(chip_17xx_40xx.o)
 .ARM.attributes
                0x0000000000000294       0x37 /home/tobias/Documents/MCUXpresso_10.1.0_589/workspace/lpc_chip_40xx/Debug/liblpc_chip_40xx.a(clock_17xx_40xx.o)
 .ARM.attributes
                0x00000000000002cb       0x37 /home/tobias/Documents/MCUXpresso_10.1.0_589/workspace/lpc_chip_40xx/Debug/liblpc_chip_40xx.a(emc_17xx_40xx.o)
 .ARM.attributes
                0x0000000000000302       0x37 /home/tobias/Documents/MCUXpresso_10.1.0_589/workspace/lpc_chip_40xx/Debug/liblpc_chip_40xx.a(fpu_init.o)
 .ARM.attributes
                0x0000000000000339       0x37 /home/tobias/Documents/MCUXpresso_10.1.0_589/workspace/lpc_chip_40xx/Debug/liblpc_chip_40xx.a(iocon_17xx_40xx.o)
 .ARM.attributes
                0x0000000000000370       0x37 /home/tobias/Documents/MCUXpresso_10.1.0_589/workspace/lpc_chip_40xx/Debug/liblpc_chip_40xx.a(sysctl_17xx_40xx.o)
 .ARM.attributes
                0x00000000000003a7       0x37 /home/tobias/Documents/MCUXpresso_10.1.0_589/workspace/lpc_chip_40xx/Debug/liblpc_chip_40xx.a(sysinit_17xx_40xx.o)
 .ARM.attributes
                0x00000000000003de       0x37 /usr/local/mcuxpressoide-10.1.0_589/ide/tools/bin/../lib/gcc/arm-none-eabi/6.3.1/../../../../arm-none-eabi/lib/thumb/v7e-m/fpv4-sp/softfp/libcr_semihost.a(__ciob.o)
 .ARM.attributes
                0x0000000000000415       0x37 /usr/local/mcuxpressoide-10.1.0_589/ide/tools/bin/../lib/gcc/arm-none-eabi/6.3.1/../../../../arm-none-eabi/lib/thumb/v7e-m/fpv4-sp/softfp/libcr_semihost.a(_cr__main.o)
 .ARM.attributes
                0x000000000000044c       0x37 /usr/local/mcuxpressoide-10.1.0_589/ide/tools/bin/../lib/gcc/arm-none-eabi/6.3.1/../../../../arm-none-eabi/lib/thumb/v7e-m/fpv4-sp/softfp/libcr_c.a(memcpy.o)
 .ARM.attributes
                0x0000000000000483       0x37 /usr/local/mcuxpressoide-10.1.0_589/ide/tools/bin/../lib/gcc/arm-none-eabi/6.3.1/../../../../arm-none-eabi/lib/thumb/v7e-m/fpv4-sp/softfp/libcr_c.a(memset.o)
 .ARM.attributes
                0x00000000000004ba       0x37 /usr/local/mcuxpressoide-10.1.0_589/ide/tools/bin/../lib/gcc/arm-none-eabi/6.3.1/../../../../arm-none-eabi/lib/thumb/v7e-m/fpv4-sp/softfp/libcr_c.a(alloc.o)
 .ARM.attributes
                0x00000000000004f1       0x37 /usr/local/mcuxpressoide-10.1.0_589/ide/tools/bin/../lib/gcc/arm-none-eabi/6.3.1/../../../../arm-none-eabi/lib/thumb/v7e-m/fpv4-sp/softfp/libcr_c.a(fpprintf.o)
 .ARM.attributes
                0x0000000000000528       0x37 /usr/local/mcuxpressoide-10.1.0_589/ide/tools/bin/../lib/gcc/arm-none-eabi/6.3.1/../../../../arm-none-eabi/lib/thumb/v7e-m/fpv4-sp/softfp/libcr_c.a(initio.o)
 .ARM.attributes
                0x000000000000055f       0x37 /usr/local/mcuxpressoide-10.1.0_589/ide/tools/bin/../lib/gcc/arm-none-eabi/6.3.1/../../../../arm-none-eabi/lib/thumb/v7e-m/fpv4-sp/softfp/libcr_c.a(printf.o)
 .ARM.attributes
                0x0000000000000596       0x37 /usr/local/mcuxpressoide-10.1.0_589/ide/tools/bin/../lib/gcc/arm-none-eabi/6.3.1/../../../../arm-none-eabi/lib/thumb/v7e-m/fpv4-sp/softfp/libcr_c.a(puts.o)
 .ARM.attributes
                0x00000000000005cd       0x37 /usr/local/mcuxpressoide-10.1.0_589/ide/tools/bin/../lib/gcc/arm-none-eabi/6.3.1/../../../../arm-none-eabi/lib/thumb/v7e-m/fpv4-sp/softfp/libcr_c.a(setvbuf.o)
 .ARM.attributes
                0x0000000000000604       0x37 /usr/local/mcuxpressoide-10.1.0_589/ide/tools/bin/../lib/gcc/arm-none-eabi/6.3.1/../../../../arm-none-eabi/lib/thumb/v7e-m/fpv4-sp/softfp/libcr_c.a(strlen.o)
 .ARM.attributes
                0x000000000000063b       0x37 /usr/local/mcuxpressoide-10.1.0_589/ide/tools/bin/../lib/gcc/arm-none-eabi/6.3.1/../../../../arm-none-eabi/lib/thumb/v7e-m/fpv4-sp/softfp/libcr_c.a(__init_alloc.o)
 .ARM.attributes
                0x0000000000000672       0x37 /usr/local/mcuxpressoide-10.1.0_589/ide/tools/bin/../lib/gcc/arm-none-eabi/6.3.1/../../../../arm-none-eabi/lib/thumb/v7e-m/fpv4-sp/softfp/libcr_c.a(_cr_sbrk.o)
 .ARM.attributes
                0x00000000000006a9       0x37 /usr/local/mcuxpressoide-10.1.0_589/ide/tools/bin/../lib/gcc/arm-none-eabi/6.3.1/../../../../arm-none-eabi/lib/thumb/v7e-m/fpv4-sp/softfp/libcr_c.a(_deferredlazyseek.o)
 .ARM.attributes
                0x00000000000006e0       0x37 /usr/local/mcuxpressoide-10.1.0_589/ide/tools/bin/../lib/gcc/arm-none-eabi/6.3.1/../../../../arm-none-eabi/lib/thumb/v7e-m/fpv4-sp/softfp/libcr_c.a(_fdopen.o)
 .ARM.attributes
                0x0000000000000717       0x37 /usr/local/mcuxpressoide-10.1.0_589/ide/tools/bin/../lib/gcc/arm-none-eabi/6.3.1/../../../../arm-none-eabi/lib/thumb/v7e-m/fpv4-sp/softfp/libcr_c.a(_fflush.o)
 .ARM.attributes
                0x000000000000074e       0x37 /usr/local/mcuxpressoide-10.1.0_589/ide/tools/bin/../lib/gcc/arm-none-eabi/6.3.1/../../../../arm-none-eabi/lib/thumb/v7e-m/fpv4-sp/softfp/libcr_c.a(_frexpl.o)
 .ARM.attributes
                0x0000000000000785       0x37 /usr/local/mcuxpressoide-10.1.0_589/ide/tools/bin/../lib/gcc/arm-none-eabi/6.3.1/../../../../arm-none-eabi/lib/thumb/v7e-m/fpv4-sp/softfp/libcr_c.a(_ldexpl.o)
 .ARM.attributes
                0x00000000000007bc       0x37 /usr/local/mcuxpressoide-10.1.0_589/ide/tools/bin/../lib/gcc/arm-none-eabi/6.3.1/../../../../arm-none-eabi/lib/thumb/v7e-m/fpv4-sp/softfp/libcr_c.a(_writebuf.o)
 .ARM.attributes
                0x00000000000007f3       0x37 /usr/local/mcuxpressoide-10.1.0_589/ide/tools/bin/../lib/gcc/arm-none-eabi/6.3.1/../../../../arm-none-eabi/lib/thumb/v7e-m/fpv4-sp/softfp/libcr_c.a(errno.o)
 .ARM.attributes
                0x000000000000082a       0x37 /usr/local/mcuxpressoide-10.1.0_589/ide/tools/bin/../lib/gcc/arm-none-eabi/6.3.1/../../../../arm-none-eabi/lib/thumb/v7e-m/fpv4-sp/softfp/libcr_c.a(fclose.o)
 .ARM.attributes
                0x0000000000000861       0x37 /usr/local/mcuxpressoide-10.1.0_589/ide/tools/bin/../lib/gcc/arm-none-eabi/6.3.1/../../../../arm-none-eabi/lib/thumb/v7e-m/fpv4-sp/softfp/libcr_c.a(fflush.o)
 .ARM.attributes
                0x0000000000000898       0x37 /usr/local/mcuxpressoide-10.1.0_589/ide/tools/bin/../lib/gcc/arm-none-eabi/6.3.1/../../../../arm-none-eabi/lib/thumb/v7e-m/fpv4-sp/softfp/libcr_c.a(fseek.o)
 .ARM.attributes
                0x00000000000008cf       0x37 /usr/local/mcuxpressoide-10.1.0_589/ide/tools/bin/../lib/gcc/arm-none-eabi/6.3.1/../../../../arm-none-eabi/lib/thumb/v7e-m/fpv4-sp/softfp/libcr_c.a(ftell.o)
 .ARM.attributes
                0x0000000000000906       0x37 /usr/local/mcuxpressoide-10.1.0_589/ide/tools/bin/../lib/gcc/arm-none-eabi/6.3.1/../../../../arm-none-eabi/lib/thumb/v7e-m/fpv4-sp/softfp/libcr_c.a(remove.o)
 .ARM.attributes